04-10 17:39:29.247  5302  7838 D AppSenseConfig: getIgnoreAppList: [com.android.launcher, com.android.contacts, com.oplus.wirelesssettings, com.coloros.alarmclock, com.coloros.calculator, com.coloros.calendar, com.coloros.phonemanager, com.android.settings, com.android.phone, com.oplus.nas, com.oplus.nhs, com.oplus.appdetail, com.android.permissioncontroller, com.oplus.pscanvas, com.oplus.autotest.test.ctp, com.android.systemui, com.android.systemui.overlay.fingerprint.anim.fy, com.android.systemui.overlay.fingerprint.anim.qy, com.android.systemui.overlay.fingerprint.anim.sw, com.android.systemui.overlay.fingerprint.anim.xw, com.android.systemui.overlay.fingerprint.anim.ccyh, com.android.systemui.overlay.fingerprint.anim.halo, com.android.systemui.overlay.fingerprint.anim.jslz, com.android.systemui.overlay.fingerprint.anim.none, com.android.systemui.overlay.fingerprint.anim.xklc]
04-10 17:39:29.247  5302  7838 D AppSenseConfig: getIgnoreAppList: [com.android.launcher, com.android.contacts, com.oplus.wirelesssettings, com.coloros.alarmclock, com.coloros.calculator, com.coloros.calendar, com.coloros.phonemanager, com.android.settings, com.android.phone, com.oplus.nas, com.oplus.nhs, com.oplus.appdetail, com.android.permissioncontroller, com.oplus.pscanvas, com.oplus.autotest.test.ctp, com.android.systemui, com.android.systemui.overlay.fingerprint.anim.fy, com.android.systemui.overlay.fingerprint.anim.qy, com.android.systemui.overlay.fingerprint.anim.sw, com.android.systemui.overlay.fingerprint.anim.xw, com.android.systemui.overlay.fingerprint.anim.ccyh, com.android.systemui.overlay.fingerprint.anim.halo, com.android.systemui.overlay.fingerprint.anim.jslz, com.android.systemui.overlay.fingerprint.anim.none, com.android.systemui.overlay.fingerprint.anim.xklc]
04-10 17:39:29.247  5302  7838 D AppSenseConfig: getIgnoreAppList: [com.android.launcher, com.android.contacts, com.oplus.wirelesssettings, com.coloros.alarmclock, com.coloros.calculator, com.coloros.calendar, com.coloros.phonemanager, com.android.settings, com.android.phone, com.oplus.nas, com.oplus.nhs, com.oplus.appdetail, com.android.permissioncontroller, com.oplus.pscanvas, com.oplus.autotest.test.ctp, com.android.systemui, com.android.systemui.overlay.fingerprint.anim.fy, com.android.systemui.overlay.fingerprint.anim.qy, com.android.systemui.overlay.fingerprint.anim.sw, com.android.systemui.overlay.fingerprint.anim.xw, com.android.systemui.overlay.fingerprint.anim.ccyh, com.android.systemui.overlay.fingerprint.anim.halo, com.android.systemui.overlay.fingerprint.anim.jslz, com.android.systemui.overlay.fingerprint.anim.none, com.android.systemui.overlay.fingerprint.anim.xklc]
04-10 17:39:29.247  5302  7838 D ActivityAdapter: taskChange: pre: 0, cur: 1, changed:true
04-10 17:39:29.247  5302  7838 D ActivityAdapter: notifyActivityQuery: [cn.com.omnimind.bot.debug; cn.com.omnimind.bot.activity.LauncherActivity; 1; COMMON; 10513]
04-10 17:39:29.247  5302  7838 D OPlusFrontAppManager: useAdapterResult, pkg=cn.com.omnimind.bot.debug,activity=cn.com.omnimind.bot.activity.LauncherActivity,result=true
04-10 17:39:29.247  5302  7838 D OPlusFrontAppManager: decide -->> [cn.com.omnimind.bot.debug; cn.com.omnimind.bot.activity.LauncherActivity; 1; COMMON; 10513]
04-10 17:39:29.247  5302  7838 D ConferenceScene: pkg:cn.com.omnimind.bot.debug, activity:cn.com.omnimind.bot.activity.LauncherActivity, appSense:COMMON
04-10 17:39:29.247  5302  7838 D NetworkUtils: list1 size 1,list2 size0
04-10 17:39:29.248  5302  5302 D AtomDataLinkInfo: receive msg:1006
04-10 17:39:29.248  5302  5302 D AtomDataLinkInfo: onFrontAppUpdate, appInfoUnits:[{pkgName:cn.com.omnimind.bot.debug,activityName:,winMode:1,event:COMMON,type:0,subEvent:0,pid:7128,uid:10513}]
04-10 17:39:29.248  5302  5302 D SceneService: handleMessage what:1004
04-10 17:39:29.248  5302  5302 D SceneService: notifyAppSceneChanged original mode:{live:0,video:0,voice call:0,video call:0,live host:0,game:0,meeting:0,news:0,file transfer:0},appInfoUnit:[{pkgName:cn.com.omnimind.bot.debug,activityName:,winMode:1,event:COMMON,type:0,subEvent:0,pid:7128,uid:10513}]
04-10 17:39:29.248  5302  7818 D Subsys-ScoreAppManager: handleMessage what:2
04-10 17:39:29.248  5302  7818 D Subsys-ScoreAppManager: EVENT_ID_APP_SENSE_CHANGE  onFrontActivityChanged
04-10 17:39:29.248  5302  7818 D Subsys-ScoreAppManager: appSceneChange fgAppUnits size 1 fgAppUnits [{pkgName:cn.com.omnimind.bot.debug,activityName:,winMode:1,event:COMMON,type:0,subEvent:0,pid:7128,uid:10513}] mLastNetworkList[334, 336]
04-10 17:39:29.248  5302  7818 D Subsys-ScoreAppManager: createApp
04-10 17:39:29.248  5302  7818 D CommonApp-334-10513: init22
04-10 17:39:29.248  5302  5302 D AtomHighLoadSenseInfo: handleMessage what:1000
04-10 17:39:29.248  5302  5302 D AtomHighLoadSenseInfo: handleAppSenseChanged original mode:{live:0,video:0,voice call:0,video call:0,live host:0,meeting:0}
04-10 17:39:29.248  5302  5302 D AtomHighLoadSenseInfo: handleAppSenseChanged appInfoUnit:{pkgName:cn.com.omnimind.bot.debug,activityName:,winMode:1,event:COMMON,type:0,subEvent:0,pid:7128,uid:10513}
04-10 17:39:29.248  5302  5302 D AtomNetworkScoreInfo: handleMessage: 1006
04-10 17:39:29.248  5302  5302 D AtomNetworkScoreInfo: top app size: 1
04-10 17:39:29.248  5302  5302 D AtomNetworkScoreInfo: Front app state: 1
04-10 17:39:29.248  5302  5302 D FrontAppsEvent: receive msg:1001
04-10 17:39:29.248  5302  5302 D FrontAppsEvent: onAppSceneUpdate, infoList:[{pkgName:cn.com.omnimind.bot.debug,activityName:,winMode:1,event:COMMON,type:0,subEvent:0,pid:7128,uid:10513}]
04-10 17:39:29.248  5302  5302 D AtomModemKpiInfo: handleMessage what:1000
04-10 17:39:29.248  3465  3622 D AppSenseClient: handleMessage: 100
04-10 17:39:29.248  3465  3622 D AppSenseClient: handleSenseEvent appInfoUnits: {pkgName:cn.com.omnimind.bot.debug,activityName:cn.com.omnimind.bot.activity.LauncherActivity,winMode:1,event:COMMON,type:0,subEvent:0,pid:7128,uid:10513},
04-10 17:39:29.248  3465  3622 D AppSenseClient: handleSenseEvent clients: 1
04-10 17:39:29.248  3465  3622 D AppSenseClient: handleSenseEvent clientId: 226872251
04-10 17:39:29.248  5302  7838 D AppSenseService: notifySenseEvent: {pkgName:cn.com.omnimind.bot.debug,activityName:cn.com.omnimind.bot.activity.LauncherActivity,winMode:1,event:COMMON,type:0,subEvent:0,pid:7128,uid:10513},
04-10 17:39:29.248  3465  3622 D AppSenseClient: notifyAppEvent: pkgName: cn.com.omnimind.bot.debug,activityName:cn.com.omnimind.bot.activity.LauncherActivity;state: 1;event: COMMON;type: 0;subEvent: 0;pid: 7128;uid: 10513
04-10 17:39:29.248  3465  3622 D AppSenseClient: notifyAppChanges: [{pkgName:cn.com.omnimind.bot.debug,activityName:cn.com.omnimind.bot.activity.LauncherActivity,winMode:1,event:COMMON,type:0,subEvent:0,pid:7128,uid:10513}]
04-10 17:39:29.248  5191  5191 D AppSenseClient: handleMessage: 100
04-10 17:39:29.248  5191  5191 D AppSenseClient: handleSenseEvent appInfoUnits: {pkgName:cn.com.omnimind.bot.debug,activityName:cn.com.omnimind.bot.activity.LauncherActivity,winMode:1,event:COMMON,type:0,subEvent:0,pid:7128,uid:10513},
04-10 17:39:29.248  5302  7110 D CellMap/QoeMapService: handleAppSceneChange: [{pkgName:cn.com.omnimind.bot.debug,activityName:,winMode:1,event:COMMON,type:0,subEvent:0,pid:7128,uid:10513}]
04-10 17:39:29.248  5191  5191 D AppSenseClient: handleSenseEvent clients: 1
04-10 17:39:29.248  5159  5660 D AppSenseClient: handleMessage: 100
04-10 17:39:29.249  5302  7110 D CellMap/QoeMapService: handleAppSceneChange update: 0
04-10 17:39:29.249  5302  7110 D CellMap/GameLatencyMapService: handleAppSceneChange: [{pkgName:cn.com.omnimind.bot.debug,activityName:,winMode:1,event:COMMON,type:0,subEvent:0,pid:7128,uid:10513}]
04-10 17:39:29.249  5159  5660 D AppSenseClient: handleSenseEvent appInfoUnits: {pkgName:cn.com.omnimind.bot.debug,activityName:cn.com.omnimind.bot.activity.LauncherActivity,winMode:1,event:COMMON,type:0,subEvent:0,pid:7128,uid:10513},
04-10 17:39:29.249  5191  5191 D AppSenseClient: handleSenseEvent clientId: 142326871
04-10 17:39:29.249  5159  5660 D AppSenseClient: handleSenseEvent clients: 1
04-10 17:39:29.249  5159  5660 D AppSenseClient: handleSenseEvent clientId: 130346059
04-10 17:39:29.249  5191  5191 D AppSenseClient: notifyAppEvent: pkgName: cn.com.omnimind.bot.debug,activityName:cn.com.omnimind.bot.activity.LauncherActivity;state: 1;event: COMMON;type: 0;subEvent: 0;pid: 7128;uid: 10513
04-10 17:39:29.249  5159  5660 D AppSenseClient: notifyAppEvent: pkgName: cn.com.omnimind.bot.debug,activityName:cn.com.omnimind.bot.activity.LauncherActivity;state: 1;event: COMMON;type: 0;subEvent: 0;pid: 7128;uid: 10513
04-10 17:39:29.249  5191  5191 D AppSenseClient: notifyAppChanges: [{pkgName:cn.com.omnimind.bot.debug,activityName:cn.com.omnimind.bot.activity.LauncherActivity,winMode:1,event:COMMON,type:0,subEvent:0,pid:7128,uid:10513}]
04-10 17:39:29.249  5159  5660 D AppSenseClient: notifyAppChanges: [{pkgName:cn.com.omnimind.bot.debug,activityName:cn.com.omnimind.bot.activity.LauncherActivity,winMode:1,event:COMMON,type:0,subEvent:0,pid:7128,uid:10513}]
04-10 17:39:29.249  5159  5660 D NAS-DataSceneEvent: onAppEvent enter
04-10 17:39:29.249  5159  5660 D NAS-DataSceneEvent: new event: event=0, state=1, pkg=cn.com.omnimind.bot.debug, type=0, subEvent=0
04-10 17:39:29.249  5159  5660 D NAS-DataSceneEvent: onAppChanged, app list size: 1
04-10 17:39:29.249  5159  5660 D NAS-DataSceneEvent: updateAppSenseChange [{pkgName:cn.com.omnimind.bot.debug,activityName:cn.com.omnimind.bot.activity.LauncherActivity,winMode:1,event:COMMON,type:0,subEvent:0,pid:7128,uid:10513}]
04-10 17:39:29.249  5302  7818 D NetworkService[0]: getIfIndexByNetid netId:334,ifName:wlan0,ifIndex:27
04-10 17:39:29.249  5302  7818 D NetworkService[0]: getIfIndexByNetid netId:334,ifName:wlan0,ifIndex:27
04-10 17:39:29.249  5191  5191 D NhsAppSenseListener: onAppEvent enter
04-10 17:39:29.249  5191  5191 D NhsAppSenseListener: new event: event=0, state=1, pkg=cn.com.omnimind.bot.debug, type=0, subEvent=0
04-10 17:39:29.249  5302  7818 D CommonApp-334-10513: BaseApp init, mNetId 334 mIfIndex 27 network 334
04-10 17:39:29.249  5191  5191 D NhsAppSenseListener: onAppChanged, app list size: 1
04-10 17:39:29.249  5112  5725 D AppSenseClient: handleMessage: 100
04-10 17:39:29.249  5112  5139 E PhoneInterfaceManager: getServiceStateForSlot retuning null for invalid slotIndex=-1
04-10 17:39:29.249  5112  5725 D AppSenseClient: handleSenseEvent appInfoUnits: {pkgName:cn.com.omnimind.bot.debug,activityName:cn.com.omnimind.bot.activity.LauncherActivity,winMode:1,event:COMMON,type:0,subEvent:0,pid:7128,uid:10513},
04-10 17:39:29.249  5112  5725 D AppSenseClient: handleSenseEvent clients: 1
04-10 17:39:29.249  5112  5725 D AppSenseClient: handleSenseEvent clientId: 114554064
04-10 17:39:29.249  5112  5725 D AppSenseClient: notifyAppEvent: pkgName: cn.com.omnimind.bot.debug,activityName:cn.com.omnimind.bot.activity.LauncherActivity;state: 1;event: COMMON;type: 0;subEvent: 0;pid: 7128;uid: 10513
04-10 17:39:29.249  5302  7818 D CommonApp-334-10513: choiceScoreWay
04-10 17:39:29.249  5302  7818 D CommonApp-334-10513: useTraditionalScore
04-10 17:39:29.249  5112  5725 D AppSenseClient: notifyAppChanges: [{pkgName:cn.com.omnimind.bot.debug,activityName:cn.com.omnimind.bot.activity.LauncherActivity,winMode:1,event:COMMON,type:0,subEvent:0,pid:7128,uid:10513}]
04-10 17:39:29.249  5302  7818 D CommonApp-334-10513: initState
04-10 17:39:29.249  5302  7818 D CommonApp-334-10513: createScenarios
04-10 17:39:29.249  5302  7818 D CommonApp-334-10513: init end
04-10 17:39:29.249  5302  7818 D Subsys-ScoreAppManager: createApp
04-10 17:39:29.249  5302  7818 D CommonApp-336-10513: init22
04-10 17:39:29.249  5302  7818 D NetworkService[0]: getIfIndexByNetid netId:336,ifName:rmnet_data1,ifIndex:21
04-10 17:39:29.249  5302  7818 D NetworkService[0]: getIfIndexByNetid netId:336,ifName:rmnet_data1,ifIndex:21
04-10 17:39:29.249  5302  7818 D CommonApp-336-10513: BaseApp init, mNetId 336 mIfIndex 21 network 336
04-10 17:39:29.249  5302  7818 D CommonApp-336-10513: network 336 capability [ Transports: CELLULAR Capabilities: SUPL&IA&XCAP&INTERNET&NOT_RESTRICTED&TRUSTED&NOT_VPN&VALIDATED&NOT_ROAMING&FOREGROUND&NOT_CONGESTED&NOT_SUSPENDED&NOT_VCN_MANAGED&NOT_BANDWIDTH_CONSTRAINED LinkUpBandwidth>=60000Kbps LinkDnBandwidth>=145000Kbps Specifier: <TelephonyNetworkSpecifier [mSubId = 1]> SubscriptionIds: {1} UnderlyingNetworks: Null] subId 1
04-10 17:39:29.251  5159  5924 D OplusLinkBoostSceneManager: handleAppSceneChange: live broadcast off
04-10 17:39:29.251  5302  7818 D CommonApp-336-10513: choiceScoreWay
04-10 17:39:29.251  5302  7818 D CommonApp-336-10513: useTraditionalScore
04-10 17:39:29.251  5302  7818 D CommonApp-336-10513: initState
04-10 17:39:29.251  5302  7818 D CommonApp-336-10513: createScenarios
04-10 17:39:29.251  5302  7818 D CommonApp-336-10513: init end
04-10 17:39:29.251  5302  7818 D Subsys-ScoreAppManager: unit: {pkgName:cn.com.omnimind.bot.debug,activityName:,winMode:1,event:COMMON,type:0,subEvent:0,pid:7128,uid:10513}
04-10 17:39:29.251  5302  7818 D CommonApp-336-10513: CommonState enter
04-10 17:39:29.251  5302  7818 D CommonApp-334-10513: CommonState enter
04-10 17:39:29.251  5302  7818 D CommonApp-334-10513: DefaultState EVENT_INIT_STATE_COMPLETE
04-10 17:39:29.251  5302  7818 D CommonApp-334-10513: startDataCollection
04-10 17:39:29.251  5302  7818 D CommonApp-334-10513: current network isn't cellular,not need enable modem report
04-10 17:39:29.251  5302  7818 D NetlinkUtils: sendToKernel byteBuffer:java.nio.HeapByteBuffer[pos=32 lim=32 cap=32],nlmsg_pid:5302,nlmsg_type:42,cmdType:1,type:9,nla_len:12
04-10 17:39:29.251  1789 11211 I sensors-hal: handle_oplus_wise_rgb_event:189, high_pwm_light:lux 119.6,cct 5433.7,brl/algo/ir 2215.0/2.0/42.6,pwm/dc 1.0/0.0,rgbc 4343.432617/3906.312988/1782.895508/9245.483398,ts 606544676405712,cnt 50099,flag 0
04-10 17:39:29.251  5302  7818 D NetlinkUtils: sendTransportScoreInfo result:true
04-10 17:39:29.251  5302  7818 D Subsys-ScoreAppManager: handleMessage what:40
04-10 17:39:29.251  5302  7818 D Subsys-ScoreAppManager: EVENT_SCORE_STATE_INFOtrue
04-10 17:39:29.251  5159  6963 E OplusNetlinkConnect: parse rsp msg failed!Message missing required fields: header
04-10 17:39:29.251  5302  7818 D CommonApp-336-10513: DefaultState EVENT_INIT_STATE_COMPLETE
04-10 17:39:29.251  5302  7818 D CommonApp-336-10513: startDataCollection
04-10 17:39:29.251  5302  7818 D CommonApp-336-10513: current network is cellular
04-10 17:39:29.251  5302  7818 D STS-ModemDataCollection-1: ModemDataCollection, mSlotId = 0
04-10 17:39:29.251  5302  7818 D RadioProxyJ[0]: [14663]> setQosConfig enabled:1 config:[1]
04-10 17:39:29.251  5302  7818 D NetworkService[0]: registerEventRegistrants eventId:25,what:43,obj:null,messenger:null,handler:Handler (com.oplus.sense.netscore.n0) {4e99e74}
04-10 17:39:29.251  5302  7818 D ModemStuckAnalyse1: ModemStuckAnalyse, mSlotId = 0
04-10 17:39:29.251  5302  7818 D ScorePolicyManager: handleMessage: SCORE_STATE_CHANGEtrue
04-10 17:39:29.256  2576  2699 D QmiVsClient: setQosConfig - enter
04-10 17:39:29.256  2576  2699 E QmiVsClient: sendAsyncRequest QMI_VS_SET_QOS_CONFIG_REQ_MSG_V01 ret 0
04-10 17:39:29.257  2576  2699 D VsProxy : handleMessage msg is 4001
04-10 17:39:29.257  2576  2699 D RadioProxy: setQosConfig : response cb for instance 0
04-10 17:39:29.257  5302 22278 D RadioProxyJ[0]: [14663]< setQosConfigResponse 
04-10 17:39:29.273  5324  5324 E SideSlipGesturesGuideHelper[u0]: canShowSwipeUpGuide launcher is null
04-10 17:39:29.273  5324  5324 D b/223498680: LRV onStateTransitionComplete finalState=Overview; isSpringAnimToRecent=false; isRecentAnimateDragging=false; isInterceptSomeUIUpdate=false; isLauncherBehindOrientation=; isInGoRecentsAnim=false; isLastOverView=false; isDeskGoRecentsAnim=false
04-10 17:39:29.273  5324  5324 D b/223498680: LRV onStateTransitionComplete setFreezeVisibility=false, finalState=Overview
04-10 17:39:29.274  5324  5462 I ImeTracker: com.android.launcher:5f1ff094: onRequestHide at ORIGIN_CLIENT reason HIDE_SOFT_INPUT fromUser false
04-10 17:39:29.275  5324  5324 I [UAH_CLIENT]: UahRelease, handle:97843
04-10 17:39:29.282  5324  5324 D InsetsController: hide(ime(), fromIme=false)
04-10 17:39:29.282  5324  5324 I ImeTracker: com.android.launcher:5f1ff094: onCancelled at PHASE_CLIENT_ALREADY_HIDDEN
04-10 17:39:29.298  3465  3746 I OsenseKillAction: KillAction: skip reason: non-low-mem-req, req_id=-1, enable=false, scene=null, type=external_clear, cchOnly=false, appcare=0, bloM=false, bloP=false
04-10 17:39:29.298 30748 30780 I AstScreen.WatchOverlayProxy: closeAlphaOverlay 
04-10 17:39:29.299  5324  5324 D InsetsController: hide(ime(), fromIme=false)
04-10 17:39:29.299 30778  7278 I AstScreen.AssistantScreen.OverLayEvent: closeAlphaOverlay
04-10 17:39:29.299  5324  5324 I ImeTracker: com.android.launcher:b0e37e48: onRequestHide at ORIGIN_CLIENT reason HIDE_SOFT_INPUT_BY_INSETS_API fromUser false
04-10 17:39:29.299  5324  5324 I ImeTracker: com.android.launcher:b0e37e48: onCancelled at PHASE_CLIENT_ALREADY_HIDDEN
04-10 17:39:29.299 30778 30778 I AstScreen.AssistantScreen.EventProcessor: closeAlphaOverlay
04-10 17:39:29.299 30778 30778 I AstScreen.WindowContent.ScrollEvent: exitToLauncher anim:false
04-10 17:39:29.299 30778 30778 I AstScreen.WindowContent.ExitMove: exitToLauncher has exited
04-10 17:39:29.300  5324  5324 I GCP.CarouselBlurBackgroundView:  playAnimation AnimAction AnimAction(target=BACKGROUND, action=OUT, duration=550, interpolator=com.coui.appcompat.animation.COUIMoveEaseInterpolator@da841a7)[gcSdk:v1.3.100-ceef8c0,gcPlugin:v16.50.20-0e1548a4] [OplusLauncher|com.android.launcher|2.0.38-16273c1]
04-10 17:39:29.300  5324  5324 D b/223498680: BaseRecentsViewStateController setStateWithAnimation state=Normal, config.skipOverview=false
04-10 17:39:29.301  3465  5562 I StatusBarManagerService: disableLocked, what:0, pkg:com.android.launcher userId: 0 token:android.os.BinderProxy@179a96c net1:0 net2:0
04-10 17:39:29.301  3465  5704 D ActivityTaskManager: Skipping, invisible task: Task{21031cd #5 type=undefined I=com.android.launcher/.Launcher}
04-10 17:39:29.301  3465  5704 D ActivityTaskManager: after skip size:1,pre-Filtered:cn.com.omnimind.bot.debug # 
04-10 17:39:29.301  5324  5324 I GCP.GroupCardWrapper[1775412755538]:  setRefreshable, refreshable: true[gcSdk:v1.3.100-ceef8c0,gcPlugin:v16.50.20-0e1548a4]
04-10 17:39:29.301  5324  5324 I GCP.SceneViewManager[1775412755538]:  setInternalRefresh:true[gcSdk:v1.3.100-ceef8c0,gcPlugin:v16.50.20-0e1548a4]
04-10 17:39:29.301  5324  5324 I PantaCard.Lnch.SeedlingSdkInterface:  notifyInterruptLoadingCard，enableInterrupt = false[sdk:v1.3.100-ceef8c0,seed-plugin:v16.50.21-0204b9a9,app:v16.4.13]
04-10 17:39:29.301  5324  5324 I GCP.GroupChildCardWrapper[210000000_210000000][100281&1888747531&3]:  needUsePreload currentState:STATE_LOAD_SUCCESS[gcSdk:v1.3.100-ceef8c0,gcPlugin:v16.50.20-0e1548a4]
04-10 17:39:29.301  5324  5324 D GCPLog  : isDebugOrOapm umsBuildType: release
04-10 17:39:29.301  5324  5324 I GCP.GroupChildCardWrapper[210000000_210000000][100281&1888747531&3]:  needIgnoreRefreshable, isPreload: false, firstSuccess: false[gcSdk:v1.3.100-ceef8c0,gcPlugin:v16.50.20-0e1548a4]
04-10 17:39:29.301  5324  5324 I PantaCard.Lnch.InstantCard:  100281&1888747531&3_sid=536877097_rk=731edd,setAllowCardRefreshable refreshable:true[sdk:v1.3.100-ceef8c0,seed-plugin:v16.50.21-0204b9a9,app:v16.4.13]
04-10 17:39:29.301  3465  5704 I Athena  : SwipeUpClearAction: stop type is 2
04-10 17:39:29.301  5324  5324 D CardView: 0xb96925c com.oppoopen.apptipcard setRefreshable true , completeRequestLayout false , completeRefresh false 
04-10 17:39:29.301  3465  3746 D OplusWallpaperAnimationManager: cancelSurfaceAnimation reason: play_animation, isAnimating: false, by window: Window{480d489 u0 com.android.launcher/com.android.launcher.Launcher}
04-10 17:39:29.302  3465  3746 D OplusWallpaperAnimationManager: startScaleAnimation frame: Rect(0, 0 - 1080, 2376) parentFrame: Rect(0, 0 - 1080, 2376) from: 1.2 to: 1.0 duration: 1000 mTargetZoom: -1.0 targetZoom: -1.0 by window: Window{480d489 u0 com.android.launcher/com.android.launcher.Launcher}
04-10 17:39:29.302  5324  5324 I GCP.GroupChildCardWrapper[210000000_210000000][100620&1888747521&3]:  needUsePreload currentState:STATE_LOAD_SUCCESS[gcSdk:v1.3.100-ceef8c0,gcPlugin:v16.50.20-0e1548a4]
04-10 17:39:29.302  5324  5324 D GCPLog  : isDebugOrOapm umsBuildType: release
04-10 17:39:29.302  5324  5324 I GCP.GroupChildCardWrapper[210000000_210000000][100620&1888747521&3]:  needIgnoreRefreshable, isPreload: false, firstSuccess: false[gcSdk:v1.3.100-ceef8c0,gcPlugin:v16.50.20-0e1548a4]
04-10 17:39:29.302  5324  5324 I PantaCard.Lnch.InstantCard:  100620&1888747521&3_sid=536878576_rk=2edab9,setAllowCardRefreshable refreshable:true[sdk:v1.3.100-ceef8c0,seed-plugin:v16.50.21-0204b9a9,app:v16.4.13]
04-10 17:39:29.302  5324  5324 D CardView: 0x63236ef me.oppoer.usop.operationlite.card setRefreshable true , completeRequestLayout false , completeRefresh false 
04-10 17:39:29.302  5324 28846 D CardView: refreshable postAtFrontOfQueue
04-10 17:39:29.302  5324  5324 I GCP.GroupChildCardWrapper[240000000_240000000][222220085&1888747527&3]:  needUsePreload currentState:STATE_LOAD_SUCCESS[gcSdk:v1.3.100-ceef8c0,gcPlugin:v16.50.20-0e1548a4]
04-10 17:39:29.302  5324  5324 D GCPLog  : isDebugOrOapm umsBuildType: release
04-10 17:39:29.302  3465  5704 I FlexibleTaskController: destroyFlexibleTaskSurface() called with: transaction = [Task{47f7aaa #2517 type=standard A=10513:cn.com.omnimind.bot.debug}], reason = [RemoveTask]
04-10 17:39:29.302  5324  5324 I GCP.GroupChildCardWrapper[240000000_240000000][222220085&1888747527&3]:  needIgnoreRefreshable, isPreload: false, firstSuccess: false[gcSdk:v1.3.100-ceef8c0,gcPlugin:v16.50.20-0e1548a4]
04-10 17:39:29.302  5324  5324 I PantaCard.Lnch.AppCardImpl:  222220085&1888747527&3_sid=268435462_rk=740844,setAllowCardRefreshable refreshable:true[sdk:v1.3.100-ceef8c0,seed-plugin:v16.50.21-0204b9a9,app:v16.4.13]
04-10 17:39:29.302  5324  5324 I PantaCard.Lnch.SmartEngineChecker:  222220085&1888747527&3_sid=268435462_rk=740844,getSmartApi...[sdk:v1.3.100-ceef8c0,seed-plugin:v16.50.21-0204b9a9,app:v16.4.13]
04-10 17:39:29.302  5324  5324 I GCP.GroupChildCardWrapper[240000000_240000000][77&1888747527&3]:  needUsePreload currentState:STATE_LOAD_SUCCESS[gcSdk:v1.3.100-ceef8c0,gcPlugin:v16.50.20-0e1548a4]
04-10 17:39:29.302  5324  5324 D GCPLog  : isDebugOrOapm umsBuildType: release
04-10 17:39:29.302  5324  5324 I GCP.GroupChildCardWrapper[240000000_240000000][77&1888747527&3]:  needIgnoreRefreshable, isPreload: false, firstSuccess: false[gcSdk:v1.3.100-ceef8c0,gcPlugin:v16.50.20-0e1548a4]
04-10 17:39:29.302  5324 24335 I PantaCard.Lnch.SmartEngine:  222220085&1888747527&3_sid=268435462_rk=740844,setAllowCardRefreshable refreshable=true,view=com.oplus.smartengine.widget.RootConstraintLayout{878f4f VFE...C.. ........ 0,0-438,438 #54 alpha=1.0 viewInfo = }[sdk:v1.3.100-ceef8c0,seed-plugin:v16.50.21-0204b9a9,app:v16.4.13]
04-10 17:39:29.302  5324  5324 I PantaCard.Lnch.AppCardImpl:  77&1888747527&3_sid=268455940_rk=ed7ea3,setAllowCardRefreshable refreshable:true[sdk:v1.3.100-ceef8c0,seed-plugin:v16.50.21-0204b9a9,app:v16.4.13]
04-10 17:39:29.302  5324  5324 I PantaCard.Lnch.SmartEngineChecker:  77&1888747527&3_sid=268455940_rk=ed7ea3,getSmartApi...[sdk:v1.3.100-ceef8c0,seed-plugin:v16.50.21-0204b9a9,app:v16.4.13]
04-10 17:39:29.302  5324 24335 D ViewApiDelegate: setAllowCardRefreshable ifAllowRefresh =true, view=com.oplus.smartengine.widget.RootConstraintLayout{878f4f VFE...C.. ........ 0,0-438,438 #54 alpha=1.0 viewInfo = }
04-10 17:39:29.302  5324 24335 D ViewApiDelegate: onVisible, view=com.oplus.smartengine.widget.RootConstraintLayout{878f4f VFE...C.. ........ 0,0-438,438 #54 alpha=1.0 viewInfo = }, isThemeCard=false, ifAllowCardRefresh=true
04-10 17:39:29.302  5324  5324 I PantaCard.Lnch.InstantCard:  10000307&1000001&1_sid=536878910_rk=bb81e2,setAllowCardRefreshable refreshable:true[sdk:v1.3.100-ceef8c0,seed-plugin:v16.50.21-0204b9a9,app:v16.4.13]
04-10 17:39:29.302  4821  4821 I SystemUi--QuickSettings: ShadeInteractorImpl-->isExpandToQsEnabled isShadeEnabled=true isDozing=false disableFlags=DisableFlagsModel(disable1=0, disable2=0, animate=true) isDeviceProvisioned=true isSimpleUserSwitcher=false isQuickSettingsEnabled=true isUserSetup=true isOplusQsEnabled=true
04-10 17:39:29.302  5324  5324 D CardView: 0x17e698d com.heytap.market.quickapp setRefreshable true , completeRequestLayout false , completeRefresh false 
04-10 17:39:29.302  4821  4821 I SystemUi--QuickSettings: OplusSeparateQSPluginImpl-->shouldHideStatusBar isFullyCollapsed true
04-10 17:39:29.302  5324 24335 I PantaCard.Lnch.SmartEngine:  77&1888747527&3_sid=268455940_rk=ed7ea3,setAllowCardRefreshable refreshable=true,view=com.oplus.smartengine.widget.RootConstraintLayout{4756fcd V.E...... ........ 0,0-438,438 #54 alpha=1.0 viewInfo = }[sdk:v1.3.100-ceef8c0,seed-plugin:v16.50.21-0204b9a9,app:v16.4.13]
04-10 17:39:29.302  5324 24335 D ViewApiDelegate: setAllowCardRefreshable ifAllowRefresh =true, view=com.oplus.smartengine.widget.RootConstraintLayout{4756fcd V.E...... ........ 0,0-438,438 #54 alpha=1.0 viewInfo = }
04-10 17:39:29.302  5324 24335 D ViewApiDelegate: onVisible, view=com.oplus.smartengine.widget.RootConstraintLayout{4756fcd V.E...... ........ 0,0-438,438 #54 alpha=1.0 viewInfo = }, isThemeCard=false, ifAllowCardRefresh=true
04-10 17:39:29.302  4821  4821 I SystemUi--Statusbar: CollapsedSbFragment-->New visibilities calculated internally. StatusBarVisibilityModel(showClock: true showNotificationIcons:true showPrimaryOngoingActivityChip:false showSecondaryOngoingActivityChip:false showSystemInfo:true ) 
04-10 17:39:29.302  4821  4821 I SystemUi--Statusbar: CollapsedStatusBarFragmentExImpl-->animate: true, unlockAnimationRunning: false, fadingAway: false, keyguard: false
04-10 17:39:29.302  3465  5704 D ActivityTaskManager: notifyTaskRemoved, task: Task{47f7aaa #2517 type=standard A=10513:cn.com.omnimind.bot.debug} trace:com.android.server.wm.RecentTasks.notifyTaskRemoved:566 com.android.server.wm.RecentTasks.remove:1512 com.android.server.wm.ActivityTaskSupervisor.cleanUpRemovedTask:2162 com.android.server.wm.ActivityTaskSupervisor.removeTask:2126 com.android.server.wm.ActivityTaskSupervisor.removeTask:2041 
04-10 17:39:29.303  3465  5704 D SnapshotCache: removeRunningEntry id: 2517, callers=com.android.server.wm.SnapshotCache.onIdRemoved:107 com.android.server.wm.TaskSnapshotController.removeAndDeleteSnapshot:398 com.android.server.wm.Task.removedFromRecents:1460 
04-10 17:39:29.303  5324  2470 D CardView: refreshable postAtFrontOfQueue
04-10 17:39:29.303  7128  7136 I imind.bot.debug: Compiler allocated 7246KB to compile void android.view.ViewRootImpl.performTraversals()
04-10 17:39:29.303  3465  3622 D ActivityManager: Async freezing 7128 cn.com.omnimind.bot.debug
04-10 17:39:29.303  4821  4821 I SystemUi--Statusbar: CollapsedStatusBarFragmentExImpl-->StatusBarVisibilityModelEx: StatusBarVisibilityModelEx(showClock: true showPromptView:false showPrimaryOngoingActivityChip:false showSecondaryOngoingActivityChip:false showNotificationContainer:true showOpName:true showSeedlingContainer:true ), animate: true
04-10 17:39:29.303  3465  5704 I Athena  : SwipeUpClearAction: remove task, taskId: 2517
04-10 17:39:29.303  3465  5704 E OplusAthenaAm: AthenaAmManagerInternal transact code hello:5,flags:0
04-10 17:39:29.303  5324  5324 I GCP.GroupCardWrapper[1775412755538]:  setRefreshable, refreshable: false[gcSdk:v1.3.100-ceef8c0,gcPlugin:v16.50.20-0e1548a4]
04-10 17:39:29.303  5324  5324 I GCP.SceneViewManager[1775412755538]:  setInternalRefresh:false[gcSdk:v1.3.100-ceef8c0,gcPlugin:v16.50.20-0e1548a4]
04-10 17:39:29.303  5324  5324 I PantaCard.Lnch.SeedlingSdkInterface:  notifyInterruptLoadingCard，enableInterrupt = true[sdk:v1.3.100-ceef8c0,seed-plugin:v16.50.21-0204b9a9,app:v16.4.13]
04-10 17:39:29.303  5324  5324 I GCP.GroupChildCardWrapper[210000000_210000000][100281&1888747531&3]:  needUsePreload currentState:STATE_LOAD_SUCCESS[gcSdk:v1.3.100-ceef8c0,gcPlugin:v16.50.20-0e1548a4]
04-10 17:39:29.303  5324  5324 D GCPLog  : isDebugOrOapm umsBuildType: release
04-10 17:39:29.303  4821  4821 I SystemUi--QuickSettings: OplusSeparateQSPluginImpl-->shouldHideStatusBar isFullyCollapsed true
04-10 17:39:29.303  5324  5324 I GCP.GroupChildCardWrapper[210000000_210000000][100281&1888747531&3]:  needIgnoreRefreshable, isPreload: false, firstSuccess: false[gcSdk:v1.3.100-ceef8c0,gcPlugin:v16.50.20-0e1548a4]
04-10 17:39:29.303  4821  4821 I SystemUi--Statusbar: CollapsedStatusBarFragmentExImpl-->showClockChanged: true lastModifiedVisibility.showClock: true previousModelEx.showClock: false statusBarFragment?.clockHiddenMode(): 8 clockView?.visibility: 8
04-10 17:39:29.303  5324  5324 I PantaCard.Lnch.InstantCard:  100281&1888747531&3_sid=536877097_rk=731edd,setAllowCardRefreshable refreshable:false[sdk:v1.3.100-ceef8c0,seed-plugin:v16.50.21-0204b9a9,app:v16.4.13]
04-10 17:39:29.303  5324  5324 D CardView: 0xb96925c com.oppoopen.apptipcard setRefreshable false , completeRequestLayout false , completeRefresh false 
04-10 17:39:29.303  5324  5324 I GCP.GroupChildCardWrapper[210000000_210000000][100620&1888747521&3]:  needUsePreload currentState:STATE_LOAD_SUCCESS[gcSdk:v1.3.100-ceef8c0,gcPlugin:v16.50.20-0e1548a4]
04-10 17:39:29.303  5324  5324 D GCPLog  : isDebugOrOapm umsBuildType: release
04-10 17:39:29.303  5324  5324 I GCP.GroupChildCardWrapper[210000000_210000000][100620&1888747521&3]:  needIgnoreRefreshable, isPreload: false, firstSuccess: false[gcSdk:v1.3.100-ceef8c0,gcPlugin:v16.50.20-0e1548a4]
04-10 17:39:29.303  5324  5324 I PantaCard.Lnch.InstantCard:  100620&1888747521&3_sid=536878576_rk=2edab9,setAllowCardRefreshable refreshable:false[sdk:v1.3.100-ceef8c0,seed-plugin:v16.50.21-0204b9a9,app:v16.4.13]
04-10 17:39:29.303  5324  5324 D CardView: 0x63236ef me.oppoer.usop.operationlite.card setRefreshable false , completeRequestLayout false , completeRefresh false 
04-10 17:39:29.303  5324  5324 I GCP.GroupChildCardWrapper[240000000_240000000][222220085&1888747527&3]:  needUsePreload currentState:STATE_LOAD_SUCCESS[gcSdk:v1.3.100-ceef8c0,gcPlugin:v16.50.20-0e1548a4]
04-10 17:39:29.303  5324  5324 D GCPLog  : isDebugOrOapm umsBuildType: release
04-10 17:39:29.303  5324  5324 I GCP.GroupChildCardWrapper[240000000_240000000][222220085&1888747527&3]:  needIgnoreRefreshable, isPreload: false, firstSuccess: false[gcSdk:v1.3.100-ceef8c0,gcPlugin:v16.50.20-0e1548a4]
04-10 17:39:29.303  5324  5324 I PantaCard.Lnch.AppCardImpl:  222220085&1888747527&3_sid=268435462_rk=740844,setAllowCardRefreshable refreshable:false[sdk:v1.3.100-ceef8c0,seed-plugin:v16.50.21-0204b9a9,app:v16.4.13]
04-10 17:39:29.303  5324  5324 I PantaCard.Lnch.SmartEngineChecker:  222220085&1888747527&3_sid=268435462_rk=740844,getSmartApi...[sdk:v1.3.100-ceef8c0,seed-plugin:v16.50.21-0204b9a9,app:v16.4.13]
04-10 17:39:29.303  5324  5324 I GCP.GroupChildCardWrapper[240000000_240000000][77&1888747527&3]:  needUsePreload currentState:STATE_LOAD_SUCCESS[gcSdk:v1.3.100-ceef8c0,gcPlugin:v16.50.20-0e1548a4]
04-10 17:39:29.303  5324  5324 D GCPLog  : isDebugOrOapm umsBuildType: release
04-10 17:39:29.303  5324  5324 I GCP.GroupChildCardWrapper[240000000_240000000][77&1888747527&3]:  needIgnoreRefreshable, isPreload: false, firstSuccess: false[gcSdk:v1.3.100-ceef8c0,gcPlugin:v16.50.20-0e1548a4]
04-10 17:39:29.303  5324  5324 I PantaCard.Lnch.AppCardImpl:  77&1888747527&3_sid=268455940_rk=ed7ea3,setAllowCardRefreshable refreshable:false[sdk:v1.3.100-ceef8c0,seed-plugin:v16.50.21-0204b9a9,app:v16.4.13]
04-10 17:39:29.303  5324  5324 I PantaCard.Lnch.SmartEngineChecker:  77&1888747527&3_sid=268455940_rk=ed7ea3,getSmartApi...[sdk:v1.3.100-ceef8c0,seed-plugin:v16.50.21-0204b9a9,app:v16.4.13]
04-10 17:39:29.303  5324  5324 I PantaCard.Lnch.InstantCard:  10000307&1000001&1_sid=536878910_rk=bb81e2,setAllowCardRefreshable refreshable:false[sdk:v1.3.100-ceef8c0,seed-plugin:v16.50.21-0204b9a9,app:v16.4.13]
04-10 17:39:29.303  5324  5324 D CardView: 0x17e698d com.heytap.market.quickapp setRefreshable false , completeRequestLayout false , completeRefresh false 
04-10 17:39:29.303  3465  3625 D OplusWallpaperSurfaceAnimation: setAnimationState curState: INITIALIZED
04-10 17:39:29.303  5324  5324 E [OPLUS_AFS_CONFIG]: Failed to open AFS config file: /proc/oplus_afs_config/afs_config
04-10 17:39:29.303  5324  5324 E AFS_CONFIG: Failed to get scene config
04-10 17:39:29.303  5324  5324 E OplusAfsManager: afsConfigSceneConfigGet sceneType is null
04-10 17:39:29.304  5324  5324 I [UAH_CLIENT]: UahEventAcquire, cmdid:84, pkg:none, identity:GpuBoost
04-10 17:39:29.304  3465  5704 I ActivityManager: Force stopping cn.com.omnimind.bot.debug appid=10513 user=0: o-stop(40)
04-10 17:39:29.304  3465  3625 D OplusWallpaperAnimationManager: onAnimationStart
04-10 17:39:29.304  5324 24335 I PantaCard.Lnch.SmartEngine:  222220085&1888747527&3_sid=268435462_rk=740844,setAllowCardRefreshable refreshable=false,view=com.oplus.smartengine.widget.RootConstraintLayout{878f4f VFE...C.. ........ 0,0-438,438 #54 alpha=1.0 viewInfo = }[sdk:v1.3.100-ceef8c0,seed-plugin:v16.50.21-0204b9a9,app:v16.4.13]
04-10 17:39:29.304  5324 24335 D ViewApiDelegate: setAllowCardRefreshable ifAllowRefresh =false, view=com.oplus.smartengine.widget.RootConstraintLayout{878f4f VFE...C.. ........ 0,0-438,438 #54 alpha=1.0 viewInfo = }
04-10 17:39:29.304  5324 24335 D ViewApiDelegate: onInVisible, view=com.oplus.smartengine.widget.RootConstraintLayout{878f4f VFE...C.. ........ 0,0-438,438 #54 alpha=1.0 viewInfo = }, isThemeCard=false
04-10 17:39:29.304  5324 24335 I PantaCard.Lnch.SmartEngine:  77&1888747527&3_sid=268455940_rk=ed7ea3,setAllowCardRefreshable refreshable=false,view=com.oplus.smartengine.widget.RootConstraintLayout{4756fcd V.E...... ........ 0,0-438,438 #54 alpha=1.0 viewInfo = }[sdk:v1.3.100-ceef8c0,seed-plugin:v16.50.21-0204b9a9,app:v16.4.13]
04-10 17:39:29.304  5324 24335 D ViewApiDelegate: setAllowCardRefreshable ifAllowRefresh =false, view=com.oplus.smartengine.widget.RootConstraintLayout{4756fcd V.E...... ........ 0,0-438,438 #54 alpha=1.0 viewInfo = }
04-10 17:39:29.304  3465  3625 D OplusWallpaperAnimationManager: setSkipUpdateWallpaperPosition skip: true, wallpaper: Window{7b961b6 u0 com.android.wallpaper.livepicker.service.video.op.Op11Pro1VideoWallpaper}
04-10 17:39:29.304  5324 24335 D ViewApiDelegate: onInVisible, view=com.oplus.smartengine.widget.RootConstraintLayout{4756fcd V.E...... ........ 0,0-438,438 #54 alpha=1.0 viewInfo = }, isThemeCard=false
04-10 17:39:29.304  3465  3625 D OplusWallpaperSurfaceAnimation: setAnimationState curState: STARTED
04-10 17:39:29.305  3465  6447 I OStatsManager_Calc: add screen power pkgName = cn.com.omnimind.bot.debug, uid = 10513, power = 334.895389996469, is Fg = true, fore size = 2, mScale = 1.0
04-10 17:39:29.305  3465  6447 I OStatsManager_Calc: noteBeforePkgSwitch change = false, curTime = 606544735, cn.com.omnimind.bot.debug, fg = true
04-10 17:39:29.305  3465  6447 I OStatsManager_OplusBatteryStatsManager: updateStateTime: PkgName = cn.com.omnimind.bot.debug, uid = 10513, state to bg, mForegroundCnt = 0, isFg = false
04-10 17:39:29.305  3465  6447 I OStatsManager_OplusBatteryStatsManager: notePkgBackground [com.android.launcher10221], uid = 10513, pid = 7128, pkgName = cn.com.omnimind.bot.debug
04-10 17:39:29.305  5324  5324 D b/223498680: LRV onStateTransitionStart setFreezeVisibility=true, toState=Normal; isInterceptUIUpdate=false
04-10 17:39:29.306  3465  3637 I UserAwareMgr: process killed: {pkgName='cn.com.omnimind.bot.debug', serviceName='', procName=cn.com.omnimind.bot.debug, pid=7128, uid=10513, appId=0, owner='null', flags='bg', renderTid=7184, hwuiTids=[7200, 7203], glTids=null, threadInfos=null, mVideoActivityList=[], mStates=0}
04-10 17:39:29.306  3465  3637 I UserAwareMgr: handleProcessKilled, pkgName: cn.com.omnimind.bot.debug, pid: 7128
04-10 17:39:29.306  3465  5704 I ActivityManager: Killing 7128:cn.com.omnimind.bot.debug/u0a513 (adj 900): stop cn.com.omnimind.bot.debug due to o-stop(40)
04-10 17:39:29.306  1861  1861 E qspmHal : setAppInfoH atPid = 7128, gpuFname:cn.com.omnimind.bot.debug, gpuFver:10
04-10 17:39:29.306  5324  5462 V SystemSensorManagerExtImpl: unRegisterListener by android.view.OrientationEventListener$CompatSensorEventListenerImpl@6858e11
04-10 17:39:29.307  3465  3619 D SensorServiceExtImpl: notifyApplicationLaunchStage processName=cn.com.omnimind.bot.debug, uid=10513, pid=7128, stage=-1
04-10 17:39:29.307  5324  5324 D ClearCardEntity: onVisible() called with: view = com.oplus.phonemanager.cardview.optimize.ClearCardView{9aa7728 V.E...... ........ 0,0-438,438 #56 alpha=1.0 viewInfo = }
04-10 17:39:29.307  3465  5704 W ActivityTaskManager: Force removing ActivityRecord{91906055 u0 cn.com.omnimind.bot.debug/cn.com.omnimind.bot.activity.MainActivity t2517 f}}: app died, no saved state
04-10 17:39:29.307  5324  5324 D PhoneManager.AIOptimizeRocketEntity: [updateView] platformType: 1,, status：0 ,,isFiveMinutesLater: true predictCleanupMemory: 2987225088,,memoryInfoText: 11184492544 / 17179869184,,percent: 65,, oldPercent: 65,,optimizeSize：0
04-10 17:39:29.307  5324  5324 D PhoneManagerCard.AIOptimizeRocketView: [initLottieView]:displayDensityIndex = 0,displayIndex=0,isInit=true
04-10 17:39:29.307  5324  5324 D PhoneManagerCard.AIOptimizeRocketView: [initViewData]:predictCleanupMemory = 2987225088， isFiveMinutesLater = true
04-10 17:39:29.307  5324  5324 D ClearCardEntity: onInVisible() called with: view = com.oplus.phonemanager.cardview.optimize.ClearCardView{9aa7728 V.E...... ........ 0,0-438,438 #56 alpha=1.0 viewInfo = }
04-10 17:39:29.307  3465  5190 I OPM     : handleAppExit info: ApplicationExitInfo(timestamp=2026/4/10 17:39 pid=7128 realUid=10513 packageUid=10513 definingUid=10513 user=0 process=cn.com.omnimind.bot.debug reason=13 (OTHER KILLS BY SYSTEM) subreason=2040 (UNKNOWN) status=0 importance=400 pss=0.00 rss=0.00 description=stop cn.com.omnimind.bot.debug due to o-stop(40) state=empty trace=null
04-10 17:39:29.307  5324 28550 D CardView: refreshable postAtFrontOfQueue
04-10 17:39:29.307  3465  5704 D ActivityTaskManager: removeAppToken: ActivityRecord{91906055 u0 cn.com.omnimind.bot.debug/cn.com.omnimind.bot.activity.MainActivity t2517 f}} delayed=false parent=Task{47f7aaa #2517 type=standard A=10513:cn.com.omnimind.bot.debug} animating=false Callers=com.android.server.wm.DisplayContent.removeAppToken:1759 com.android.server.wm.ActivityRecord.removeFromHistory:4989 com.android.server.wm.ActivityRecord.handleAppDied:5348 com.android.server.wm.WindowProcessController.handleAppDied:1709 
04-10 17:39:29.307  5010  6605 V OsAgent : broadcastSystemEvent - 7
04-10 17:39:29.307  3465  5704 D ActivityTaskManager: removeStartingWindowAnimation starting ActivityRecord{91906055 u0 cn.com.omnimind.bot.debug/cn.com.omnimind.bot.activity.MainActivity t2517 f}} startingWindow=null ,startingView=com.android.server.wm.StartingSurfaceController$StartingSurface@6aa9103,Callers=com.android.server.wm.ActivityRecord.removeStartingWindow:3409 com.android.server.wm.ActivityRecord.onRemovedFromDisplay:5422 com.android.server.wm.DisplayContent.removeAppToken:1759 com.android.server.wm.ActivityRecord.removeFromHistory:4989 com.android.server.wm.ActivityRecord.handleAppDied:5348 
04-10 17:39:29.307  3465  5704 D OplusStartingWindowManager: interceptRemoveStartingWindow: packageName=cn.com.omnimind.bot.debug,  componentName=cn.com.omnimind.bot.debug/cn.com.omnimind.bot.activity.MainActivity, isSnapshot=false, startingSurfaceRunnable=null, isDrawCompleted=true, hasSurfaceView=false, inTransition=false
04-10 17:39:29.307  6590  9792 D MssPanelHelper: FOREGROUND_ACTIVITIES_CHANGED package: cn.com.omnimind.bot.debug hasForegroundActivities: 0
04-10 17:39:29.307  3465  5704 D OplusSplitScreenDnDUI: notifyRemoveStartingWindow isSpitScreenDrag = false mDropTargetSurface = null StartingWindowpkgName = cn.com.omnimind.bot.debug DragPkg = null isLauncherResume = true
04-10 17:39:29.308  3465  5704 D OplusStartingWindowManager: interceptRemoveStartingWindow: hasSplashWindowFlag() return false for activity=ActivityRecord{91906055 u0 cn.com.omnimind.bot.debug/cn.com.omnimind.bot.activity.MainActivity t2517 f}}
04-10 17:39:29.308  6590  9792 D OplusAtlas.OplusAudioScene: callback success event:atlas_event_on_foreground_activities_changed eventInfo:pid:7128,uid:10513,hasForegroundActivities:0
04-10 17:39:29.308  3465  5704 D TaskOrganizerController: TaskOrganizerController.removeStartingWindow: call wmshell to removeStartingWindow Task{47f7aaa #2517 type=standard A=10513:cn.com.omnimind.bot.debug}
04-10 17:39:29.308  4821  4985 E InputEventReceiver: channel '24b2212 Splash Screen cn.com.omnimind.bot.debug' ~ Publisher closed input channel or an error occurred. events=0x9
04-10 17:39:29.308  3465  5704 I WindowManager: Window{24b2212 u0 Splash Screen cn.com.omnimind.bot.debug} state from HAS_DRAWN to NO_SURFACE; reason: destroySurface
04-10 17:39:29.308  3465  4841 D OsenseCommonUtils: /dev/memcg/apps/uid_10513/memory.app_score not exist
04-10 17:39:29.309  2602  2793 D HoloAudio::SpecailizerPLService_Aidl: callClient:clientID:1 exist:1, event:18, isOneWay:0
04-10 17:39:29.309  3465  5190 I OPM     : handleUidGone uid: 10513, disabled: false
04-10 17:39:29.309  3465  3637 W UserAwareMgr: event can not be released, id: 5004, count: 2, releasePid: 3465
04-10 17:39:29.309  5159  5924 D OplusLinkBoostSceneManager: sceneStateUpdate: 5023,cn.com.omnimind.bot.debug,switch:[false, true, true, true]
04-10 17:39:29.309  5159  5924 D OplusLinkBoostGame: onSceneUpdated: 5023,cn.com.omnimind.bot.debug,switchOn: false
04-10 17:39:29.309  5159  5924 D OplusLinkBoostCommon: onSceneUpdated: 5023,cn.com.omnimind.bot.debug
04-10 17:39:29.309  2602  2793 D HoloAudio::SpecailizerPLService_Aidl: getMssEnable --- cn.com.omnimind.bot.debug[0]
04-10 17:39:29.309  5302  7838 D ActivityAdapter: ugc uid gone, uid=10513
04-10 17:39:29.309  3465  6447 I OStatsManager_OplusBatteryStatsManager: updateStateTime: PkgName = cn.com.omnimind.bot.debug, uid = 10513, state to em, mForegroundCnt = 0, isFg = false
04-10 17:39:29.309 30803 30996 I metis_v2_AppDiedObserver: shortcutAppDiedCallback, fenceKey = app_died_shortcut
04-10 17:39:29.311  3465  5623 W SensorService: SensorEventConnection sensor handle=11, package = android.view.OrientationEventListener disable
04-10 17:39:29.311  2039  2221 D AudioBoost: audioSchedBoost, pid=2039, tid=2221, enable=1, ret=0
04-10 17:39:29.311  3465  5623 D SensorService: SensorDevice::activate: ident=0xb400007b46ebec00, handle=0x0000000b, enabled=0, count=2
04-10 17:39:29.311  3465  5623 D SensorService: disable index=0
04-10 17:39:29.311  3465  5623 D SensorService: 	>>> actuating h/w batch 0x0000000b 200000000 2000000000
04-10 17:39:29.311  3465  5704 D QuickBackInputPolicy: hasMultiChildrenInTask: false
04-10 17:39:29.311  3465  5704 D WindowManager: NFW_findFocusedWindowIfNeeded:Window{480d489 u0 com.android.launcher/com.android.launcher.Launcher} mCurrentFocus:Window{480d489 u0 com.android.launcher/com.android.launcher.Launcher}
04-10 17:39:29.311  1789  1789 I sensors-hal: batch:166, android.sensor.accelerometer/11, period=200000000, max_latency=2000000000
04-10 17:39:29.311  2039  2221 D AudioFlingerExtImpl: AudioFlingerExtImpl oplusSetParameters: keyvalue onForegroundActivitiesChanged=cn.com.omnimind.bot.debug:foreground:0|10513:7128
04-10 17:39:29.311  1789  1789 I sensors-hal: send_sensor_config_request:505, resampler is used, set resampler config
04-10 17:39:29.311  2039  2221 D AudioFlingerExtImpl: updateForegroundInfo, mapInf mForegroundMap(0), uidPidMapInf mForegroundUidPidMap(0)
04-10 17:39:29.311  1789  1789 I sensors-hal: send_sync_sensor_request:445, send sync request
04-10 17:39:29.311  1789  1789 I sensors-hal: send_sync_sensor_request:455, send_sync_sensor_request before send_request for accel with SUID low=16722293198261467086 high=4777650670785151670
04-10 17:39:29.311  2039  2221 D AudioBoost: audioSchedBoost, pid=2039, tid=2221, enable=0, ret=0
04-10 17:39:29.311  1789  1789 I sensors-hal: send_sync_sensor_request:475, wait for notification of response
04-10 17:39:29.311  3465  5704 I WindowManager: Window{4462933 u0 cn.com.omnimind.bot.debug/cn.com.omnimind.bot.activity.MainActivity} state from DRAW_PENDING to NO_SURFACE; reason: destroySurface
04-10 17:39:29.312  1789  1817 I sensors-hal: qsh_conn_resp_cb:799, resp_value = 0 for accel 
04-10 17:39:29.312  1789  1789 I sensors-hal: send_sync_sensor_request:481, takes 1 ms to receive the response with 0
04-10 17:39:29.312  1789  1789 I sensors-hal: batch:188, android.sensor.accelerometer/11, period=200000000, max_latency=2000000000 request completed
04-10 17:39:29.313  3465  5704 D QuickBackInputPolicy: hasMultiChildrenInTask: false
04-10 17:39:29.313  3465  5704 D WindowManager: NFW_findFocusedWindowIfNeeded:Window{480d489 u0 com.android.launcher/com.android.launcher.Launcher} mCurrentFocus:Window{480d489 u0 com.android.launcher/com.android.launcher.Launcher}
04-10 17:39:29.313  3465  5623 D SensorService: activateHardware = 0
04-10 17:39:29.314  3465  5704 W ActivityTaskManager: Force removing ActivityRecord{203215518 u0 cn.com.omnimind.bot.debug/cn.com.omnimind.bot.activity.LauncherActivity t2517 f}}: app died, no saved state
04-10 17:39:29.314  3465  5623 D SensorService: 15 active sensors
04-10 17:39:29.314  3465  5704 D ActivityTaskManager: removeAppToken: ActivityRecord{203215518 u0 cn.com.omnimind.bot.debug/cn.com.omnimind.bot.activity.LauncherActivity t2517 f}} delayed=false parent=Task{47f7aaa #2517 type=standard A=10513:cn.com.omnimind.bot.debug} animating=false Callers=com.android.server.wm.DisplayContent.removeAppToken:1759 com.android.server.wm.ActivityRecord.removeFromHistory:4989 com.android.server.wm.ActivityRecord.handleAppDied:5348 com.android.server.wm.WindowProcessController.handleAppDied:1709 
04-10 17:39:29.314  3465  5623 D SensorService: ~SensorEventConnection(0xb400007b46ebec00)
04-10 17:39:29.315  3465  5704 I WindowManager: Window{8986fef u0 cn.com.omnimind.bot.debug/cn.com.omnimind.bot.activity.LauncherActivity} state from HAS_DRAWN to NO_SURFACE; reason: destroySurface
04-10 17:39:29.316  3465  5704 I TaskOrganizerController: onTaskInfoChanged taskid 2517 config { mBounds=Rect(0, 0 - 1080, 2376) mAppBounds=Rect(0, 0 - 1080, 2376) mMaxBounds=Rect(0, 0 - 1080, 2376) mDisplayRotation=ROTATION_0 mWindowingMode=fullscreen mActivityType=standard mAlwaysOnTop=undefined mRotation=ROTATION_0}
04-10 17:39:29.317  3465  5704 D OplusFlexibleDragToSplitAnimController: visibleFlexibleTaskInfos delete:2517
04-10 17:39:29.317  3465  5704 E FlexibleWindowManagerService: notifyTaskObserverToAttachController not need to notify!
04-10 17:39:29.317  3465  5704 I FlexibleWindowManagerService: onFlexibleWindowTaskInfoChanged, return for cur task not embedded
04-10 17:39:29.317  4821  4923 D ShellTaskOrganizerExt: visibleFlexibleTaskInfos delete:2517
04-10 17:39:29.317  4821  4923 D ShellTaskOrganizerExt: isOnCanvas size:0
04-10 17:39:29.317  4821  4923 D ShellTaskOrganizerExt: isOnThreeFlexibleCanvas size:0
04-10 17:39:29.317  3465  5704 D QuickBackInputPolicy: hasMultiChildrenInTask: false
04-10 17:39:29.317  3465  5704 D WindowManager: NFW_findFocusedWindowIfNeeded:Window{480d489 u0 com.android.launcher/com.android.launcher.Launcher} mCurrentFocus:Window{480d489 u0 com.android.launcher/com.android.launcher.Launcher}
04-10 17:39:29.318  3465  5704 D OplusMirageWindowManagerService: onTaskRemoved displayid:0 taskId:2517 callers:com.android.server.wm.MirageWindowManagerExtImpl.onTaskRemoved:47 com.android.server.wm.TaskDisplayArea.removeChildTask:391 com.android.server.wm.TaskDisplayArea.removeChild:380 com.android.server.wm.WindowContainer.removeImmediately:1098 com.android.server.wm.TaskFragment.removeImmediately:3761 
04-10 17:39:29.319  3465  5704 I OplusScreenSecurityMask: onStackRemoved task = Task{47f7aaa #2517 type=standard A=10513:cn.com.omnimind.bot.debug} record = null displayId = 0
04-10 17:39:29.319  3465  5704 D OplusAlwaysAliveManager: removing: 2517, ComponentInfo{cn.com.omnimind.bot.debug/cn.com.omnimind.bot.activity.LauncherActivity}
04-10 17:39:29.324  3465  3623 D OplusFlexibleWindowMinimizedManagerHelper: onTaskVanished taskInfo:2517 task:Task{47f7aaa #2517 type=standard A=10513:cn.com.omnimind.bot.debug}
04-10 17:39:29.324  3465  3623 D OplusFlexibleDragToSplitAnimController: visibleFlexibleTaskInfos delete:2517
04-10 17:39:29.324  3465  3623 D FlexibleTaskController: no need releaseFlexibleCaptionView or destroyFlexibleDragLeash when non-caption-view-task vanished, task=Task{47f7aaa #2517 type=standard A=10513:cn.com.omnimind.bot.debug}
04-10 17:39:29.324  3465  3623 D FlexibleWindowManagerService: notifyFlexibleTaskVanish taskId : 2517 is not taskEmbedded
04-10 17:39:29.324  3465  3623 D FlexibleWindowManagerService: onFlexibleWindowTaskVanished: task = 2517,size:0
04-10 17:39:29.324  3465  3623 D OplusFlexibleWindowMinimizedManagerHelper: onTaskVanished taskInfo:2517 task:Task{47f7aaa #2517 type=standard A=10513:cn.com.omnimind.bot.debug}
04-10 17:39:29.324  3465  3623 D OplusFlexibleDragToSplitAnimController: visibleFlexibleTaskInfos delete:2517
04-10 17:39:29.324  3465  3623 D FlexibleTaskController: no need releaseFlexibleCaptionView or destroyFlexibleDragLeash when non-caption-view-task vanished, task=Task{47f7aaa #2517 type=standard A=10513:cn.com.omnimind.bot.debug}
04-10 17:39:29.324  3465  3623 D FlexibleWindowManagerService: notifyFlexibleTaskVanish taskId : 2517 is not taskEmbedded
04-10 17:39:29.324  3465  3623 D FlexibleWindowManagerService: onFlexibleWindowTaskVanished: task = 2517,size:0
