04-10 17:39:28.446  3465  3619 V WindowManager:  OplusTransitionExtendedInfo{mTmpFinishT=null, mInOplusCompatMode=false, mIsProcessRunning=true, mHasMismatchBoundsTarget=false, mRecentsController=null, mRemoteTransition=null, mIsTranslucentActivityToHome=false, mAvoidInterceptKeyEventToHome=false, mIsFromHome=false, mParentLeash=null, mBackAnimClosingLeash=null, mIsOplusAnimRes=false, mKeepBgForContinuous=false, mIsBalAllow=false, mTaskNotInRecent=false, mIsPredictiveBackAnim=false, mIsMergedWithPredictive=false, mIsLaunchFromSpruce=false, mIsLaunchFromDrive=false, mGlobalSearchPageSwitch=false, mNeedNoAlphaGlobalSearchScene=false, mAssistScreenShowing=false, mSwipeUpBrowserScreenShowing=false, mUserIdTransition=0
04-10 17:39:28.446  3465  3619 V WindowManager: , mInRemoteScene=false, mInPreReady=false, mPreStart=false, mToken=null, mAbortByRemoteFromHome=false, mShellApplyToken=null, mRequestTransitionTaskId=-1, mAbortTransitionOnShell=0, mStartFromShortcut=false, mRemovedTaskId=-1, mTransitionInterruptType=0, mMergeSecondTaskId=-1, mTaskIdStartFromRecents=0, mTransitionId=3023, mCanUseSpringSlideAnim=false, mTransitionLaunchFrom=0, mFoldChangeType=-1, mAnimStartingPosition=[0, 0, 0, 0], mIsOpeningStkDialogActivity=false, mSecondaryHomeToFrontWhenUnFolding=false, mIsNeedApplyStartTForEmbedded=false
04-10 17:39:28.446  3465  3619 V WindowManager: , mNeedCanvasExitAnim=false, mMergeSecondTaskAnimation=false, mIsLaunchUnityStart=false, mIsLaunchFromAssistantByDefault=false, mSkipRemoteTransitionfalse, mIsStartFromKeyguard=false flags=0x0, mWCT=null, mIsOpenMergeToInValidPredictive=false}]}
04-10 17:39:28.446  5324  5324 D ActivityThread: ComponentInfo{com.android.launcher/com.android.launcher.Launcher} checkFinished=false 4
04-10 17:39:28.446  5324  5324 D ResourcesManagerExtImpl: applyConfigurationToAppResourcesLocked app.getDisplayId() return callback.displayId:0
04-10 17:39:28.447  4821  4923 D ShellContinuousTransitionController: ifMergeIntoRemote, transiton 3023 is remote, do not merge into remote.
04-10 17:39:28.447  4821  4923 D OplusShellTransition: ShellContinuousTransitionControllerisInvalidTaskTransition, transition 3023: hasOpenChange = true ,hasChangeModeChange =false
04-10 17:39:28.447  5324  5324 V AutofillClientController: onActivityResumed()
04-10 17:39:28.447  5324  5324 I SplitScreenManager: Attached Launcher#b3df208 ON_RESUME
04-10 17:39:28.447  5324  5324 E SideSlipGesturesGuideHelper[u0]: canShowSwipeUpGuide launcher is null
04-10 17:39:28.447  4821  4923 D OplusShellTransition: set pendingRemote: RemoteTransition { remoteTransition = android.window.IRemoteTransition$Stub$Proxy@18d928, appThread = android.app.IApplicationThread$Stub$Proxy@9aed641, debugName = QuickstepLaunchHome }, mRemoteMergeToRemote: 3023
04-10 17:39:28.447  4821  4923 D OplusShellTransition: {id=3023 t=TO_FRONT f=0x80 trk=0 r=[0@Point(0, 0)] c=[{m=TO_FRONT f=SHOW_WALLPAPER|MOVE_TO_TOP leash=Surface(name=Task=1)/@0xc78cc14 sb=Rect(0, 0 - 1080, 2376) eb=Rect(0, 0 - 1080, 2376) epz=Point(1080, 2376) d=0 taskParent=-1},{m=TO_BACK f=NONE leash=Surface(name=Task=2517)/@0x9152cbd sb=Rect(0, 0 - 1080, 2376) eb=Rect(0, 0 - 1080, 2376) epz=Point(1080, 2376) d=0 taskParent=-1}] 
04-10 17:39:28.447  4821  4923 D OplusShellTransition: extendInfo=[
04-10 17:39:28.447  4821  4923 D OplusShellTransition:  OplusTransitionExtendedInfo{mTmpFinishT=null, mInOplusCompatMode=false, mIsProcessRunning=true, mHasMismatchBoundsTarget=false, mRecentsController=com.android.wm.shell.recents.RecentsTransitionHandler$RecentsController@9ccea11, mRemoteTransition=android.os.BinderProxy@bff37e6, mIsTranslucentActivityToHome=false, mAvoidInterceptKeyEventToHome=false, mIsFromHome=false, mParentLeash=null, mBackAnimClosingLeash=null, mIsOplusAnimRes=false, mKeepBgForContinuous=false, mIsBalAllow=false, mTaskNotInRecent=false, mIsPredictiveBackAnim=false, mIsMergedWithPredictive=false, mIsLaunchFromSpruce=false, mIsLaunchFromDrive=false, mGlobalSearchPageSwitch=false, mNeedNoAlphaGlobalSearchScene=false, mAssistScreenShowing=false, mSwipeUpBrowserScreenShowing=false, mUserIdTransition=0
04-10 17:39:28.447  4821  4923 D OplusShellTransition: , mInRemoteScene=false, mInPreReady=false, mPreStart=false, mToken=null, mAbortByRemoteFromHome=false, mShellApplyToken=null, mRequestTransitionTaskId=-1, mAbortTransitionOnShell=0, mStartFromShortcut=false, mRemovedTaskId=-1, mTransitionInterruptType=0, mMergeSecondTaskId=-1, mTaskIdStartFromRecents=0, mTransitionId=3023, mCanUseSpringSlideAnim=false, mTransitionLaunchFrom=0, mFoldChangeType=-1, mAnimStartingPosition=[0, 0, 0, 0], mIsOpeningStkDialogActivity=false, mSecondaryHomeToFrontWhenUnFolding=false, mIsNeedApplyStartTForEmbedded=false
04-10 17:39:28.447  4821  4923 D OplusShellTransition: , mNeedCanvasExitAnim=false, mMergeSecondTaskAnimation=false, mIsLaunchUnityStart=false, mIsLaunchFromAssistantByDefault=false, mSkipRemoteTransitionfalse, mIsStartFromKeyguard=false flags=0x0, mWCT=null, mIsOpenMergeToInValidPredictive=false}]}
04-10 17:39:28.447  7128  7128 V [Omni]AppStartup: MainActivity onCreate start
04-10 17:39:28.447  5324  5324 I GCP.GroupCardWrapper[1775412755538]:  setDrawPicForDrag, isDrawPicForDrag: false[gcSdk:v1.3.100-ceef8c0,gcPlugin:v16.50.20-0e1548a4]
04-10 17:39:28.447  3465  3622 D FlexibleTaskController: check task which not have enough child, isInSingleWhiteList:false isCloneTask:false
04-10 17:39:28.447  5324  5324 V AutofillClientController: onActivityPostResumed()
04-10 17:39:28.447  3465  5562 D ActivityTaskManager: Requested Orientation r = ActivityRecord{91906055 u0 cn.com.omnimind.bot.debug/cn.com.omnimind.bot.activity.MainActivity t2517}, requestedOrientation = SCREEN_ORIENTATION_PORTRAIT (1)
04-10 17:39:28.447  5324  5324 V AutofillClientController: onActivityPostResumed(): Relayout fix enabled
04-10 17:39:28.447  5324  5324 V AutofillClientController: forResume(): Not attempting refill.
04-10 17:39:28.447  5324 16012 D AnimSeqTimeStamp: resetLastRecentFinishTime
04-10 17:39:28.447  5324 16012 D RemoteAnimInflectUtil: needMergeTask = false
04-10 17:39:28.447  5324 16012 I RemoteAnimationRunnerCompat: shouldInterrupt: changes size 2
04-10 17:39:28.447  5324 16012 I RemoteAnimationRunnerCompat: shouldInterrupt: taskId = 2517, task = cn.com.omnimind.bot.debug/cn.com.omnimind.bot.activity.LauncherActivity, activityType = 1
04-10 17:39:28.447  5324 16012 I RemoteAnimationRunnerCompat: Found app task
04-10 17:39:28.447  5324 16012 I RemoteAnimationRunnerCompat: shouldInterrupt: taskId = 1, task = com.android.launcher/.Launcher, activityType = 2
04-10 17:39:28.447  5324 16012 I RemoteAnimationRunnerCompat: Found launcher task
04-10 17:39:28.447  5324 16012 E RemoteAnimRunnerExt[u0]: match view fail, reason: postscriptViewId:-1 , prefaceViewId:86281881
04-10 17:39:28.447  5324 16012 D RemoteAnimationUtil: updateWCTExtendInfo extResult:null
04-10 17:39:28.448  5324 16012 D AnimSeqTimeStamp: resetLastStartAppTime
04-10 17:39:28.448  5324 16012 D AnimSeqTimeStamp: resetLastLaunchTaskTime
04-10 17:39:28.448  5324  5324 D AnimSeqTimeStamp: updateLastRecentStartTime: 240689625
04-10 17:39:28.448  5324  5324 I [UAH_CLIENT]: UahEventAcquire, cmdid:84, pkg:none, identity:GpuBoost
04-10 17:39:28.448  3465  3688 D PowerManagerService: userActivityNoUpdateLocked: groupId=0, eventTime=240689624, event=touch, flags=0x0, uid=1000
04-10 17:39:28.448  3465  3688 D PowerManagerService: userActivityNoUpdateLocked: groupId=0, eventTime=240689624, event=touch, flags=0x0, uid=1000
04-10 17:39:28.448  5324 16012 D RemoteAnimRunnerExt: mergeAnimation: isRemoteAnimFinish false
04-10 17:39:28.448  7128  7128 E OplusPredictiveBackController:  NoSuchMethodException 
04-10 17:39:28.448  7128  7128 D OplusPredictiveBackController: initPredictiveBackConfig for cn.com.omnimind.bot.activity.MainActivity@b13c4bc initPredictiveBackConfig mShouldInterceptKeyEvent false
04-10 17:39:28.448  7128  7128 D WindowOnBackDispatcher:  predictive settings is disabled for cn.com.omnimind.bot.debug
04-10 17:39:28.448  5324  6657 D RemoteAnimFrameRateManager: setFrameRateTarget velocity: -1 , frame rate result : false , dynamicFrameRateType : 1
04-10 17:39:28.449  4821  4923 D OplusShellTransition: continueRecent track.mActiveTransition: (#3023) android.os.BinderProxy@5b70776@0, controller: com.android.wm.shell.recents.RecentsTransitionHandler$RecentsController@9ccea11
04-10 17:39:28.449  1905  1905 E android.hardware.power.stats-impl.oplus: HandleFactory::read open power_supply_ac_online(/sys/class/power_supply/ac/online) failed! fd: -1 errno: 2
04-10 17:39:28.449  1905  1905 W android.hardware.power.stats-impl.oplus: PruneException: Unknown binder exception (2) pruned into EX_TRANSACTION_FAILED
04-10 17:39:28.449  3465  4466 D ContinuousTransitionController: notifyRemoteContinuousInner playing=Token{63c62b2 TransitionRecord{e88486f id=3021 track=0 type=OPEN flags=0x0 state=2 c=[
04-10 17:39:28.449  3465  4466 D ContinuousTransitionController:    ChangeInfo{af2d97c container=Task{21031cd #5 type=undefined I=com.android.launcher/.Launcher} flags=0x10}
04-10 17:39:28.449  3465  4466 D ContinuousTransitionController:    ChangeInfo{9929205 container=Display{#0 state=ON size=1080x2376 ROTATION_0} flags=0x0}
04-10 17:39:28.449  3465  4466 D ContinuousTransitionController:    ChangeInfo{c3e25a container=Task{47f7aaa #2517 type=standard A=10513:cn.com.omnimind.bot.debug} flags=0x10}
04-10 17:39:28.449  3465  4466 D ContinuousTransitionController:    ChangeInfo{dfafc8b container=WallpaperWindowToken{501ee7a showWhenLocked=true} flags=0x0}
04-10 17:39:28.449  3465  4466 D ContinuousTransitionController:    ChangeInfo{b521168 container=Task{5807af4 #1 type=home} flags=0x10}
04-10 17:39:28.449  3465  4466 D ContinuousTransitionController:    ChangeInfo{1af4981 container=DefaultTaskDisplayArea@124002551 flags=0x0}
04-10 17:39:28.449  3465  4466 D ContinuousTransitionController:    ChangeInfo{acdca26 container=ActivityRecord{203215518 u0 cn.com.omnimind.bot.debug/cn.com.omnimind.bot.activity.LauncherActivity t2517} flags=0x0}
04-10 17:39:28.449  3465  4466 D ContinuousTransitionController:    ChangeInfo{c9ad667 container=WallpaperWindowToken{d78e1a6 showWhenLocked=false} flags=0x0}
04-10 17:39:28.449  3465  4466 D ContinuousTransitionController:    ChangeInfo{5eadc14 container=ActivityRecord{226980907 u0 com.android.launcher/.Launcher t5} flags=0x0}
04-10 17:39:28.449  3465  4466 D ContinuousTransitionController: ]
04-10 17:39:28.449  3465  4466 D ContinuousTransitionController: }}, merged=Token{caeb8d TransitionRecord{8740183 id=3023 track=0 type=TO_FRONT flags=0x80 state=2 c=[
04-10 17:39:28.449  3465  4466 D ContinuousTransitionController:    ChangeInfo{2f15f8e container=Task{21031cd #5 type=undefined I=com.android.launcher/.Launcher} flags=0x30}
04-10 17:39:28.449  3465  4466 D ContinuousTransitionController:    ChangeInfo{1b723af container=Display{#0 state=ON size=1080x2376 ROTATION_0} flags=0x0}
04-10 17:39:28.449  3465  4466 D ContinuousTransitionController:    ChangeInfo{1a60424 container=Task{47f7aaa #2517 type=standard A=10513:cn.com.omnimind.bot.debug} flags=0x4}
04-10 17:39:28.449  3465  4466 D ContinuousTransitionController:    ChangeInfo{ec854b7 container=Task{5807af4 #1 type=home} flags=0x30}
04-10 17:39:28.449  3465  4466 D ContinuousTransitionController:    ChangeInfo{33b3bc container=DefaultTaskDisplayArea@124002551 flags=0x0}
04-10 17:39:28.449  3465  4466 D ContinuousTransitionController:    ChangeInfo{62eff45 container=ActivityRecord{226980907 u0 com.android.launcher/.Launcher t5} flags=0x0}
04-10 17:39:28.449  3465  4466 D ContinuousTransitionController: ]
04-10 17:39:28.449  3465  4466 D ContinuousTransitionController: }}
04-10 17:39:28.449  4821  4923 V WindowManagerShell: Playing animation for (#3023) android.os.BinderProxy@5b70776@0
04-10 17:39:28.449  4821  4923 V WindowManagerShell:  try firstHandler com.android.wm.shell.recents.RecentsTransitionHandler@3346345
04-10 17:39:28.449  4821  4923 V ShellRecents: [164424209] RecentsController.start
04-10 17:39:28.449  4821  4923 D OplusShellTransition: Recents start, finishCB = com.android.wm.shell.transition.Transitions$$ExternalSyntheticLambda5@46cd7b9, mTransition=android.os.BinderProxy@5b70776
04-10 17:39:28.449  4821  4923 D OplusShellTransition: recents continuous, don't reparent leash
04-10 17:39:28.449  4821  4923 V ShellRecents:   not handling home taskId=1
04-10 17:39:28.449  4821  4923 D OplusShellTransition: recents continuous, don't reparent leash
04-10 17:39:28.449  6510  6575 W ostats_pullerd: handleFactory read failed.
04-10 17:39:28.449  4821  4923 V ShellRecents:   adding pausing leaf taskId=2517 at layer=5
04-10 17:39:28.449  4821  4923 V ShellRecents: Applying transaction=14882062029320
04-10 17:39:28.449  6510  6575 E ostats_pullerd: PullAtomCallback getContentByHandleKey read nodeKey: power_supply_ac_online, len=0
04-10 17:39:28.449  3465  5562 D QuickBackInputPolicy: setInterceptInputKeyStatus, enable=true, enableFlag=1, inputCallback=android.window.IRemoteTransitionInputCallback$Stub$Proxy@827e69a
04-10 17:39:28.449  1905  1905 E android.hardware.power.stats-impl.oplus: HandleFactory::read open power_supply_pc_port_online(/sys/class/power_supply/pc_port/online) failed! fd: -1 errno: 2
04-10 17:39:28.449  1905  1905 W android.hardware.power.stats-impl.oplus: PruneException: Unknown binder exception (2) pruned into EX_TRANSACTION_FAILED
04-10 17:39:28.449  4821  4923 V ShellRecents: No matching remote found to takeover (#3023)
04-10 17:39:28.449  4821  4923 V ShellSplitScreen: getSplitBoundsForTaskId: expected split bounds for taskId=2517 but not found
04-10 17:39:28.449  4821  4923 V ShellRecents: [164424209] RecentsController.start: calling onAnimationStart with 2 apps
04-10 17:39:28.449  6510  6575 W ostats_pullerd: handleFactory read failed.
04-10 17:39:28.449  6510  6575 E ostats_pullerd: PullAtomCallback getContentByHandleKey read nodeKey: power_supply_pc_port_online, len=0
04-10 17:39:28.449  5324  5669 D OplusBaseInputConsumerController: setKeyEventListener(), listener: com.android.launcher3.touch.n@844c807
04-10 17:39:28.449  7128  7128 V [Omni]AppStartup: MainActivity provideFlutterEngine start
04-10 17:39:28.449  7128  7128 V [Omni]AppStartup: Creating main engine from FlutterEngineGroup
04-10 17:39:28.449  5324  5324 E ClientIconSurfaceHelper[u0]: Cannot set leash alpha as invalid leash.
04-10 17:39:28.450  3465  5656 D OplusWindowAnimationManager: setInputConsumerEnabled from launcher enabled=true last=false
04-10 17:39:28.450  4821  4923 V WindowManagerShell:  animated by firstHandler
04-10 17:39:28.450  4821  4923 V ShellRecents: [164424209] RecentsController.setInputConsumerEnabled: set focus to recents
04-10 17:39:28.450  5324 16012 D SystemUiProxy: RecentAnimation start. clientAnim = false
04-10 17:39:28.450  5324 16012 D RemoteAnimInflectUtil: getTaskLeashFromRemoteTarget: Surface(name=Task=1)/@0x45bdda3
04-10 17:39:28.450  5324 16012 D RemoteAnimationUtil: initOplusField launchViewInfo:null
04-10 17:39:28.450  5324 16012 I RemoteAnimationTargetCompat: New instance. RecentsTaskId:0, clientAnim: false, taskLeash: Surface(name=Task=1)/@0x45bdda3, leash: Surface(name=Task=1)/@0x7b738a0
04-10 17:39:28.450  5324 16012 D RemoteAnimInflectUtil: getTaskLeashFromRemoteTarget: Surface(name=Task=2517)/@0x8040c59
04-10 17:39:28.450  5324 16012 D RemoteAnimationUtil: initOplusField launchViewInfo:null
04-10 17:39:28.450  5324 16012 I RemoteAnimationTargetCompat: New instance. RecentsTaskId:0, clientAnim: false, taskLeash: Surface(name=Task=2517)/@0x8040c59, leash: Surface(name=Task=2517)/@0xb52901e
04-10 17:39:28.451  3465  5562 I BLASTSyncEngine: onCommitted syncId: 3023, timeout: false ran: false
04-10 17:39:28.452  3465  4466 D ActivityTaskManager: onWindowFocusChanged Task{21031cd #5 type=undefined I=com.android.launcher/.Launcher} would transfer to compact
04-10 17:39:28.452  3465  4466 D ActivityTaskManager: NFW_setLastResumedActivityUncheckLocked:true r:ActivityRecord{226980907 u0 com.android.launcher/.Launcher t5} currentFocus:null
04-10 17:39:28.452  3465  4466 D QuickBackInputPolicy: hasMultiChildrenInTask: false
04-10 17:39:28.452  3465  4466 D WindowManager: NFW_findFocusedWindowIfNeeded:Window{480d489 u0 com.android.launcher/com.android.launcher.Launcher} mCurrentFocus:null
04-10 17:39:28.452  1829  3727 I SDM     : ClstcAlgorithmAdapter::UcscToneMap():1623 Checksum for layer 14875 is: 860775
04-10 17:39:28.452  1829  3727 I SDM     : ClstcAlgorithmAdapter::UcscToneMap():1623 Checksum for layer 14833 is: 711819
04-10 17:39:28.452  3465  4466 V WindowManager: Changing focus from null to Window{480d489 u0 com.android.launcher/com.android.launcher.Launcher},diplayid=0
04-10 17:39:28.452  5324  5324 E [OPLUS_AFS_CONFIG]: Failed to open AFS config file: /proc/oplus_afs_config/afs_config
04-10 17:39:28.452  3465  4574 I [UAH_CLIENT]: uahRuleCtl, ruleId:206, status:3
04-10 17:39:28.452  5324  5324 E AFS_CONFIG: Failed to get scene config
04-10 17:39:28.452  5324  5324 E OplusAfsManager: afsConfigSceneConfigGet sceneType is null
04-10 17:39:28.452  5324  5324 E OplusDisplayModeManager: has been initialized.
04-10 17:39:28.452  5324  5324 D OplusDisplayModeManager: requestRefreshRate priority 85 status 0 rate 120.0
04-10 17:39:28.453  3465  5623 D RefreshRate: unregister remote connection: RemoteConnection{mPriority=PRIORITY_LAUNCHER_REQUEST, mRequestSource=com.android.launcher10221, mBinder=android.os.BinderProxy@15bc8d9}
04-10 17:39:28.453  3465  5623 D RefreshRate: requestRefreshRate: status=0,rate=120.0,ret=3: votes=PRIORITY_START_ANIMATION_BOOST -> Vote{mRefreshRate=120.0, mMinRefreshRate=120.0, mRequestSource=null};PRIORITY_WINDOW_REQUEST -> Vote{mRefreshRate=120.0, mMinRefreshRate=120.0, mRequestSource=null};
04-10 17:39:28.453  5324  5324 I [UAH_CLIENT]: UahRelease, handle:97829
04-10 17:39:28.453  5324  5669 I RemoteAnimationRunnerCompat: remove token is null, return
04-10 17:39:28.454  2085  2705 D SurfaceFlinger: updateWinowInfo=1, setFocusedWindow timestamp=240689603735578, windowName=<null>
04-10 17:39:28.454  3465  4466 D Theia.NoFocusWindow: FocusWindowErrorScene cancelCheckFreezeScreen
04-10 17:39:28.454  3465  4466 W TheiaWindowMonitor: [check] focusedWindow is null or enable is false
04-10 17:39:28.454  3465  5562 I InputDispatcher: NFW_setFocusedWindow, <null> on display 0, same as the previous:1
04-10 17:39:28.454  3465  5562 D InputDispatcher: setFocusedWindow <null> on display 0 ignored, reason: already focused
04-10 17:39:28.455  3465  3719 D VRR [OPlusSurfaceFlingerController]:  setComplexSceneEnable : false
04-10 17:39:28.455  5324  5324 D AnimSeqTimeStamp: getTimeGapToLastPreStartAppTime: 240689633
04-10 17:39:28.455  1654  1677 E statsd  : Stats puller failed for tag: 150134 at 606543864017893
04-10 17:39:28.456  5324  5324 D AnimSeqTimeStamp: getTimeGapToLastStartAppTime: 240689633
04-10 17:39:28.456  1654  1677 I statsd  : An anomaly (104240000001) (42)0x10000->10513[I] (42)0x20000->cn.com.omnimind.bot.debug[S] (42)0x30000->cn.com.omnimind.bot.activity.MainActivity[S]  has occurred! Informing subscribers.
04-10 17:39:28.456  5324  5324 E Launcher.Utilities[u0]: getProgress min==max! Will end up with infinity value, max:1080.0, cur:1079.1548 Fix me, caller:com.android.launcher3.anim.OplusLauncherRadiusWeightHelper.calculateWeight:2 com.android.launcher3.anim.OplusLauncherRadiusWeightHelper.updateCurrentRadiusWeight:11 com.oplus.quickstep.gesture.OplusBaseSwipeUpHandler$createBreakAppOpenAnim$4.onUpdate:61 com.android.quickstep.util.animation.CustomRectFSpringAnim.onUpdate:236 com.android.quickstep.util.animation.CustomRectFSpringAnim.access$onUpdate:0 com.android.quickstep.util.animation.CustomRectFSpringAnim$initProperty$1.onAnimationUpdate:7 com.android.quickstep.util.animation.MultiDynamicAnimation.notifyAnimUpdate:20 
04-10 17:39:28.456 11133 14658 I Quality-ScreenOnOffLogProcessor: withInScreenOnOffRange mIsScreenOn:true refTime:1775813967950 mRecentScreenOnTime:1775809336861 mRecentScreenOffTime:1775796578503
04-10 17:39:28.456  5324  5324 D ViewRootImplExtImpl: wrapConfigInfoIntoFlags rotation=0, smallestScreenWidthDp=360, residentWS=true, scenario=0, bounds=Rect(0, 0 - 1080, 2376), relayoutAsync=true, flags=0, newFlags=1245719812, title=com.android.launcher/com.android.launcher.Launcher
04-10 17:39:28.457  3465  3622 D FlexibleTaskController: check task which not have enough child, isInSingleWhiteList:false isCloneTask:false
04-10 17:39:28.457  1654  1677 E statsd  : Stats puller failed for tag: 150134 at 606543887811487
04-10 17:39:28.457  5324  5324 D VRI[Launcher]: relayoutWindow result, sizeChanged:false, surfaceControlChanged:false, transformHintChanged:false, mSurfaceSize:Point(1080, 2376), mLastSurfaceSize:Point(1080, 2376), mWidth:1080, mHeight:2376, requestedWidth:1080, requestedHeight:2376, transformHint:0, installOrientation:0, displayRotation:0, isSurfaceValid:true, attr.flag:-2121203456, tmpFrames:ClientWindowFrames{frame=[0,0][1080,2376] display=[0,0][1080,2376] parentFrame=[0,0][1080,2376]}, relayoutAsync:true, mSyncSeqId:0
04-10 17:39:28.457  5324  5324 W VRI[Launcher]: updateBlastSurfaceIfNeeded, surfaceSize:Point(1080, 2376), lastSurfaceSize:Point(1080, 2376), format:-2, blastBufferQueue:android.graphics.BLASTBufferQueue@dfd52bc
04-10 17:39:28.457  1654  1677 I statsd  : An anomaly (104240000001) (42)0x10000->10221[I] (42)0x20000->com.android.launcher[S] (42)0x30000->.Launcher[S]  has occurred! Informing subscribers.
04-10 17:39:28.457  3465  3746 V WindowManager: Relayout Window{480d489 u0 com.android.launcher/com.android.launcher.Launcher}: viewVisibility=0, oldvis=0, req=1080x2376 , apr = 0, vsysui=LAYOUT_STABLE LAYOUT_HIDE_NAVIGATION LAYOUT_FULLSCREEN, x=0, y=0
04-10 17:39:28.457  5324  5324 I SurfaceControl:  setExtendedRangeBrightness sc=Surface(name=com.android.launcher/com.android.launcher.Launcher)/@0x3d5ab1b,currentBufferRatio=1.0,desiredRatio=1.0
04-10 17:39:28.457  6497 14501 I midasd  : app forground called:com.android.launcher
04-10 17:39:28.457  3465  3746 I TaskOrganizerController: onTaskInfoChanged taskid 2517 config { mBounds=Rect(0, 0 - 1080, 2376) mAppBounds=Rect(0, 0 - 1080, 2376) mMaxBounds=Rect(0, 0 - 1080, 2376) mDisplayRotation=ROTATION_0 mWindowingMode=fullscreen mActivityType=standard mAlwaysOnTop=undefined mRotation=ROTATION_0}
04-10 17:39:28.458  3465  3746 D OplusVisibleTasks:  notifyTaskFocusChange no need.
04-10 17:39:28.458  3465  3746 D OplusFlexibleDragToSplitAnimController: visibleFlexibleTaskInfos delete:2517
04-10 17:39:28.458  3465  3746 E FlexibleWindowManagerService: notifyTaskObserverToAttachController not need to notify!
04-10 17:39:28.458  3465  3746 I FlexibleWindowManagerService: onFlexibleWindowTaskInfoChanged, return for cur task not embedded
04-10 17:39:28.458  6497 14496 D midasd  : PowerFactors is null 
04-10 17:39:28.458  3465  3746 I TaskOrganizerController: onTaskInfoChanged taskid 1 config { mBounds=Rect(0, 0 - 1080, 2376) mAppBounds=Rect(0, 0 - 1080, 2376) mMaxBounds=Rect(0, 0 - 1080, 2376) mDisplayRotation=ROTATION_0 mWindowingMode=fullscreen mActivityType=home mAlwaysOnTop=undefined mRotation=ROTATION_0}
04-10 17:39:28.458  1971  1971 I CameraMidasService: getExplorerInfo The size of ExplorerInfo is 240 ,The size of ExplorerInfo is 0, The memory size of ExplorerInfo is 0
04-10 17:39:28.458  4821  4923 D ZoomController: onTaskMovedToFront, task id:5
04-10 17:39:28.458  4821  4923 I ZoomUiController: FloatHandle-isFloatHandleShow mPackageName = null
04-10 17:39:28.458  3465  3746 D OplusVisibleTasks:  notifyTaskFocusChange no need.
04-10 17:39:28.458  3465  3746 D OplusFlexibleDragToSplitAnimController: visibleFlexibleTaskInfos delete:1
04-10 17:39:28.458  3465  3746 E FlexibleWindowManagerService: notifyTaskObserverToAttachController not need to notify!
04-10 17:39:28.458  3465  3746 I FlexibleWindowManagerService: onFlexibleWindowTaskInfoChanged, return for cur task not embedded
04-10 17:39:28.458  6497 14496 D midasd  : getExplorerInfo is null 
04-10 17:39:28.458  3465  4537 D BackgroundInstallControlService: Package event received: 0
04-10 17:39:28.459  5324  5324 I OplusObserver: SplitScreenManager-SplitScreenModeCache observed data onChanged, but nothing actually changed
04-10 17:39:28.459  4821  4923 D ShellTaskOrganizerExt: visibleFlexibleTaskInfos delete:2517
04-10 17:39:28.459  4821  4923 D ShellTaskOrganizerExt: isOnCanvas size:0
04-10 17:39:28.459  4821  4923 D ShellTaskOrganizerExt: isOnThreeFlexibleCanvas size:0
04-10 17:39:28.459  4821  4923 D ShellTaskOrganizerExt: visibleFlexibleTaskInfos delete:1
04-10 17:39:28.459  4821  4923 D ShellTaskOrganizerExt: isOnCanvas size:0
04-10 17:39:28.459  4821  4923 D ShellTaskOrganizerExt: isOnThreeFlexibleCanvas size:0
04-10 17:39:28.459  3465  3623 D SurfaceComposerClient: Transaction::apply InputWindowCommands.focusRequests timestamp=240689633253599, windowName=recents_animation_input_consumer
04-10 17:39:28.459 11133 11230 I OplusObrain: OplusObrainClientInvoke.nativeGetTelephonyInfo
04-10 17:39:28.460  5508  5740 I Blur_BlurServiceImpl: [resumeBlur] connection=android.os.BinderProxy@a5c333e layer=com.android.launcher/com.android.launcher.Launcher
04-10 17:39:28.460  1905  1905 E android.hardware.power.stats-impl.oplus: HandleFactory::read open charger_input_current_now(/proc/charger/input_current_now) failed! fd: -1 errno: 2
04-10 17:39:28.460  1905  1905 W android.hardware.power.stats-impl.oplus: PruneException: Unknown binder exception (2) pruned into EX_TRANSACTION_FAILED
04-10 17:39:28.460  6497 14492 W midasd  : handleFactory read failed.
04-10 17:39:28.461 11133 11230 I OplusObrain: OplusObrainClientInvoke.nativeGetTrafficTypeInfoForNetworkType networkType 0
04-10 17:39:28.461  5324  5324 D AnimSeqTimeStamp: getTimeGapToLastStartAppTime: 240689639
04-10 17:39:28.461  7128  7223 D FlutterJNI: Beginning load of flutter...
04-10 17:39:28.462 11133 11230 I OplusObrain: OplusObrainClientInvoke.getAllTopAppInfos
04-10 17:39:28.462  3465  3746 D FlexibleTaskController: check task which not have enough child, isInSingleWhiteList:false isCloneTask:false
04-10 17:39:28.462  5324  5324 E Launcher.Utilities[u0]: getProgress min==max! Will end up with infinity value, max:1080.0, cur:1078.5734 Fix me, caller:com.android.launcher3.anim.OplusLauncherRadiusWeightHelper.calculateWeight:2 com.android.launcher3.anim.OplusLauncherRadiusWeightHelper.updateCurrentRadiusWeight:11 com.oplus.quickstep.gesture.OplusBaseSwipeUpHandler$createBreakAppOpenAnim$4.onUpdate:61 com.android.quickstep.util.animation.CustomRectFSpringAnim.onUpdate:236 com.android.quickstep.util.animation.CustomRectFSpringAnim.access$onUpdate:0 com.android.quickstep.util.animation.CustomRectFSpringAnim$initProperty$1.onAnimationUpdate:7 com.android.quickstep.util.animation.MultiDynamicAnimation.notifyAnimUpdate:20 
04-10 17:39:28.463 11133 11279 I OplusObrain: OplusObrainClientInvoke.nativeGetTrafficTypeInfoForNetworkType networkType 1
04-10 17:39:28.467  7128  7224 I ResourceExtractor: Found extracted resources res_timestamp-1-1775810296915
04-10 17:39:28.468  1829  3727 I SDM     : ClstcAlgorithmAdapter::UcscToneMap():1623 Checksum for layer 14833 is: 711819
04-10 17:39:28.469  5324  5324 D AnimSeqTimeStamp: getTimeGapToLastStartAppTime: 240689647
04-10 17:39:28.469  2085  2705 D SurfaceFlinger: updateWinowInfo=1, setFocusedWindow timestamp=240689633253599, windowName=recents_animation_input_consumer
04-10 17:39:28.470  3465  4466 I InputDispatcher: NFW_setFocusedWindow, recents_animation_input_consumer on display 0, same as the previous:0
04-10 17:39:28.470  3465  4466 I InputDispatcher: updateFocusedWindow, recents_animation_input_consumer on display 0, reason: setFocusedWindow, result:   FocusedWindows:
04-10 17:39:28.470  3465  4466 I InputDispatcher:     displayId=0, name='recents_animation_input_consumer'
04-10 17:39:28.470  5324  5324 E Launcher.Utilities[u0]: getProgress min==max! Will end up with infinity value, max:1080.0, cur:1078.0461 Fix me, caller:com.android.launcher3.anim.OplusLauncherRadiusWeightHelper.calculateWeight:2 com.android.launcher3.anim.OplusLauncherRadiusWeightHelper.updateCurrentRadiusWeight:11 com.oplus.quickstep.gesture.OplusBaseSwipeUpHandler$createBreakAppOpenAnim$4.onUpdate:61 com.android.quickstep.util.animation.CustomRectFSpringAnim.onUpdate:236 com.android.quickstep.util.animation.CustomRectFSpringAnim.access$onUpdate:0 com.android.quickstep.util.animation.CustomRectFSpringAnim$initProperty$1.onAnimationUpdate:7 com.android.quickstep.util.animation.MultiDynamicAnimation.notifyAnimUpdate:20 
04-10 17:39:28.470  3465  3622 V WindowManager: Unknown focus tokens, dropping reportFocusChanged
04-10 17:39:28.476  7128  7223 D nativeloader: Load /data/app/~~SxZdJRoorX1PmXTC-QPYNA==/cn.com.omnimind.bot.debug-XPQjK8UqvVnahvi-BEPD0Q==/lib/arm64/libflutter.so using class loader ns clns-9 (caller=/data/app/~~SxZdJRoorX1PmXTC-QPYNA==/cn.com.omnimind.bot.debug-XPQjK8UqvVnahvi-BEPD0Q==/base.apk!classes34.dex): ok
04-10 17:39:28.477  7128  7223 D FlutterJNI: flutter (null) was loaded normally!
04-10 17:39:28.478  5324  5324 D AnimSeqTimeStamp: getTimeGapToLastStartAppTime: 240689655
04-10 17:39:28.479  7128  7128 V [Omni]AppStartup: FlutterEngineGroup created
04-10 17:39:28.479  5324  5324 E Launcher.Utilities[u0]: getProgress min==max! Will end up with infinity value, max:1080.0, cur:1076.7145 Fix me, caller:com.android.launcher3.anim.OplusLauncherRadiusWeightHelper.calculateWeight:2 com.android.launcher3.anim.OplusLauncherRadiusWeightHelper.updateCurrentRadiusWeight:11 com.oplus.quickstep.gesture.OplusBaseSwipeUpHandler$createBreakAppOpenAnim$4.onUpdate:61 com.android.quickstep.util.animation.CustomRectFSpringAnim.onUpdate:236 com.android.quickstep.util.animation.CustomRectFSpringAnim.access$onUpdate:0 com.android.quickstep.util.animation.CustomRectFSpringAnim$initProperty$1.onAnimationUpdate:7 com.android.quickstep.util.animation.MultiDynamicAnimation.notifyAnimUpdate:20 
04-10 17:39:28.479  3465  4356 E HandwritingModeController: Cannot get requestId: Handwriting was not initialized.
04-10 17:39:28.486  5324  5324 D AnimSeqTimeStamp: getTimeGapToLastStartAppTime: 240689664
04-10 17:39:28.487  5324  5324 E Launcher.Utilities[u0]: getProgress min==max! Will end up with infinity value, max:1080.0, cur:1074.1641 Fix me, caller:com.android.launcher3.anim.OplusLauncherRadiusWeightHelper.calculateWeight:2 com.android.launcher3.anim.OplusLauncherRadiusWeightHelper.updateCurrentRadiusWeight:11 com.oplus.quickstep.gesture.OplusBaseSwipeUpHandler$createBreakAppOpenAnim$4.onUpdate:61 com.android.quickstep.util.animation.CustomRectFSpringAnim.onUpdate:236 com.android.quickstep.util.animation.CustomRectFSpringAnim.access$onUpdate:0 com.android.quickstep.util.animation.CustomRectFSpringAnim$initProperty$1.onAnimationUpdate:7 com.android.quickstep.util.animation.MultiDynamicAnimation.notifyAnimUpdate:20 
04-10 17:39:28.494  5324  5324 D AnimSeqTimeStamp: getTimeGapToLastStartAppTime: 240689672
04-10 17:39:28.495  5324  5324 E Launcher.Utilities[u0]: getProgress min==max! Will end up with infinity value, max:1080.0, cur:1069.5575 Fix me, caller:com.android.launcher3.anim.OplusLauncherRadiusWeightHelper.calculateWeight:2 com.android.launcher3.anim.OplusLauncherRadiusWeightHelper.updateCurrentRadiusWeight:11 com.oplus.quickstep.gesture.OplusBaseSwipeUpHandler$createBreakAppOpenAnim$4.onUpdate:61 com.android.quickstep.util.animation.CustomRectFSpringAnim.onUpdate:236 com.android.quickstep.util.animation.CustomRectFSpringAnim.access$onUpdate:0 com.android.quickstep.util.animation.CustomRectFSpringAnim$initProperty$1.onAnimationUpdate:7 com.android.quickstep.util.animation.MultiDynamicAnimation.notifyAnimUpdate:20 
04-10 17:39:28.500  3465  3625 D OplusWallpaperSurfaceAnimation: resetEnable curState: STARTED
04-10 17:39:28.501  3465  3625 D OplusWallpaperAnimationManager: onAnimationEnd
04-10 17:39:28.501  3465  3625 D OplusWallpaperAnimationManager: setSkipUpdateWallpaperPosition skip: false, wallpaper: Window{7b961b6 u0 com.android.wallpaper.livepicker.service.video.op.Op11Pro1VideoWallpaper}
04-10 17:39:28.501  3465  3625 D OplusWallpaperSurfaceAnimation: setAnimationState curState: IDLE
04-10 17:39:28.501  7128  7230 D colorx  : VulkanExtImpl Init
04-10 17:39:28.503  5324  5324 D AnimSeqTimeStamp: getTimeGapToLastStartAppTime: 240689680
04-10 17:39:28.503  7128  7230 D vulkan  : searching for layers in '/data/app/~~SxZdJRoorX1PmXTC-QPYNA==/cn.com.omnimind.bot.debug-XPQjK8UqvVnahvi-BEPD0Q==/lib/arm64'
04-10 17:39:28.503  5324  5324 E Launcher.Utilities[u0]: getProgress min==max! Will end up with infinity value, max:1080.0, cur:1063.897 Fix me, caller:com.android.launcher3.anim.OplusLauncherRadiusWeightHelper.calculateWeight:2 com.android.launcher3.anim.OplusLauncherRadiusWeightHelper.updateCurrentRadiusWeight:11 com.oplus.quickstep.gesture.OplusBaseSwipeUpHandler$createBreakAppOpenAnim$4.onUpdate:61 com.android.quickstep.util.animation.CustomRectFSpringAnim.onUpdate:236 com.android.quickstep.util.animation.CustomRectFSpringAnim.access$onUpdate:0 com.android.quickstep.util.animation.CustomRectFSpringAnim$initProperty$1.onAnimationUpdate:7 com.android.quickstep.util.animation.MultiDynamicAnimation.notifyAnimUpdate:20 
04-10 17:39:28.511  5324  5324 D AnimSeqTimeStamp: getTimeGapToLastStartAppTime: 240689689
04-10 17:39:28.512  5324  5324 E Launcher.Utilities[u0]: getProgress min==max! Will end up with infinity value, max:1080.0, cur:1056.8188 Fix me, caller:com.android.launcher3.anim.OplusLauncherRadiusWeightHelper.calculateWeight:2 com.android.launcher3.anim.OplusLauncherRadiusWeightHelper.updateCurrentRadiusWeight:11 com.oplus.quickstep.gesture.OplusBaseSwipeUpHandler$createBreakAppOpenAnim$4.onUpdate:61 com.android.quickstep.util.animation.CustomRectFSpringAnim.onUpdate:236 com.android.quickstep.util.animation.CustomRectFSpringAnim.access$onUpdate:0 com.android.quickstep.util.animation.CustomRectFSpringAnim$initProperty$1.onAnimationUpdate:7 com.android.quickstep.util.animation.MultiDynamicAnimation.notifyAnimUpdate:20 
04-10 17:39:28.517  7128  7128 D AudioSystem: onNewService: media.audio_policy service obtained 0xb400007cd59589c0
04-10 17:39:28.517  7128  7230 D vulkan  : added global layer 'VK_LAYER_KHRONOS_validation' from library '/data/app/~~SxZdJRoorX1PmXTC-QPYNA==/cn.com.omnimind.bot.debug-XPQjK8UqvVnahvi-BEPD0Q==/lib/arm64/libVkLayer_khronos_validation.so'
04-10 17:39:28.518  7128  7128 D AudioSystem: getService: IAudioPolicyService retrieved: 0xb400007cd59589c0  cached: 0xb400007cd59589c0
04-10 17:39:28.518  2039 29930 D NativePermissionController: checkPermission: missing 13 for 10513
04-10 17:39:28.518  2039 29930 D NativePermissionController: checkPermission: missing 13 for 10513
04-10 17:39:28.519  5324  5324 D AnimSeqTimeStamp: getTimeGapToLastStartAppTime: 240689697
04-10 17:39:28.520  7128  7230 D vulkan  : searching for layers in '/data/app/~~SxZdJRoorX1PmXTC-QPYNA==/cn.com.omnimind.bot.debug-XPQjK8UqvVnahvi-BEPD0Q==/base.apk!/lib/arm64-v8a'
04-10 17:39:28.520  5324  5324 E Launcher.Utilities[u0]: getProgress min==max! Will end up with infinity value, max:1080.0, cur:1048.4778 Fix me, caller:com.android.launcher3.anim.OplusLauncherRadiusWeightHelper.calculateWeight:2 com.android.launcher3.anim.OplusLauncherRadiusWeightHelper.updateCurrentRadiusWeight:11 com.oplus.quickstep.gesture.OplusBaseSwipeUpHandler$createBreakAppOpenAnim$4.onUpdate:61 com.android.quickstep.util.animation.CustomRectFSpringAnim.onUpdate:236 com.android.quickstep.util.animation.CustomRectFSpringAnim.access$onUpdate:0 com.android.quickstep.util.animation.CustomRectFSpringAnim$initProperty$1.onAnimationUpdate:7 com.android.quickstep.util.animation.MultiDynamicAnimation.notifyAnimUpdate:20 
04-10 17:39:28.521  2039 29930 D NativePermissionController: checkPermission: missing 13 for 10513
04-10 17:39:28.521  2039 29930 D NativePermissionController: checkPermission: missing 13 for 10513
04-10 17:39:28.522  7128  7128 D AudioManagerExtImpl: mLastUnFakeScoUid 10513 mFakeScoUid -1
04-10 17:39:28.523  7128  7230 D colorx  : I can't find colorx layer , let's enumerate colorx layers first.
04-10 17:39:28.523  5324  5652 I SystemUiProxy: SystemUiProxy#getRecentTasks isInGoRecentsAnim: true
04-10 17:39:28.524  3465  5562 D ActivityTaskManager: Skipping, invisible task: Task{21031cd #5 type=undefined I=com.android.launcher/.Launcher}
04-10 17:39:28.524  3465  5562 D ActivityTaskManager: after skip size:1,pre-Filtered:cn.com.omnimind.bot.debug # 
04-10 17:39:28.527  5324  5324 D AnimSeqTimeStamp: getTimeGapToLastStartAppTime: 240689705
04-10 17:39:28.528  5324 30286 D LinearmotorVibrator: vibrate: effect=WaveformEffect { 849c0f7, effectType=367, effectStrength=-1, effectLoop=false, ringtoneVibrateType=-1, isRingtoneCustomized=false, ringtoneFilePath=, strengthSettingEnabled=true, asynchronous=false, usageHint=0 }
04-10 17:39:28.529  5324  5324 E Launcher.Utilities[u0]: getProgress min==max! Will end up with infinity value, max:1080.0, cur:1037.8662 Fix me, caller:com.android.launcher3.anim.OplusLauncherRadiusWeightHelper.calculateWeight:2 com.android.launcher3.anim.OplusLauncherRadiusWeightHelper.updateCurrentRadiusWeight:11 com.oplus.quickstep.gesture.OplusBaseSwipeUpHandler$createBreakAppOpenAnim$4.onUpdate:61 com.android.quickstep.util.animation.CustomRectFSpringAnim.onUpdate:236 com.android.quickstep.util.animation.CustomRectFSpringAnim.access$onUpdate:0 com.android.quickstep.util.animation.CustomRectFSpringAnim$initProperty$1.onAnimationUpdate:7 com.android.quickstep.util.animation.MultiDynamicAnimation.notifyAnimUpdate:20 
04-10 17:39:28.529  3465  4466 I VibratorManagerServiceExtImpl: vibrate is uid=10221, pid=5324, opPkg=com.android.launcher, effect=Mono{mEffect=Composed{segments=[OplusVibrationEffectSegment{mEffectId=367, mEffectStrength=-1, mRingtonePath=''}], repeat=-1}}, attributes=VibrationAttributes{mUsage=UNKNOWN, mAudioUsage= USAGE_UNKNOWN, mFlags=0}, reason=null, token=92148158
04-10 17:39:28.529  1861  1861 I qspmHal : enter getGpuProf at: 1992475281
04-10 17:39:28.529  1861  1861 I qspmHal : gpuProfName:cn.com.omnimind.bot.debug-gpu - gpu prof_info.path:/data/vendor/gaming/cn.com.omnimind.bot.debug-gpu
04-10 17:39:28.529  1861  1861 I qspmHal : PID 7128 from GFX matched.
04-10 17:39:28.529  1861  1861 E qspmHal : GPU profile file NOT found !!
04-10 17:39:28.530  3465  4313 W VibrationScaler: Got unexpected vibration intensity: 2000
04-10 17:39:28.530  7128  7230 I AdrenoVK-0: ===== BEGIN DUMP OF OVERRIDDEN SETTINGS =====
04-10 17:39:28.530  7128  7230 I AdrenoVK-0: ===== END DUMP OF OVERRIDDEN SETTINGS =====
04-10 17:39:28.531  3465  4313 D VibrationThread: Perform OplusPrebakedSegment{mWaveformId=309, mDuration=80, mEffectStrength=2000, mDefaultUsage=TOUCH} on vibrator 0
04-10 17:39:28.531  3255  3255 D aidl_vibrator: Vibrator set amplitude: 1.833333
04-10 17:39:28.531  5324  5651 W System.err: java.lang.NoSuchFieldException: No field mSnapshotBundle in class Landroid/window/TaskSnapshot; (declaration of 'android.window.TaskSnapshot' appears in /system/framework/framework.jar!classes5.dex)
04-10 17:39:28.531  5324  5651 W System.err: 	at java.lang.Class.getDeclaredField(Native Method)
04-10 17:39:28.531  5324  5651 W System.err: 	at com.oplus.basecommon.util.ReflectUtil.getFieldValue(SourceFile:4)
04-10 17:39:28.531  5324  5651 W System.err: 	at com.oplus.basecommon.util.ReflectUtil.getFieldValue(SourceFile:1)
04-10 17:39:28.531  5324  5651 W System.err: 	at com.oplus.basecommon.util.ReflectUtil.getRefBundle(Unknown Source:0)
04-10 17:39:28.531  5324  5651 W System.err: 	at com.android.systemui.shared.recents.model.ThumbnailData.<init>(SourceFile:31)
04-10 17:39:28.531  5324  5651 W System.err: 	at com.android.quickstep.OplusTaskThumbnailCacheImpl.getThumbnailDateFromCache(Unknown Source:145)
04-10 17:39:28.531  5324  5651 W System.err: 	at com.android.quickstep.OplusTaskThumbnailCacheImpl.access$getThumbnailDateFromCache(Unknown Source:0)
04-10 17:39:28.531  5324  5651 W System.err: 	at com.android.quickstep.OplusTaskThumbnailCacheImpl$updateThumbnailInBackground$request$1.getResultOnBg(SourceFile:2)
04-10 17:39:28.531  5324  5651 W System.err: 	at com.android.quickstep.OplusTaskThumbnailCacheImpl$updateThumbnailInBackground$request$1.getResultOnBg(SourceFile:1)
04-10 17:39:28.531  5324  5651 W System.err: 	at com.android.quickstep.util.CancellableTask.run(Unknown Source:9)
04-10 17:39:28.531  5324  5651 W System.err: 	at android.os.Handler.handleCallback(Handler.java:1027)
04-10 17:39:28.531  5324  5651 W System.err: 	at android.os.Handler.dispatchMessage(Handler.java:108)
04-10 17:39:28.531  5324  5651 W System.err: 	at android.os.Looper.loopOnce(Looper.java:298)
04-10 17:39:28.531  5324  5651 W System.err: 	at android.os.Looper.loop(Looper.java:408)
04-10 17:39:28.531  3465  4313 E VibratorController: Vibrator HAL setAmplitude failed: 
04-10 17:39:28.531  5324  5651 W System.err: 	at android.os.HandlerThread.run(HandlerThread.java:85)
04-10 17:39:28.533  7128  7230 I AdrenoVK-0: QUALCOMM build          : 8924aaec70, I7b07ce2793
04-10 17:39:28.533  7128  7230 I AdrenoVK-0: Build Date              : 07/16/25
04-10 17:39:28.533  7128  7230 I AdrenoVK-0: Shader Compiler Version : E031.45.02.26
04-10 17:39:28.533  7128  7230 I AdrenoVK-0: Local Branch            : 
04-10 17:39:28.533  7128  7230 I AdrenoVK-0: Remote Branch           : refs/tags/AU_LINUX_ANDROID_LA.VENDOR.14.3.0.11.00.00.973.948
04-10 17:39:28.533  7128  7230 I AdrenoVK-0: Remote Branch           : NONE
04-10 17:39:28.533  7128  7230 I AdrenoVK-0: Reconstruct Branch      : NOTHING
04-10 17:39:28.533  7128  7230 I AdrenoVK-0: Build Config            : S P 16.1.2 AArch64
04-10 17:39:28.533  7128  7230 I AdrenoVK-0: Driver Path             : /vendor/lib64/hw/vulkan.adreno.so
04-10 17:39:28.533  7128  7230 I AdrenoVK-0: Driver Version          : 0762.40
04-10 17:39:28.533  7128  7230 I AdrenoVK-0: PFP                     : 0x01520181
04-10 17:39:28.533  7128  7230 I AdrenoVK-0: ME                      : 0x01520023
04-10 17:39:28.533  7128  7230 I AdrenoVK-0: Application Name    : Impeller
04-10 17:39:28.533  7128  7230 I AdrenoVK-0: Application Version : 0x00800000
04-10 17:39:28.533  7128  7230 I AdrenoVK-0: Engine Name         : Impeller
04-10 17:39:28.533  7128  7230 I AdrenoVK-0: Engine Version      : 0x00400000
04-10 17:39:28.533  7128  7230 I AdrenoVK-0: Api Version         : 0x00401000
04-10 17:39:28.534  3255  3255 D aidl_vibrator: Vibrator perform effect 309
04-10 17:39:28.534  3255  3255 I aidl_vibrator: findEffect vibStyle 0, effect id = 309!
04-10 17:39:28.536  5324  5324 D AnimSeqTimeStamp: getTimeGapToLastStartAppTime: 240689713
04-10 17:39:28.536  5324  5324 I VelocityTracker: LSQ2 speed rezero
04-10 17:39:28.536  5324  5324 E Launcher.Utilities[u0]: getProgress min==max! Will end up with infinity value, max:1080.0, cur:1027.6428 Fix me, caller:com.android.launcher3.anim.OplusLauncherRadiusWeightHelper.calculateWeight:2 com.android.launcher3.anim.OplusLauncherRadiusWeightHelper.updateCurrentRadiusWeight:11 com.oplus.quickstep.gesture.OplusBaseSwipeUpHandler$createBreakAppOpenAnim$4.onUpdate:61 com.android.quickstep.util.animation.CustomRectFSpringAnim.onUpdate:236 com.android.quickstep.util.animation.CustomRectFSpringAnim.access$onUpdate:0 com.android.quickstep.util.animation.CustomRectFSpringAnim$initProperty$1.onAnimationUpdate:7 com.android.quickstep.util.animation.MultiDynamicAnimation.notifyAnimUpdate:20 
04-10 17:39:28.537  3255  7246 D aidl_vibrator: Starting perform on another thread
04-10 17:39:28.544  5324  5324 D AnimSeqTimeStamp: getTimeGapToLastStartAppTime: 240689722
04-10 17:39:28.544  5324  5324 I VelocityTracker: LSQ2 speed rezero
04-10 17:39:28.545  5324  5324 E Launcher.Utilities[u0]: getProgress min==max! Will end up with infinity value, max:1080.0, cur:1016.92865 Fix me, caller:com.android.launcher3.anim.OplusLauncherRadiusWeightHelper.calculateWeight:2 com.android.launcher3.anim.OplusLauncherRadiusWeightHelper.updateCurrentRadiusWeight:11 com.oplus.quickstep.gesture.OplusBaseSwipeUpHandler$createBreakAppOpenAnim$4.onUpdate:61 com.android.quickstep.util.animation.CustomRectFSpringAnim.onUpdate:236 com.android.quickstep.util.animation.CustomRectFSpringAnim.access$onUpdate:0 com.android.quickstep.util.animation.CustomRectFSpringAnim$initProperty$1.onAnimationUpdate:7 com.android.quickstep.util.animation.MultiDynamicAnimation.notifyAnimUpdate:20 
04-10 17:39:28.545  7128  7230 I flutter : [IMPORTANT:flutter/shell/platform/android/android_context_vk_impeller.cc(62)] Using the Impeller rendering backend (Vulkan).
04-10 17:39:28.552  5324  5324 D AnimSeqTimeStamp: getTimeGapToLastStartAppTime: 240689730
04-10 17:39:28.552  5324  5324 I VelocityTracker: LSQ2 speed rezero
04-10 17:39:28.552  5324  5324 I VelocityTracker: LSQ2 speed rezero
04-10 17:39:28.553  3465  3688 D PowerManagerService: userActivityNoUpdateLocked: groupId=0, eventTime=240689728, event=touch, flags=0x0, uid=1000
04-10 17:39:28.553  5324  5324 E Launcher.Utilities[u0]: getProgress min==max! Will end up with infinity value, max:1080.0, cur:1004.5764 Fix me, caller:com.android.launcher3.anim.OplusLauncherRadiusWeightHelper.calculateWeight:2 com.android.launcher3.anim.OplusLauncherRadiusWeightHelper.updateCurrentRadiusWeight:11 com.oplus.quickstep.gesture.OplusBaseSwipeUpHandler$createBreakAppOpenAnim$4.onUpdate:61 com.android.quickstep.util.animation.CustomRectFSpringAnim.onUpdate:236 com.android.quickstep.util.animation.CustomRectFSpringAnim.access$onUpdate:0 com.android.quickstep.util.animation.CustomRectFSpringAnim$initProperty$1.onAnimationUpdate:7 com.android.quickstep.util.animation.MultiDynamicAnimation.notifyAnimUpdate:20 
04-10 17:39:28.553  3465  3688 D PowerManagerService: userActivityNoUpdateLocked: groupId=0, eventTime=240689728, event=touch, flags=0x0, uid=1000
04-10 17:39:28.560  5324  5324 D AnimSeqTimeStamp: getTimeGapToLastStartAppTime: 240689738
04-10 17:39:28.561  5324  5324 I VelocityTracker: LSQ2 speed rezero
04-10 17:39:28.561  5324  5324 I VelocityTracker: LSQ2 speed rezero
04-10 17:39:28.561  5324  5324 E Launcher.Utilities[u0]: getProgress min==max! Will end up with infinity value, max:1080.0, cur:993.56995 Fix me, caller:com.android.launcher3.anim.OplusLauncherRadiusWeightHelper.calculateWeight:2 com.android.launcher3.anim.OplusLauncherRadiusWeightHelper.updateCurrentRadiusWeight:11 com.oplus.quickstep.gesture.OplusBaseSwipeUpHandler$createBreakAppOpenAnim$4.onUpdate:61 com.android.quickstep.util.animation.CustomRectFSpringAnim.onUpdate:236 com.android.quickstep.util.animation.CustomRectFSpringAnim.access$onUpdate:0 com.android.quickstep.util.animation.CustomRectFSpringAnim$initProperty$1.onAnimationUpdate:7 com.android.quickstep.util.animation.MultiDynamicAnimation.notifyAnimUpdate:20 
04-10 17:39:28.561  1974  2076 D BatteryChargeControl: bcc get no support from charging protocol
04-10 17:39:28.568  3240  3240 E OplusTouchDaemon: [prevent][curved_large_handle_V2][3082]: up id(0) status: 1, 1, 1, 0.
04-10 17:39:28.569  5324  5324 D AnimSeqTimeStamp: getTimeGapToLastStartAppTime: 240689746
04-10 17:39:28.569  3465  4967 D UAH-UahAdaptHelper: adaptSetNotification identity = OplusUAwareInputHelpersrc = 1000 , type 1 ,p1 = -1 ,p2 = -1 ,p3 = -1 ,p4 =
04-10 17:39:28.569  3465  4967 I [UAH_CLIENT]: uahRuleCtl, ruleId:1000, status:1
04-10 17:39:28.569  5324  5324 I VelocityTracker: LSQ2 speed rezero
04-10 17:39:28.569  5324  5324 D AnimSeqTimeStamp: getTimeGapToLastStartAppTime: 240689746
04-10 17:39:28.569  5324  5324 I [UAH_CLIENT]: UahRelease, handle:426
04-10 17:39:28.569  3465  4967 I VelocityTracker: LSQ2 speed rezero
04-10 17:39:28.569  3465  4967 I [UAH_CLIENT]: UahRelease, handle:97837
04-10 17:39:28.569  5324  5324 E [OPLUS_AFS_CONFIG]: Failed to open AFS config file: /proc/oplus_afs_config/afs_config
04-10 17:39:28.569  4821  5496 I SystemUi--NavBar: SideGestureDetector-->isInvalidEvent:false ,isMisTouchInvalidEvent = false  ,disableCui:false  ,ev:MotionEvent { action=ACTION_UP, actionButton=0, id[0]=0, x[0]=720.71875, y[0]=2061.7568, toolType[0]=TOOL_TYPE_FINGER, buttonState=0, classification=NONE, metaState=0, flags=0x0, edgeFlags=0x0, pointerCount=1, historySize=0, eventTime=240689745, downTime=240689519, deviceId=6, source=0x1002, displayId=0, eventId=402965476 }
04-10 17:39:28.569  5324  5324 E AFS_CONFIG: Failed to get scene config
04-10 17:39:28.569  5324  5324 E OplusAfsManager: afsConfigSceneConfigGet sceneType is null
04-10 17:39:28.569  3465  4967 I [UAH_CLIENT]: UahEventAcquire, cmdid:6, pkg:none, identity:OplusUAwareInputHelper
04-10 17:39:28.569  5324  5324 I VelocityTracker: LSQ2 speed rezero
04-10 17:39:28.570  5324  5324 E ClientIconSurfaceHelper[u0]: Cannot notify to hide ic as null client proxy.
04-10 17:39:28.570  5324  5324 I AbsSwipeUpHandler: handleNormalGestureEnd: endTarget = RECENTS, forceToHome: false, forceToRecents: false
04-10 17:39:28.570  5324  5324 D GestureState: setEndTarget: target: RECENTS, isAtomic: false
04-10 17:39:28.570  5324  5324 D OplusBaseInputConsumerController: setInputListener(), delayed=false, listenercom.android.launcher.mode.a@bf1d7ef
04-10 17:39:28.571  3465  4333 I VelocityTracker: LSQ2 speed rezero
04-10 17:39:28.571  5324  5324 E [OPLUS_AFS_CONFIG]: Failed to open AFS config file: /proc/oplus_afs_config/afs_config
04-10 17:39:28.571  5324  5324 E AFS_CONFIG: Failed to get scene config
04-10 17:39:28.571  5324  5324 E OplusAfsManager: afsConfigSceneConfigGet sceneType is null
04-10 17:39:28.572  5324  5324 D RemoteAnimationUtils: setRemoteAnimationViewInfo: info non-null false, withoutRelease = false
04-10 17:39:28.572  5324  5324 D RemoteAnimationUtils: releaseSurface: surfaceControl valid=null
