04-10 17:39:29.324  4821  4923 D ShellTaskOrganizer: Task vanished taskId=2517
04-10 17:39:29.324  4821  4923 D ShellTaskOrganizerExt: visibleFlexibleTaskInfos delete:2517
04-10 17:39:29.324  4821  4923 D ShellTaskOrganizerExt: isOnCanvas size:0
04-10 17:39:29.324  4821  4923 D ShellTaskOrganizerExt: isOnThreeFlexibleCanvas size:0
04-10 17:39:29.324  4821  4923 D FlexibleSeekBarManager: removeAlpha for taskId=2517
04-10 17:39:29.324  3465  4692 D FlexibleTaskPerformanceManager: onTaskVanished:Task{47f7aaa #2517 type=standard A=10513:cn.com.omnimind.bot.debug}
04-10 17:39:29.324  3465  4692 D FlexibleTaskPerformanceManager: onTaskVanished:Task{47f7aaa #2517 type=standard A=10513:cn.com.omnimind.bot.debug}
04-10 17:39:29.325  3465  5704 I AppsFilter: interaction: PackageSetting{bbfbf07 io.github.oceankat.debug/10372} -> PackageSetting{cb52bf1 cn.com.omnimind.bot.debug/10513} BLOCKED
04-10 17:39:29.325  3465  5704 I AppsFilter: interaction: PackageSetting{ed9a65d com.android.microdroid.empty_payload/10284} -> PackageSetting{cb52bf1 cn.com.omnimind.bot.debug/10513} BLOCKED
04-10 17:39:29.326  3465  5704 I AppsFilter: interaction: PackageSetting{c4a5bd2 com.oplus.locationproxy/10181} -> PackageSetting{cb52bf1 cn.com.omnimind.bot.debug/10513} BLOCKED
04-10 17:39:29.326  3465  5704 I AppsFilter: interaction: PackageSetting{a0f44a3 com.android.certinstaller/10238} -> PackageSetting{cb52bf1 cn.com.omnimind.bot.debug/10513} BLOCKED
04-10 17:39:29.326  3465  5704 I AppsFilter: interaction: PackageSetting{87c13a0 io.github.oceanAdsim/10374} -> PackageSetting{cb52bf1 cn.com.omnimind.bot.debug/10513} BLOCKED
04-10 17:39:29.326  3465  5704 I AppsFilter: interaction: PackageSetting{88f4b59 blbl.cat3399/10421} -> PackageSetting{cb52bf1 cn.com.omnimind.bot.debug/10513} BLOCKED
04-10 17:39:29.326  3465  5704 I AppsFilter: interaction: PackageSetting{dce631e com.oplus.location/10257} -> PackageSetting{cb52bf1 cn.com.omnimind.bot.debug/10513} BLOCKED
04-10 17:39:29.326  3465  5704 I AppsFilter: interaction: PackageSetting{a4787ff com.termux.x11/10516} -> PackageSetting{cb52bf1 cn.com.omnimind.bot.debug/10513} BLOCKED
04-10 17:39:29.326  3465  5704 I Athena  : OplusClearSystemService: F [0,cn.com.omnimind.bot.debug, reason: 40 o-stop(40) F with swipe up]
04-10 17:39:29.326  3465  3622 V ActivityManager: the actual proc is null, call handleAppDiedLocked for ProcessRecord{cf11f4e 0:cn.com.omnimind.bot.debug/u0a513}
04-10 17:39:29.327  3465  3622 D OplusAppStartupManager: prevent restart service, pkgName = cn.com.omnimind.bot.debug, scenePriority = -1
04-10 17:39:29.327  3465  3647 I Athena  : ProcessLifecycleTracker: info or appendInfo is null
04-10 17:39:29.329  4821  4923 D ZoomController: onTaskRemoved
04-10 17:39:29.329  4821  4923 D ZoomController: onTaskRemoved
04-10 17:39:29.330  5324 16012 I TaskStackChangeListeners: onTaskRemoved(), cur=2517
04-10 17:39:29.330  5324 16012 I TaskStackChangeListeners: onTaskRemoved(), cur=2517
04-10 17:39:29.330  5324  5652 I SystemUiProxy: SystemUiProxy#getRecentTasks isInGoRecentsAnim: false
04-10 17:39:29.331  3465  3465 D NotificationService--OplusNotificationManagerServiceExtImpl: notifyDelayRemovedLocked,reason:10020 isGroup:false
04-10 17:39:29.332  3465  4537 D BackgroundInstallControlService: Package event received: 0
04-10 17:39:29.332  3465  4537 D BackgroundInstallControlService: Package event received: 0
04-10 17:39:29.332  3465  4356 I VibrationEffectConvertor: onInputMethodListUpdated received, info.size = 6
04-10 17:39:29.332  3465  4356 I VibrationEffectConvertor: userid = 0, packageName = com.tencent.wetype
04-10 17:39:29.332  3465  4356 I VibrationEffectConvertor: userid = 0, packageName = com.google.android.marvin.talkback
04-10 17:39:29.332  3465  4356 I VibrationEffectConvertor: userid = 0, packageName = com.sohu.inputmethod.sogouoem
04-10 17:39:29.332  3465  4356 I VibrationEffectConvertor: userid = 0, packageName = com.google.android.inputmethod.latin
04-10 17:39:29.332  3465  4356 I VibrationEffectConvertor: userid = 0, packageName = com.baidu.input_oppo
04-10 17:39:29.332  3465  4356 I VibrationEffectConvertor: userid = 0, packageName = com.oplus.securitykeyboard
04-10 17:39:29.333  3465  5562 D ActivityTaskManager: Skipping, invisible task: Task{21031cd #5 type=undefined I=com.android.launcher/.Launcher}
04-10 17:39:29.333  3465  5562 D ActivityTaskManager: after skip size:0,pre-Filtered:
04-10 17:39:29.333  5112  5112 D CarrierSvcBindHelper: onHandleForceStop: [cn.com.omnimind.bot.debug]
04-10 17:39:29.335  3465  3637 W UserAwareMgr: event can not be released, id: 2020, count: 2, releasePid: 5324
04-10 17:39:29.335  3465  3619 D LocationManagerService: package cn.com.omnimind.bot.debug reset
04-10 17:39:29.335  3465  3619 W GnssListenerMultiplexer: onPackageReset cn.com.omnimind.bot.debug
04-10 17:39:29.335  3465  3619 W GnssListenerMultiplexer: onPackageReset cn.com.omnimind.bot.debug
04-10 17:39:29.335  5112  5112 D CarrierSvcBindHelper: No carrier app for: 0
04-10 17:39:29.335  5112  5112 D CarrierSvcBindHelper: No carrier app for: 1
04-10 17:39:29.340  2602  2793 D HoloAudio::SpecailizerPLService_Aidl: callClient:clientID:1 exist:1, event:18, isOneWay:0
04-10 17:39:29.340  5324  5324 E OplusDisplayModeManager: has been initialized.
04-10 17:39:29.340  5324  5324 D OplusDisplayModeManager: requestRefreshRate priority 85 status 0 rate 120.0
04-10 17:39:29.340  2602  2793 D HoloAudio::SpecailizerPLService_Aidl: getMssEnable --- cn.com.omnimind.bot.debug[0]
04-10 17:39:29.340  3465  5623 W RefreshRate: requestRefreshRate:repeat request priority：85 rate: 120.0 status: 0
04-10 17:39:29.357  2291  2291 I adbd    : Remote process closed the socket (on MSG_PEEK)
04-10 17:39:29.358  2085  2703 I ClientCache: removeProcess: Cache owner=0xb400007cbe825840
04-10 17:39:29.359  3465  5118 I ActivityManager: Death received, pid = 0, processName = cn.com.omnimind.bot.debug for thread android.os.BinderProxy@576d2be
04-10 17:39:29.359  3465  8472 V ActivityManager: Got obituary of 7128:cn.com.omnimind.bot.debug
04-10 17:39:29.359  2085  2703 I SurfaceFlinger: [SF client] REMOVE (0xb400007cbc040f80) for (7128:cn.com.omnimind.bot.debug)
04-10 17:39:29.359  1655  1655 I Zygote  : Process 7128 exited due to signal 9 (Killed)
04-10 17:39:29.359  3465  3622 W ActivityManager: setHasOverlayUi called on unknown pid: 7128
04-10 17:39:29.360  3465  3644 I libprocessgroup: Removed cgroup /sys/fs/cgroup/apps/uid_10513/pid_7128
04-10 17:39:29.408  5324  5652 I SystemUiProxy: SystemUiProxy#getRecentTasks isInGoRecentsAnim: false
04-10 17:39:29.409  3465  5389 D ActivityTaskManager: Skipping, invisible task: Task{21031cd #5 type=undefined I=com.android.launcher/.Launcher}
04-10 17:39:29.409  3465  5389 D ActivityTaskManager: after skip size:0,pre-Filtered:
04-10 17:39:29.417 18857  7272 I AIUnit-SystemFeatureCompat: isSaleMode false
04-10 17:39:29.417 18857  7272 I AIUnit-LocalUnitStore: getLastRunAppRecord AppRecord(version=1600028, protocol=204)
04-10 17:39:29.417 18857  7272 I AIUnit-UpdateUnitStore: check update interval fail, you need wait 47 minutes
04-10 17:39:29.417 18857  7272 I AIUnit-Update.UnitConfigUpdater: updateUnitConfig notSkipConfigUpdate:false, overwrite:false
04-10 17:39:29.418 18857  7272 I AIUnit-SwitchCompat: getOfflinePkgUseType [aigc_sdinpainting, -1]
04-10 17:39:29.419 18857  7272 W AIUnit-UnitConfig: isEnableWithFilter UnitConfig(offline_aigc_call_summarymtk, 221257735, 4, 10, Detector, aigc_call_summary, CN, support:false, -1, forceTopPriority:false, engines=[238026767, 238026765, 238026764, 238026762, 238026753], optEngines=[]) filterLocalLLM
04-10 17:39:29.420 18857  7272 W AIUnit-UnitConfig: isEnableWithFilter UnitConfig(offline_aigc_call_summaryqcom, 221257736, 4, 10, Detector, aigc_call_summary, CN, support:false, -1, forceTopPriority:false, engines=[238026768, 238026765, 238026764, 238026763, 238026753], optEngines=[]) filterLocalLLM
04-10 17:39:29.420 18857  7272 W AIUnit-UnitConfig: isEnableWithFilter UnitConfig(device_aigc_sdinpainting_qcom, 219172883, 5, 15, Detector, aigc_sdinpainting, CN, support:false, -1, forceTopPriority:false, engines=[235929689, 235929681, 235929680, 235929670, 235929669, 235929666, 235929665, 235929663, 235929654, 235929652, 235929651, 235929649], optEngines=[]) filterLocalLLM
04-10 17:39:29.422 18857  7272 I AIUnit-SwitchCompat: getOfflinePkgUseType [aigc_sdinpainting, -1]
04-10 17:39:29.422 18857  7272 W AIUnit-UnitConfig: isEnableWithFilter UnitConfig(oap_nlp_llm_summarize_mtk, 3149828, 1020, 31, OAP, aigc_call_summary, CN, support:false, -1, forceTopPriority:false, oaa=[19927051, 19927053, 19927054, 19927055, 19927056, 19927058, 19927063, 19927065, 19927067], optOaa=[]) filterLocalLLM
04-10 17:39:29.423 18857  7272 W AIUnit-UnitConfig: isEnableWithFilter UnitConfig(oap_nlp_llm_summarize_qcom, 3149829, 1020, 31, OAP, aigc_call_summary, CN, support:false, -1, forceTopPriority:false, oaa=[19927052, 19927053, 19927054, 19927055, 19927057, 19927059, 19927064, 19927066], optOaa=[]) filterLocalLLM
04-10 17:39:29.423 18857  7272 W AIUnit-UnitConfig: isEnableWithFilter UnitConfig(device_aigc_sdinpainting_mtk, 219172884, 5, 3, Detector, aigc_sdinpainting, CN, support:false, -1, forceTopPriority:false, engines=[235929666, 235929658, 235929660, 235929661, 235929659, 235929663, 235929669], optEngines=[235929680, 235929681, 235929665, 235929655, 235929690]) filterLocalLLM
04-10 17:39:29.424 18857  7272 W AIUnit-UnitConfig: isEnableWithFilter UnitConfig(oap_nlp_caption_2b_mt6991, 3149849, 1020, 51, OAP, ai_caption, CN, support:false, -1, forceTopPriority:false, oaa=[19927090, 19927091, 19927143], optOaa=[]) filterLocalLLM
04-10 17:39:29.424 18857  7272 W AIUnit-UnitConfig: isEnableWithFilter UnitConfig(oap_nlp_caption_2b_sm8750, 3149844, 1020, 50, OAP, ai_caption, CN, support:false, -1, forceTopPriority:false, oaa=[19927085, 19927086, 19927143], optOaa=[]) filterLocalLLM
04-10 17:39:29.425 18857  7272 W AIUnit-UnitConfig: isEnableWithFilter UnitConfig(oap_nlp_caption_card_4b_sm8650, 3149929, 1020, 9, OAP, ai_caption_card, CN, support:false, -1, forceTopPriority:false, oaa=[19927143, 19927207, 19927208, 19927212, 19927213], optOaa=[]) filterLocalLLM
04-10 17:39:29.426 18857  7272 I AIUnit-UnitRouter: allEnableRelateFilesByScene, all_scene, involved id: 218103813, 234881029, 9441287, 26218497, 187699203, 187703296, 218103809, 234881025, 218103811, 234881027, 219176965, 235929636, 219176967, 235929626, 235929627, 219176964, 235929634, 188747780, 188747791, 188747789, 185618443, 221257731, 238026755, 185618452, 185618448, 219172882, 235929648, 219176970, 235929647, 219172869, 235929620, 185618450, 219172880, 235929645, 219176969, 235929643, 185618451, 188747781, 185618445, 185618457, 219172876, 235929639, 3149866, 19927108, 222306308, 239075330, 3149846, 19927087, 188747788, 219176980, 235929720, 219172981, 235929684, 235929688, 188747783, 187622536, 221257732, 238026756, 238026757, 238026758, 185622550, 187699206, 187703299, 219172885, 235929667, 219176961, 235929637, 235929638, 187703301, 187703300, 185618446, 187622532, 187622533, 187622535, 3149911, 19927184, 3149856, 19927098, 187622539, 185618458, 185622552, 219172892, 235929662, 219173024, 235929712, 185618455, 185618500, 1052720, 17834054, 219172990, 235929703, 235929707, 235929704, 235929706, 235929708, 185622539, 188747782, 185618501, 185622544, 187703319, 185622548, 219176962, 235929628, 235929629, 235929630, 235929631, 235929632, 235929701, 187699201, 185618502, 219176963, 1052740, 17834091, 17834092, 17834093, 17834094, 17834095, 17834096, 17834097, 17834098, 17834099, 17834100, 17834101, 1052730, 17834089, 185722575, 188747793, 219172980, 235929686, 187699205, 188747784, 187622534, 9437185, 26214401, 185622556, 219172881, 235929646, 185622528, 185622549, 186654727, 185622533, 188748546, 2101249, 18878465, 185622534, 187699202, 185622555, 187622538, 1052695, 17834009, 17834010, 17834019, 17834020, 3149869, 19927112, 185618444, 3149842, 19927082, 19927083, 19927111, 185618456, 188747778, 187703317, 187703305, 221257733, 238026759, 238026760, 186654726, 186654724, 186654722, 187703304, 185622529, 187699292, 185622532, 189796359, 188748544, 187703315, 219176968, 235929642, 1052694, 17834035, 17834036, 188748545
04-10 17:39:29.427 18857  7272 I AIUnit-UnitRouter: allNeedDownloadFilesByScene, scene name: all_scene, files to download: 9437185, 26214401
04-10 17:39:29.427 18857  7272 I AIUnit-UnitRouter: AIFIle-filterNotLegacy, legacy id: 
04-10 17:39:29.427 18857  7272 I AIUnit-Update.UnitConfigUpdater: filterOutLegacyId, legacyIdSet: []
04-10 17:39:29.427 18857  7272 W AIUnit-HeavyFileUpdater: genHeavyFilter: input scenes empty
04-10 17:39:29.427 18857  7272 I AIUnit-Update.UnitConfigUpdater: autoDownloadHeavyFileIfNeeded: filter null,no need download
04-10 17:39:29.427 18857  7272 W AIUnit-Update.UnitConfigUpdater: updateUnitConfig no need download
04-10 17:39:29.429  3240  3240 I synaLib : tcm: STATUS: Enter DOZE mode
04-10 17:39:29.455  1789 11406 I sensors-hal: handle_sns_std_sensor_event:104, oplus rgb_rear sample: (cct, lux, ir, x, y)[4011, 11, 1186363, 377, 364]
04-10 17:39:29.455  1789 11406 I sensors-hal: handle_sns_std_sensor_event:106, oplus rgb_rear sample: (r, g, b, c w)[98, 220, 233, 22, 261]
04-10 17:39:29.562  1974  2076 D BatteryChargeControl: bcc get no support from charging protocol
04-10 17:39:29.579  9308 11516 V MSF.C.MSFCore[@PS]: [Event] MSFPacketStatistics.cpp(300)::DoCheckRequestTimeout->current rtts:82.276
04-10 17:39:29.586  2576  3870 D QmiClient: qmiServiceEventCallback recv msg id 1110
04-10 17:39:29.586  2576  3870 D QmiClient: enter -mServiceType 4 onQmiServiceEventCallback msgId 1110
04-10 17:39:29.586  2576  3870 D QmiClient: onQmiServiceEventCallback - enter. msgId=1110
04-10 17:39:29.586  2576  3870 D QmiVsClientEvent: qmiVsClientNotifyNrcaInfoChangeEvent - RADIO_EVENT_NRCA_INFO_IND
04-10 17:39:29.587  2576  2699 D VsProxy : handleMessage msg is 2429
04-10 17:39:29.587  2576  2699 D VsProxy : handleNrcaInfoChangeInd for instance 0
04-10 17:39:29.588  2576  2576 D VendorService: NrcaInfoChangeInd numCarriers 2
04-10 17:39:29.588  5302 22278 D SubsysRadioIndication[0]: radioNrcaInfoChangeInd nrcaInfo.numCarriers: 2
04-10 17:39:29.588  5112  5112 W Settings: Setting airplane_mode_on has moved from android.provider.Settings.System to android.provider.Settings.Global, returning read-only value.
04-10 17:39:29.616  5302  7838 D AppSenseConfig: getIgnoreAppList: [com.android.launcher, com.android.contacts, com.oplus.wirelesssettings, com.coloros.alarmclock, com.coloros.calculator, com.coloros.calendar, com.coloros.phonemanager, com.android.settings, com.android.phone, com.oplus.nas, com.oplus.nhs, com.oplus.appdetail, com.android.permissioncontroller, com.oplus.pscanvas, com.oplus.autotest.test.ctp, com.android.systemui, com.android.systemui.overlay.fingerprint.anim.fy, com.android.systemui.overlay.fingerprint.anim.qy, com.android.systemui.overlay.fingerprint.anim.sw, com.android.systemui.overlay.fingerprint.anim.xw, com.android.systemui.overlay.fingerprint.anim.ccyh, com.android.systemui.overlay.fingerprint.anim.halo, com.android.systemui.overlay.fingerprint.anim.jslz, com.android.systemui.overlay.fingerprint.anim.none, com.android.systemui.overlay.fingerprint.anim.xklc]
04-10 17:39:29.616  5302  7838 D AppSenseConfig: getIgnoreAppList: [com.android.launcher, com.android.contacts, com.oplus.wirelesssettings, com.coloros.alarmclock, com.coloros.calculator, com.coloros.calendar, com.coloros.phonemanager, com.android.settings, com.android.phone, com.oplus.nas, com.oplus.nhs, com.oplus.appdetail, com.android.permissioncontroller, com.oplus.pscanvas, com.oplus.autotest.test.ctp, com.android.systemui, com.android.systemui.overlay.fingerprint.anim.fy, com.android.systemui.overlay.fingerprint.anim.qy, com.android.systemui.overlay.fingerprint.anim.sw, com.android.systemui.overlay.fingerprint.anim.xw, com.android.systemui.overlay.fingerprint.anim.ccyh, com.android.systemui.overlay.fingerprint.anim.halo, com.android.systemui.overlay.fingerprint.anim.jslz, com.android.systemui.overlay.fingerprint.anim.none, com.android.systemui.overlay.fingerprint.anim.xklc]
04-10 17:39:29.616  5302  7838 D ActivityAdapter: taskChange: pre: 1, cur: 0, changed:true
04-10 17:39:29.617  5302  7838 D ActivityAdapter: app cn.com.omnimind.bot.debug; cn.com.omnimind.bot.activity.LauncherActivity; 1; COMMON; 10513 exit
04-10 17:39:29.617  5302  7838 D ActivityAdapter: isEnterBGAppScene, mActiveUidMap has no app cn.com.omnimind.bot.debug
04-10 17:39:29.617  5302  7838 D ActivityAdapter: notifyActivityQuery: []
04-10 17:39:29.617  5302  7838 D OPlusFrontAppManager: decide -->> []
04-10 17:39:29.617  5302  7838 D ActivityAdapter: notifyActivityQuery: []
04-10 17:39:29.617  5302  7838 D OPlusFrontAppManager: decide -->> []
04-10 17:39:29.617  5302  7838 D ConferenceScene: pkg:cn.com.omnimind.bot.debug, activity:cn.com.omnimind.bot.activity.LauncherActivity, appSense:COMMON
04-10 17:39:29.617  5302  7838 D NetworkUtils: list1 size 0,list2 size1
04-10 17:39:29.617  5302  5302 D AtomDataLinkInfo: receive msg:1006
04-10 17:39:29.617  5302  7110 D CellMap/QoeMapService: handleAppSceneChange: []
04-10 17:39:29.617  5302  7818 D Subsys-ScoreAppManager: handleMessage what:2
04-10 17:39:29.617  5302  7818 D Subsys-ScoreAppManager: EVENT_ID_APP_SENSE_CHANGE  onFrontActivityChanged
04-10 17:39:29.617  5302  7818 D Subsys-ScoreAppManager: appSceneChange fgAppUnits size 0 fgAppUnits [] mLastNetworkList[334, 336]
04-10 17:39:29.617  5302  7110 D CellMap/GameLatencyMapService: handleAppSceneChange: []
04-10 17:39:29.617  5302  7818 D CommonApp-334-10513: destory
04-10 17:39:29.617  5302  7818 D CommonApp-334-10513: stopDataCollection
04-10 17:39:29.617  5302  7818 D CommonApp-334-10513: current network isn't cellular,not need disable modem report
04-10 17:39:29.617  5302  7818 D CommonApp-334-10513: Remaining data save time: 0
04-10 17:39:29.617  5302  5302 D SceneService: handleMessage what:1004
04-10 17:39:29.617  5302  7818 D Subsys-ScoreAppManager: createApp
04-10 17:39:29.617  5302  5302 D SceneService: notifyAppSceneChanged original mode:{live:0,video:0,voice call:0,video call:0,live host:0,game:0,meeting:0,news:0,file transfer:0},appInfoUnit:[]
04-10 17:39:29.617  5302  7818 D CommonApp-336-10513: destory
04-10 17:39:29.617  5302  5302 D AtomHighLoadSenseInfo: handleMessage what:1000
04-10 17:39:29.617  5302  7818 D CommonApp-336-10513: stopDataCollection
04-10 17:39:29.617  5302  5302 D AtomNetworkScoreInfo: handleMessage: 1006
04-10 17:39:29.617  5302  5302 D AtomNetworkScoreInfo: top app size: 0
04-10 17:39:29.617  5302  5302 D AtomNetworkScoreInfo: Front app state: 1
04-10 17:39:29.617  5302  5302 D FrontAppsEvent: receive msg:1001
04-10 17:39:29.617  5302  5302 D AtomModemKpiInfo: handleMessage what:1000
04-10 17:39:29.617  5302  7818 D CommonApp-336-10513: modemQosReportStop
04-10 17:39:29.617  5302  5302 D AtomModemKpiInfo: appInfoUnitList is null
04-10 17:39:29.618  5302  7818 D RadioProxyJ[0]: [14664]> setQosConfig enabled:0 config:[0]
04-10 17:39:29.618  5302  7838 D AppSenseService: notifySenseEvent: 
04-10 17:39:29.618  5302  7818 D NetworkService[0]: unregisterEventRegistrants eventId:25,messenger:null,handler:Handler (com.oplus.sense.netscore.n0) {4e99e74}
04-10 17:39:29.618  5302  7818 D NetlinkUtils: sendToKernel byteBuffer:java.nio.HeapByteBuffer[pos=32 lim=32 cap=32],nlmsg_pid:5302,nlmsg_type:42,cmdType:1,type:10,nla_len:12
04-10 17:39:29.618  3465  3622 D AppSenseClient: handleMessage: 100
04-10 17:39:29.618  5302  7818 D NetlinkUtils: sendTransportScoreInfo result:true
04-10 17:39:29.618  5302  7818 D CommonApp-336-10513: Remaining data save time: 0
04-10 17:39:29.618  5302  7818 D Subsys-ScoreAppManager: createApp
04-10 17:39:29.618  5112  5725 D AppSenseClient: handleMessage: 100
04-10 17:39:29.618  3465  3622 D AppSenseClient: handleSenseEvent appInfoUnits: 
04-10 17:39:29.618  5112  5725 D AppSenseClient: handleSenseEvent appInfoUnits: 
04-10 17:39:29.618  5112  5725 D AppSenseClient: handleSenseEvent clients: 1
04-10 17:39:29.618  5112  5725 D AppSenseClient: handleSenseEvent clientId: 114554064
04-10 17:39:29.618  3465  3622 D AppSenseClient: handleSenseEvent clients: 1
04-10 17:39:29.618  5112  5725 D AppSenseClient: notifyAppEvent: pkgName: cn.com.omnimind.bot.debug,activityName:cn.com.omnimind.bot.activity.LauncherActivity;state: 0;event: COMMON;type: 0;subEvent: 0;pid: 7128;uid: 10513
04-10 17:39:29.618  5112  5725 D AppSenseClient: notifyAppChanges: []
04-10 17:39:29.618  3465  3622 D AppSenseClient: handleSenseEvent clientId: 226872251
04-10 17:39:29.618  5191  5191 D AppSenseClient: handleMessage: 100
04-10 17:39:29.618  5191  5191 D AppSenseClient: handleSenseEvent appInfoUnits: 
04-10 17:39:29.618  5302  7818 D CommonApp-336-10513: CommonState exit
04-10 17:39:29.618  5191  5191 D AppSenseClient: handleSenseEvent clients: 1
04-10 17:39:29.618  5191  5191 D AppSenseClient: handleSenseEvent clientId: 142326871
04-10 17:39:29.618  3465  3622 D AppSenseClient: notifyAppEvent: pkgName: cn.com.omnimind.bot.debug,activityName:cn.com.omnimind.bot.activity.LauncherActivity;state: 0;event: COMMON;type: 0;subEvent: 0;pid: 7128;uid: 10513
04-10 17:39:29.618  5302  7818 D CommonApp-334-10513: CommonState exit
04-10 17:39:29.618  5191  5191 D AppSenseClient: notifyAppEvent: pkgName: cn.com.omnimind.bot.debug,activityName:cn.com.omnimind.bot.activity.LauncherActivity;state: 0;event: COMMON;type: 0;subEvent: 0;pid: 7128;uid: 10513
04-10 17:39:29.618  3465  3622 D AppSenseClient: notifyAppChanges: []
04-10 17:39:29.618  5191  5191 D AppSenseClient: notifyAppChanges: []
04-10 17:39:29.618  5191  5191 D NhsAppSenseListener: onAppEvent enter
04-10 17:39:29.618  5191  5191 D NhsAppSenseListener: new event: event=0, state=0, pkg=cn.com.omnimind.bot.debug, type=0, subEvent=0
04-10 17:39:29.618  5191  5191 D NhsAppSenseListener: onAppChanged, app list size: 0
04-10 17:39:29.618  5302  7818 D Subsys-ScoreAppManager: handleMessage what:40
04-10 17:39:29.618  5302  7818 D Subsys-ScoreAppManager: EVENT_SCORE_STATE_INFOfalse
04-10 17:39:29.618  5302  7818 D ScorePolicyManager: handleMessage: SCORE_STATE_CHANGEfalse
04-10 17:39:29.618  2576  2699 D QmiVsClient: setQosConfig - enter
04-10 17:39:29.619  5159  5660 D AppSenseClient: handleMessage: 100
04-10 17:39:29.620  5159  5660 D AppSenseClient: handleSenseEvent appInfoUnits: 
04-10 17:39:29.620  5159  5660 D AppSenseClient: handleSenseEvent clients: 1
04-10 17:39:29.620  5159  5660 D AppSenseClient: handleSenseEvent clientId: 130346059
04-10 17:39:29.620  2576  2699 E QmiVsClient: sendAsyncRequest QMI_VS_SET_QOS_CONFIG_REQ_MSG_V01 ret 0
04-10 17:39:29.620  5159  5660 D AppSenseClient: notifyAppEvent: pkgName: cn.com.omnimind.bot.debug,activityName:cn.com.omnimind.bot.activity.LauncherActivity;state: 0;event: COMMON;type: 0;subEvent: 0;pid: 7128;uid: 10513
04-10 17:39:29.620  5159  5660 D AppSenseClient: notifyAppChanges: []
04-10 17:39:29.620  5159  5660 D NAS-DataSceneEvent: onAppEvent enter
04-10 17:39:29.620  5159  5660 D NAS-DataSceneEvent: new event: event=0, state=0, pkg=cn.com.omnimind.bot.debug, type=0, subEvent=0
04-10 17:39:29.621  5159  5660 D NAS-DataSceneEvent: onAppChanged, app list size: 0
04-10 17:39:29.621  5159  5660 D NAS-DataSceneEvent: updateAppSenseChange []
04-10 17:39:29.621  5159  5924 D OplusLinkBoostSceneManager: handleAppSceneChange empty
04-10 17:39:29.621  2576  2699 D VsProxy : handleMessage msg is 4001
04-10 17:39:29.621  2576  2699 D RadioProxy: setQosConfig : response cb for instance 0
04-10 17:39:29.622  5159  6963 E OplusNetlinkConnect: parse rsp msg failed!Message missing required fields: header
04-10 17:39:29.623  5302 22278 D RadioProxyJ[0]: [14664]< setQosConfigResponse 
04-10 17:39:29.640  9308 11546 V MSF.C.MSFCore[@DD]: [Event] MSFDDNetworkEngine.cpp(179)::onTcpInfoUpdate->onTcpInfoUpdate:
04-10 17:39:29.640  9308 11546 V MSF.C.MSFCore[@DD]:                      tcpi_state = 1;
04-10 17:39:29.640  9308 11546 V MSF.C.MSFCore[@DD]:                      tcpi_ca_state = 0;
04-10 17:39:29.640  9308 11546 V MSF.C.MSFCore[@DD]:                      tcpi_rto = 352 ms;
04-10 17:39:29.640  9308 11546 V MSF.C.MSFCore[@DD]:                      tcpi_unacked = 0;
04-10 17:39:29.640  9308 11546 V MSF.C.MSFCore[@DD]:                      tcpi_rttcur = 103 ms;
04-10 17:39:29.640  9308 11546 V MSF.C.MSFCore[@DD]:                      tcpi_rttvar = 57 ms;
04-10 17:39:29.640  9308 11546 V MSF.C.MSFCore[@DD]:                      tcpi_bytes_retrans = 0 bytes;
04-10 17:39:29.640  9308 11546 V MSF.C.MSFCore[@DD]:                      tcpi_notsent_bytes = 0 bytes;
04-10 17:39:29.640  9308 11546 V MSF.C.MSFCore[@DD]:                      tcpi_bytes_received = 7928 bytes;
04-10 17:39:29.640  9308 11546 V MSF.C.MSFCore[@DD]:                      tcpi_bytes_sent = 6385 bytes 
04-10 17:39:29.640  9308 11546 V MSF.C.MSFCore[@DD]:                      tcpi_last_data_sent = 132440 ms 
04-10 17:39:29.640  9308 11546 V MSF.C.MSFCore[@DD]:                      tcpi_last_data_recv = 132368 ms 
04-10 17:39:29.670  4821  4985 D HWUI    : RenderProxy::destroy: this=0xb400007be9266f00, mContext=0xb400007b680c5440
04-10 17:39:29.670  4821  5060 D HWUI    : SkiaOpenGLPipeline::setSurface: this=0xb400007c1192af80, surface=NULL
04-10 17:39:29.670  4821  5060 D BufferQueueProducer: [VRI[debug]#6007(BLAST Consumer)6007](id:12d500001788,api:1,p:4821,c:4821) disconnect: api 1
04-10 17:39:29.671  4821  4985 D ViewRootImplExtImpl: wrapConfigInfoIntoFlags rotation=0, smallestScreenWidthDp=360, residentWS=false, scenario=0, bounds=Rect(0, 0 - 1080, 2376), relayoutAsync=false, flags=0, newFlags=1245719808, title=Splash Screen cn.com.omnimind.bot.debug
04-10 17:39:29.671  3465  5389 W WindowManager: Failed looking up window session=Session{2a3d750 4821:u0a10226} callers=com.android.server.wm.WindowManagerService.windowForClientLocked:6993 com.android.server.wm.WindowManagerService.relayoutWindow:2575 com.android.server.wm.Session.relayout:317 
04-10 17:39:29.672  4821  4985 V Configuration: Updating configuration, locales updated from [] to [zh_CN]
04-10 17:39:29.672  4821  4985 V Configuration: Updating configuration, locales updated from [] to [zh_CN]
04-10 17:39:29.672  4821  4985 V Configuration: Updating configuration, locales updated from [] to [zh_CN]
04-10 17:39:29.672  4821  4985 V Configuration: Updating configuration, locales updated from [] to [zh_CN]
04-10 17:39:29.672  4821  4985 V Configuration: Updating configuration, locales updated from [] to [zh_CN]
04-10 17:39:29.672  4821  4985 V Configuration: Updating configuration, locales updated from [] to [zh_CN]
04-10 17:39:29.672  4821  4985 V Configuration: Updating configuration, locales updated from [] to [zh_CN]
04-10 17:39:29.672  4821  4985 V Configuration: Updating configuration, locales updated from [] to [zh_CN]
04-10 17:39:29.672  4821  4985 V Configuration: Updating configuration, locales updated from [] to [zh_CN]
04-10 17:39:29.672  4821  4985 V Configuration: Updating configuration, locales updated from [] to [zh_CN]
04-10 17:39:29.672  4821  4985 V Configuration: Updating configuration, locales updated from [] to [zh_CN]
04-10 17:39:29.672  4821  4985 V Configuration: Updating configuration, locales updated from [] to [zh_CN]
04-10 17:39:29.672  4821  4985 V Configuration: Updating configuration, locales updated from [] to [zh_CN]
04-10 17:39:29.672  4821  4985 V Configuration: Updating configuration, locales updated from [] to [zh_CN]
04-10 17:39:29.672  4821  4985 V Configuration: Updating configuration, locales updated from [] to [zh_CN]
04-10 17:39:29.672  4821  4985 V Configuration: Updating configuration, locales updated from [] to [zh_CN]
04-10 17:39:29.672  4821  4985 V Configuration: Updating configuration, locales updated from [] to [zh_CN]
04-10 17:39:29.673  4821  4985 W WindowOnBackDispatcher: sendCancelIfRunning: isInProgress=false callback=android.view.ViewRootImpl$$ExternalSyntheticLambda13@fee068f
04-10 17:39:29.673  3465  5389 W WindowManager: Failed looking up window session=Session{2a3d750 4821:u0a10226} callers=com.android.server.wm.WindowManagerService.windowForClientLocked:6993 com.android.server.wm.Session.setOnBackInvokedCallbackInfo:1072 android.view.IWindowSession$Stub.onTransact:1165 
04-10 17:39:29.673  3465  5389 I WindowManager: setOnBackInvokedCallback(): No window state for package:com.android.systemui
04-10 17:39:29.673  3465  5623 W WindowManager: Failed looking up window session=Session{2a3d750 4821:u0a10226} callers=com.android.server.wm.WindowManagerService.removeClientToken:2298 com.android.server.wm.Session.remove:300 android.view.IWindowSession$Stub.onTransact:705 
04-10 17:39:29.678  4821  2468 D BLASTBufferQueue: [VRI[debug]#6007](f:0,a:1) destructor()
04-10 17:39:29.678  4821  2468 D BufferQueueConsumer: [VRI[debug]#6007(BLAST Consumer)6007](id:12d500001788,api:0,p:-1,c:4821) disconnect
04-10 17:39:29.680  3240  3240 I synaLib : tcm: STATUS: Exit DOZE mode
04-10 17:39:29.680  3240  3240 I OplusTouchDaemon: ts_run_service: shellback temperature updated 29 (29280)
04-10 17:39:29.680  3240  3240 E OplusTouchDaemon: [prevent][curved_large_handle_V2][3008]: id:0 pos:1 center_down:1 (20020 17888)(0 0 0 0) 
04-10 17:39:29.680  3240  3240 E OplusTouchDaemon: [touchEvent][ts_report_touch_data][643]: first touch point id 0 [20020 17888    5    0    0    0    0]
04-10 17:39:29.681  4821  5060 D HWUI    : OplusRenderNodeAnimator end!
04-10 17:39:29.681  4821  5060 D HWUI    : OplusRenderNodeAnimator end!
04-10 17:39:29.681  4821  5060 D HWUI    : OplusRenderNodeAnimator end!
04-10 17:39:29.681  4821  5060 D HWUI    : OplusRenderNodeAnimator end!
04-10 17:39:29.681  5324  5324 I DynamicFramerate [AnimationSpeedAware]: onEventHandled: info: InputEventInfo: mX = 0, mY = 0, mAction = 0, mVsyncTime = 240690859, mIsMoving = true, mUpdated = true
04-10 17:39:29.681  5324  5324 E IJankManager: slideSceneEnd unknown scene 1000 mScene:-1
04-10 17:39:29.681  3465  4967 I [UAH_CLIENT]: UahEventAcquire, cmdid:37, pkg:none, identity:OplusUAwareInputHelper
04-10 17:39:29.681  5324  5324 V AutofillManager: requestHideFillUi(null): anchor = null
04-10 17:39:29.681  3465  4619 D GestureLog_OplusMultiPointerDetector: onTouchEvent------>start, mCurNumPointers=1, mCurrStatus=0 mIsDownIntervalTimeout=true, action=0 downTime=240690857 deviceId=6
04-10 17:39:29.681  5324  5324 I PullDownAnimator: setActivityStarted: started=false
04-10 17:39:29.681  5324  5324 D QuickSwitchTouchController#936bbcd-BaseSwipeDetector: setIsDelayReport:false
04-10 17:39:29.681  5324  5324 D NavBarToHomeTouchController#7149c82-BaseSwipeDetector: setIsDelayReport:false
04-10 17:39:29.682  3465  3688 D PowerManagerService: userActivityNoUpdateLocked: groupId=0, eventTime=240690857, event=touch, flags=0x0, uid=1000
04-10 17:39:29.682  3465  4967 D UAH-UahAdaptHelper: adaptSetNotification identity = OplusUAwareInputHelpersrc = 1000 , type 0 ,p1 = -1 ,p2 = -1 ,p3 = -1 ,p4 =
04-10 17:39:29.682  3465  4967 I [UAH_CLIENT]: uahRuleCtl, ruleId:1000, status:0
04-10 17:39:29.682  5324  5324 D AnimSeqTimeStamp: resetLastPreStartAppTime
04-10 17:39:29.683  3465  3688 D PowerManagerService: userActivityNoUpdateLocked: groupId=0, eventTime=240690857, event=touch, flags=0x0, uid=1000
04-10 17:39:29.683  3465  5623 I OplusPreStartController: preStartActivity Intent { act=android.intent.action.MAIN cat=[android.intent.category.LAUNCHER] flg=0x10200000 cmp=cn.com.omnimind.bot/.activity.LauncherActivity bnds=[787,737][1033,1007] (has extras) }
04-10 17:39:29.684  5324  5324 E [OPLUS_AFS_CONFIG]: Failed to open AFS config file: /proc/oplus_afs_config/afs_config
04-10 17:39:29.684  5324  5324 E AFS_CONFIG: Failed to get scene config
04-10 17:39:29.684  5324  5324 E OplusAfsManager: afsConfigSceneConfigGet sceneType is null
04-10 17:39:29.684  3465  5623 I OplusPreStartController: isCapBitmapExists intent: Intent { act=android.intent.action.MAIN cat=[android.intent.category.LAUNCHER] flg=0x10200000 cmp=cn.com.omnimind.bot/.activity.LauncherActivity bnds=[787,737][1033,1007] (has extras) }, requestRotation: SCREEN_ORIENTATION_UNSPECIFIED, surfaceRotation: ROTATION_0, targetRotation: ROTATION_0, uiMode: 17, found captures: true
04-10 17:39:29.685  4821  4821 I SystemUi--Statusbar: CollapsedStatusBarFragmentExImpl-->animateShow onAnimationEnd v:com.oplus.systemui.statusbar.widget.EndSideContentLayout{169dea1 V.E...... ........ 0,0-298,91 #7f0a0d0b app:id/status_bar_end_side_content alpha=1.0 viewInfo = }  v alpha:1.0  v render alpha:1.0 animateAlpha=1.0
04-10 17:39:29.686  4821  4821 I SystemUi--Statusbar: CollapsedStatusBarFragmentExImpl-->animateShow onAnimationEnd v:com.android.systemui.statusbar.AlphaOptimizedFrameLayout{61fe22b V.E...... ........ 0,0-0,91 #7f0a08dc app:id/notification_icon_area alpha=1.0 viewInfo = }  v alpha:1.0  v render alpha:1.0 animateAlpha=1.0
04-10 17:39:29.686  4821  4821 I SystemUi--Statusbar: CollapsedStatusBarFragmentExImpl-->animateShow onAnimationEnd v:com.oplus.systemui.statusbar.seeding.CapsulePluginContainer{abe9688 V.E...... ........ 0,0-1080,120 #7f0a0c1a app:id/seeding_card_container alpha=1.0 viewInfo = }  v alpha:1.0  v render alpha:1.0 animateAlpha=1.0
04-10 17:39:29.688  5203  6298 I iopgp   : Iopgp: TRANSACTION_IOPGP_PRELOAD Sequence_id = 268 pkg_name = cn.com.omnimind.bot uid = 10519 size = 3 isProfile = 1
04-10 17:39:29.688  4821  4821 I SystemUi--Statusbar: CollapsedStatusBarFragmentExImpl-->animateShow onAnimationEnd v:com.oplus.systemui.statusbar.widget.StatClock{8a7f5c5 V.ED..... ........ 0,0-125,91 #7f0a02ea app:id/clock alpha=1.0 viewInfo = }  v alpha:1.0  v render alpha:1.0 animateAlpha=1.0
04-10 17:39:29.690  5203  5203 I iopgp   : Total traces exceed kMaxAppTraces limits, and number is 1
04-10 17:39:29.691  3465  5514 D OPM     : notifyPreloadResult cn.com.omnimind.bot, type: 2, success: true, res: 0
04-10 17:39:29.695  3465  4327 D BufferQueueConsumer: [](id:d8900000213,api:0,p:-1,c:3465) connect: controlledByApp=false
04-10 17:39:29.696  3465  4327 D BufferQueueConsumer: [[BBQ] LauncherThumbSurface#45625#383(BLAST Consumer)383](id:d8900000213,api:0,p:-1,c:3465) setMaxAcquiredBufferCount: 2
04-10 17:39:29.696  3465  4327 D BufferQueueProducer: [[BBQ] LauncherThumbSurface#45625#383(BLAST Consumer)383](id:d8900000213,api:2,p:3465,c:3465) connect: api=2 producerControlledByApp=true
04-10 17:39:29.698  3465  4327 D BLASTBufferQueue: [[BBQ] LauncherThumbSurface#45625#383](f:0,a:1) acquireNextBufferLocked size=1080x2376 mFrameNumber=1 applyTransaction=true mTimestamp=240690875704224(auto) mPendingTransactions.size=0 graphicBufferId=14882061717182 transform=0
04-10 17:39:29.711  8717  9104 D gaia-GaiaConnectChecker: start connect check++
04-10 17:39:29.720  3240  3240 E OplusTouchDaemon: [prevent][curved_large_handle_V2][3082]: up id(0) status: 1, 1, 1, 0.
04-10 17:39:29.720  3465  4967 D UAH-UahAdaptHelper: adaptSetNotification identity = OplusUAwareInputHelpersrc = 1000 , type 1 ,p1 = -1 ,p2 = -1 ,p3 = -1 ,p4 =
04-10 17:39:29.720  3465  4967 I [UAH_CLIENT]: uahRuleCtl, ruleId:1000, status:1
04-10 17:39:29.720  5324  5324 I DynamicFramerate [AnimationSpeedAware]: onEventHandled: info: InputEventInfo: mX = 0, mY = 0, mAction = 1, mVsyncTime = 240690898, mIsMoving = false, mUpdated = true
04-10 17:39:29.721  5324  5324 E [OPLUS_AFS_CONFIG]: Failed to open AFS config file: /proc/oplus_afs_config/afs_config
04-10 17:39:29.721  5324  5324 E AFS_CONFIG: Failed to get scene config
04-10 17:39:29.721  5324  5324 E OplusAfsManager: afsConfigSceneConfigGet sceneType is null
04-10 17:39:29.721  5324  5324 E [OPLUS_AFS_CONFIG]: Failed to open AFS config file: /proc/oplus_afs_config/afs_config
04-10 17:39:29.721  5324  5324 E AFS_CONFIG: Failed to get scene config
04-10 17:39:29.721  5324  5324 E OplusAfsManager: afsConfigSceneConfigGet sceneType is null
04-10 17:39:29.722 30748 30780 I AstScreen.WatchOverlayProxy: onRecentsAnimationFinished 
04-10 17:39:29.723 30778  7278 I AstScreen.LauncherOverlayBinder.Ht: onRecentsAnimationFinished: bundle = Bundle[mParcelledData.dataSize=68]
04-10 17:39:29.723  5324  5324 E OplusDisplayModeManager: has been initialized.
04-10 17:39:29.723  5324  5324 D OplusDisplayModeManager: requestRefreshRate priority 85 status 1 rate 120.0
04-10 17:39:29.723  3465  5389 D RefreshRate: isLimitBySettingMode: [2] currentSettingMode: 3
04-10 17:39:29.723  3465  5389 D RefreshRate: register remote connection: RemoteConnection{mPriority=PRIORITY_LAUNCHER_REQUEST, mRequestSource=com.android.launcher10221, mBinder=android.os.BinderProxy@15bc8d9}
04-10 17:39:29.723  3465  5389 D RefreshRate: requestRefreshRate: status=1,rate=120.0,ret=3: votes=PRIORITY_LAUNCHER_REQUEST -> Vote{mRefreshRate=120.0, mMinRefreshRate=120.0, mRequestSource=com.android.launcher10221};PRIORITY_WINDOW_REQUEST -> Vote{mRefreshRate=120.0, mMinRefreshRate=120.0, mRequestSource=null};
04-10 17:39:29.723  5324  5324 D AnimSeqTimeStamp: resetLastStartAppTime
04-10 17:39:29.723  5324  5324 D AnimSeqTimeStamp: resetLastRecentFinishTime
04-10 17:39:29.725  3465  3719 D VRR [OPlusRefreshRateService]:  setDirectorStates [flag: 1, state: 1, directorStateOff: 1]
04-10 17:39:29.725  2085  2703 D VRR [RefreshRateDirector]: updateState mState = 0
04-10 17:39:29.725  3465  5389 D OplusWallpaperAnimationManager: cancelSurfaceAnimation reason: play_animation, isAnimating: true, by window: Window{480d489 u0 com.android.launcher/com.android.launcher.Launcher}
04-10 17:39:29.725  3465  5389 D OplusWallpaperAnimationManager: startScaleAnimation frame: Rect(0, 0 - 1080, 2376) parentFrame: Rect(0, 0 - 1080, 2376) from: 1.0409606 to: 1.2 duration: 650 mTargetZoom: -1.0 targetZoom: -1.0 by window: Window{480d489 u0 com.android.launcher/com.android.launcher.Launcher}
04-10 17:39:29.726  3465  3625 D OplusWallpaperSurfaceAnimation: setAnimationState curState: INTERRUPT
04-10 17:39:29.726  3465  3625 D OplusWallpaperAnimationManager: onAnimationCancel
04-10 17:39:29.726  3465  3625 D OplusWallpaperSurfaceAnimation: resetEnable curState: INTERRUPT
04-10 17:39:29.726  3465  3625 D OplusWallpaperSurfaceAnimation: setAnimationState curState: INITIALIZED
04-10 17:39:29.726  3465  3625 D OplusWallpaperAnimationManager: onAnimationStart
04-10 17:39:29.726  5324  5324 E CustomRectFSpringAnim[u0]: Null break param
04-10 17:39:29.726  3465  3625 D OplusWallpaperAnimationManager: setSkipUpdateWallpaperPosition skip: true, wallpaper: Window{7b961b6 u0 com.android.wallpaper.livepicker.service.video.op.Op11Pro1VideoWallpaper}
04-10 17:39:29.726  3465  3625 D OplusWallpaperSurfaceAnimation: setAnimationState curState: STARTED
04-10 17:39:29.726  5324  5324 D AnimSeqTimeStamp: updateLastPreStartAppTime: 240690904
04-10 17:39:29.727  5324  5324 D AnimSeqTimeStamp: updateLastStartAppTime: 240690905
04-10 17:39:29.727  5324  5324 D AnimSeqTimeStamp: updateLastRecentFinishTime: 240690905
04-10 17:39:29.727  5324  5324 D AnimSeqTimeStamp: resetLastRecentStartTime
04-10 17:39:29.727  5324  5324 D OplusViewDragTouchViewHelper: dispatchTouchView action = 1
04-10 17:39:29.728  5324  5324 D ViewRootImplExtImpl: the up motion event handled by client, just return
04-10 17:39:29.728  3465  5389 E OplusInputManagerService_jni: updateInvalidRegion start!!!
04-10 17:39:29.728  3465  5389 E InputDispatcherExtImpl: rectF left: 0.000000, top: 2310.000000, right: 1080.000000, bottom: 2376.000000 offset_left: 0.000000, offset_top: 0.000000, offset_right: 0.000000, offset_bottom: 0.000000, isClosedRegion:0
04-10 17:39:29.728  3465  5389 W InputDispatcherExtImpl: invalidRegions and dispatchRegions map setted, key: homegesture_displayid_0
04-10 17:39:29.728  5324  5324 E [OPLUS_AFS_CONFIG]: Failed to open AFS config file: /proc/oplus_afs_config/afs_config
04-10 17:39:29.728  5324  5324 E AFS_CONFIG: Failed to get scene config
04-10 17:39:29.728  5324  5324 E OplusAfsManager: afsConfigSceneConfigGet sceneType is null
04-10 17:39:29.728  3465  5623 E OplusInputManagerService_jni: updateInvalidRegion start!!!
04-10 17:39:29.728  3465  5623 E OplusInputManagerService_jni: updateInvalidRegion start!!!
04-10 17:39:29.729  3465  5624 E OplusAppQuickStart_AppQuickStartController: notifyStartActivity intent:Intent { act=android.intent.action.MAIN cat=[android.intent.category.LAUNCHER] flg=0x10200000 xflg=0x4 cmp=cn.com.omnimind.bot/.activity.LauncherActivity bnds=[787,738][1033,1008] (has extras) }
04-10 17:39:29.729  5203  6298 I iopgp   : Iopgp: TRANSACTION_IOPGP_ON_INTENT_STARTED sequence_id = 268 pkg_name = cn.com.omnimind.bot class_name = cn.com.omnimind.bot.activity.LauncherActivity isCanTrace = 1
04-10 17:39:29.730  3465  4574 I [UAH_CLIENT]: UahEventAcquire, cmdid:2, pkg:none, identity:com.android.server.wm
04-10 17:39:29.730  3465  5624 E system_server: No package ID 7f found for resource ID 0x7f1202b0.
04-10 17:39:29.730  5203  5203 I iopgp   : Total traces exceed kMaxAppTraces limits, and number is 1
04-10 17:39:29.732  3465  5624 D WindowManager: NFW_setClientVisible:ActivityRecord{53704401 u0 cn.com.omnimind.bot/.activity.LauncherActivity clientVisible:true
04-10 17:39:29.732  3465  5624 V GrammaticalInflectionUtils: AttributionSource: android.content.AttributionSource@96cdbfe9 does not have READ_SYSTEM_GRAMMATICAL_GENDER permission.
04-10 17:39:29.733  3465  5624 D OplusCompatModeManagerService: getRequestedConfigurationOrientation  res:0,req:-1,config.old:0,config.new:0,ActivityRecord{53704401 u0 cn.com.omnimind.bot/.activity.LauncherActivity t-1}
04-10 17:39:29.733  3465  5624 D OplusCompatModeManagerService:  onPreActivityRecordConfigurationChanged {0.0 ?mcc??mnc ?localeList ?layoutDir ?swdp ?wdp ?hdp ?density ?lsize ?long ?ldr ?wideColorGamut ?orien ?uimode ?night ?touch ?keyb/?/? ?nav/? winConfig={ mBounds=Rect(0, 0 - 0, 0) mAppBounds=null mMaxBounds=Rect(0, 0 - 0, 0) mDisplayRotation=undefined mWindowingMode=undefined mActivityType=undefined mAlwaysOnTop=undefined mRotation=undefined} ?fontWeightAdjustmentmThemeChanged= 0, mThemeChangedFlags= 0, mFlipFont= 0, mScenario= -1, mAccessibleChanged= 0, mUxIconConfig= 0, mMaterialColor= ffffffffffffffff, mUserId= -1, mFontUserId= -1, mFontVariationSettings= ffffffff, mFoldingAngle = -1.0, mIconPackName= , mDarkModeBackgroundMaxL= -1.0, mDarkModeDialogBgMaxL= -1.0, mDarkModeForegroundMinL= -1.0, mOplusConfigType= 0, mOplusChangedConfigs= 0, OpSans= -1, mBurmeseFontFlag= -1, mFlag= 0, mExtraFlag= 0, mFlexibleActivitySuitable= -1, mPuttDisplayFlag= -1}
04-10 17:39:29.733  3465  5624 D OplusCompatModeManagerService:  disable:true,valid:false,computeReq:0,isGameRatio:false
04-10 17:39:29.733  3465  5624 D OplusCompatModeManagerService:  getOverrideMinAspectRatioForCompatMode: 0.0 getRawOverrideMinAspectRatioForCompatMode: 0.0
04-10 17:39:29.733  3465  5624 D OplusCompatModeManagerService:  ar : ActivityRecord{53704401 u0 cn.com.omnimind.bot/.activity.LauncherActivity t-1} displayId:-1 inCompatMode: false
04-10 17:39:29.733  3465  5624 D OplusCompatModeManagerService: isDefaultDisplay true oldRect: Rect(0, 0 - 0, 0) newRect Rect(0, 0 - 0, 0)
04-10 17:39:29.733  3465  5624 D OplusCompatModeManagerService: reloadCompactRatio mParWorldContainer.isEnabledParallelWindow(pkg):false,mParWorldContainer.isDisabledCompactWindow:false,isUIAutoLayout:false, isFullOrientation: false
04-10 17:39:29.734  3465  5624 D FlexibleTaskController: isSupportFlexibleWindow target = cn.com.omnimind.bot/.activity.LauncherActivity callPkg = FlexibleTaskController support = true ,caller = 3465
04-10 17:39:29.734  4821  2468 I SystemUi--NavBar: NoBackGesture-->display_id_0 updateGestureAreaRatio newSize: 66.0 ,mBottomGestureAreaHeightInMistouch: 66
04-10 17:39:29.734  4821  2468 I SystemUi--NavBar: NoBackGesture-->display_id_0 updateGestureBottomArea: mBottomGestureAreaHeight = 66
04-10 17:39:29.734  3465  5624 D ActivityStarterExtImpl: do not intercept for realCallingAppIsHomeApp or CallingAppIsHomeApp
04-10 17:39:29.735  3465  4572 D osense-blo-strict: switchingCnt = 2
04-10 17:39:29.735  3465  5624 D FlexibleWindowManagerService: isIgnoreAppearedAcrossTask:false
04-10 17:39:29.736  3465  5624 D FlexibleWindowManagerService: isIgnoreAppearedAcrossTask:false
04-10 17:39:29.736  3465  5624 D FlexibleTaskController: findSourceTaskForFreeForm: sourceRecord = ActivityRecord{226980907 u0 com.android.launcher/.Launcher t5} ,realCallingPid:5324 ,launchFromZoomMode:false ,prevTopTask:Task{21031cd #5 type=undefined I=com.android.launcher/.Launcher}
04-10 17:39:29.736  3465  5624 D FlexibleTaskController: adjustOptionsForFlexibleTask not allow options follow process task's options, reason:9 ,reusedOptions:null
04-10 17:39:29.736  3465  5624 D FlexibleTaskController: isSupportFlexibleWindow target = cn.com.omnimind.bot/.activity.LauncherActivity callPkg = FlexibleTaskController support = true ,caller = 3465
04-10 17:39:29.736  3465  5624 D FlexibleWindowManagerService: no reused task found for ActivityRecord{53704401 u0 cn.com.omnimind.bot/.activity.LauncherActivity t-1}
04-10 17:39:29.737  3465  5190 I OPM     : handleActivityStart : ActivityRecord{53704401 u0 cn.com.omnimind.bot/.activity.LauncherActivity t-1}
04-10 17:39:29.739  3465  5624 D TaskExtImpl: setScenario --> 0 for #2518
04-10 17:39:29.739  5508  5740 I Blur_BlurServiceImpl: [pauseBlur] connection=android.os.BinderProxy@a5c333e layer=com.android.launcher/com.android.launcher.Launcher
04-10 17:39:29.739  3465  5624 D OplusCompatModeManagerService: getRequestedConfigurationOrientation  res:0,req:-1,config.old:0,config.new:1,ActivityRecord{53704401 u0 cn.com.omnimind.bot/.activity.LauncherActivity t2518}
04-10 17:39:29.739  3465  5624 D OplusCompatModeManagerService:  onPreActivityRecordConfigurationChanged {1.0 ??mcc??mnc [zh_CN] ldltr sw360dp w360dp h792dp 480dpi nrml long hdr widecg port finger -keyb/v/h -nav/h winConfig={ mBounds=Rect(0, 0 - 1080, 2376) mAppBounds=Rect(0, 0 - 1080, 2376) mMaxBounds=Rect(0, 0 - 1080, 2376) mDisplayRotation=ROTATION_0 mWindowingMode=fullscreen mActivityType=standard mAlwaysOnTop=undefined mRotation=ROTATION_0} s.28193 fontWeightAdjustment=0mThemeChanged= 0, mThemeChangedFlags= 0, mFlipFont= 0, mScenario= 0, mAccessibleChanged= -1, mUxIconConfig= 1e177015e00020, mMaterialColor= 0, mUserId= 0, mFontUserId= 0, mFontVariationSettings= 1226, mFoldingAngle = -1.0, mIconPackName= , mDarkModeBackgroundMaxL= 0.0, mDarkModeDialogBgMaxL= 27.0, mDarkModeForegroundMinL= 100.0, mOplusConfigType= 1, mOplusChangedConfigs= 0, OpSans= -1, mBurmeseFontFlag= 2, mFlag= 0, mExtraFlag= 0, mFlexibleActivitySuitable= -1, mPuttDisplayFlag= -1}
04-10 17:39:29.739  3465  5624 D OplusCompatModeManagerService:  disable:true,valid:false,computeReq:0,isGameRatio:false
04-10 17:39:29.739  3465  5624 D OplusCompatModeManagerService:  getOverrideMinAspectRatioForCompatMode: 0.0 getRawOverrideMinAspectRatioForCompatMode: 0.0
04-10 17:39:29.739  3465  5624 D OplusCompatModeManagerService:  ar : ActivityRecord{53704401 u0 cn.com.omnimind.bot/.activity.LauncherActivity t2518} displayId:0 inCompatMode: false
04-10 17:39:29.739  3465  5624 D OplusCompatModeManagerService: isDefaultDisplay true oldRect: Rect(0, 0 - 0, 0) newRect Rect(0, 0 - 1080, 2376)
04-10 17:39:29.739  3465  5624 D OplusCompatModeManagerService: reloadCompactRatio mParWorldContainer.isEnabledParallelWindow(pkg):false,mParWorldContainer.isDisabledCompactWindow:false,isUIAutoLayout:false, isFullOrientation: false
04-10 17:39:29.740  3465  5624 D SecondaryPageStartupPolicy: checkSecondaryPageStartupStatus not support sourcePackage=com.android.launcher
04-10 17:39:29.741  3465  5624 D OplusStartingWindowManager: we don't revise window flags for third app
04-10 17:39:29.741  3465  5624 D ActivityTaskManager: validateStartingWindowTheme:  Pkg=cn.com.omnimind.bot, Translucent=false, Floating=false, ShowWallpaper=false, Disable=false, LaunchSource=2, Prev=null, LaunchedFromPackage=com.android.launcher
04-10 17:39:29.741  3465  5624 D OplusAlwaysAliveManager: save launch theme 0x7f1202b0 for Task{ba7af0d #2518 type=standard A=10519:cn.com.omnimind.bot}, act=com.android.server.wm.OplusAlwaysAliveManager@c9017b6
04-10 17:39:29.741  3465  5624 D ActivityTaskManager: addStartingWindow for ActivityRecord{53704401 u0 cn.com.omnimind.bot/.activity.LauncherActivity t2518}, mainWin=null, state=INITIALIZING, isKeyguardLocked=false, isKeyguardGoingAway=false
04-10 17:39:29.741  3465  5624 D ActivityTaskManager: getStartingWindowType: , newTask=true, taskSwitch=true, processRunning=false, allowTaskSnapshot=true, activityCreated=false, activityAllDrawn=false, snapshot exist: false
04-10 17:39:29.741  3465  5624 D ActivityRecordExtImpl: handleStartingWindowForCompactWindow origin type:2, adjustType : 2
04-10 17:39:29.742  3465  4327 D BufferQueueConsumer: [](id:d8900000214,api:0,p:-1,c:3465) connect: controlledByApp=false
04-10 17:39:29.742  3465  5624 D TaskOrganizerController: TaskOrganizerController.addStartingWindow: call wmshell to addStartingWindow:ActivityRecord{53704401 u0 cn.com.omnimind.bot/.activity.LauncherActivity t2518}
04-10 17:39:29.743  3465  4327 D BufferQueueConsumer: [[BBQ] OplusStartingSurface#45629#384(BLAST Consumer)384](id:d8900000214,api:0,p:-1,c:3465) setMaxAcquiredBufferCount: 2
04-10 17:39:29.743  3465  4327 D BufferQueueProducer: [[BBQ] OplusStartingSurface#45629#384(BLAST Consumer)384](id:d8900000214,api:2,p:3465,c:3465) connect: api=2 producerControlledByApp=true
04-10 17:39:29.743  3465  5624 D ActivityTrigger: ActivityTrigger activityPauseTrigger 
04-10 17:39:29.743  4821  4985 D PhoneStartingWindowTypeAlgorithm: preferredStartingWindowType newTask=true, taskSwitch=true, processRunning=false, allowTaskSnapshot=true, activityCreated=false, isSolidColorSplashScreen=false, legacySplashScreen=false, activityDrawn=false, windowless=false, topIsHome=false
