04-10 17:39:28.930  3465  3746 D OplusTransitionController:    ChangeInfo{c9ad667 container=WallpaperWindowToken{d78e1a6 showWhenLocked=false} flags=0x0}
04-10 17:39:28.930  3465  3746 D OplusTransitionController:    ChangeInfo{5eadc14 container=ActivityRecord{226980907 u0 com.android.launcher/.Launcher t5} flags=0x0}
04-10 17:39:28.930  3465  3746 D OplusTransitionController: ]
04-10 17:39:28.930  3465  3746 D OplusTransitionController: }
04-10 17:39:28.930  7128  7128 D SurfaceView: 129942031 handleSyncNoBuffer
04-10 17:39:28.930  3465  3746 D FlexibleTaskTransitionController:  finishTransition pendingRecentToFlexibleTask:null,isRotationTransition:false ,pendingRecentToFlexible:null ,transition:TransitionRecord{e88486f id=3021 track=0 type=OPEN flags=0x0 state=4 c=[
04-10 17:39:28.930  3465  3746 D FlexibleTaskTransitionController:    ChangeInfo{af2d97c container=Task{21031cd #5 type=undefined I=com.android.launcher/.Launcher} flags=0x10}
04-10 17:39:28.930  3465  3746 D FlexibleTaskTransitionController:    ChangeInfo{9929205 container=Display{#0 state=ON size=1080x2376 ROTATION_0} flags=0x0}
04-10 17:39:28.930  3465  3746 D FlexibleTaskTransitionController:    ChangeInfo{c3e25a container=Task{47f7aaa #2517 type=standard A=10513:cn.com.omnimind.bot.debug} flags=0x10}
04-10 17:39:28.930  3465  3746 D FlexibleTaskTransitionController:    ChangeInfo{dfafc8b container=WallpaperWindowToken{501ee7a showWhenLocked=true} flags=0x0}
04-10 17:39:28.930  3465  3746 D FlexibleTaskTransitionController:    ChangeInfo{b521168 container=Task{5807af4 #1 type=home} flags=0x10}
04-10 17:39:28.930  3465  3746 D FlexibleTaskTransitionController:    ChangeInfo{1af4981 container=DefaultTaskDisplayArea@124002551 flags=0x0}
04-10 17:39:28.930  3465  3746 D FlexibleTaskTransitionController:    ChangeInfo{acdca26 container=ActivityRecord{203215518 u0 cn.com.omnimind.bot.debug/cn.com.omnimind.bot.activity.LauncherActivity t2517} flags=0x0}
04-10 17:39:28.930  3465  3746 D FlexibleTaskTransitionController:    ChangeInfo{c9ad667 container=WallpaperWindowToken{d78e1a6 showWhenLocked=false} flags=0x0}
04-10 17:39:28.930  3465  3746 D FlexibleTaskTransitionController:    ChangeInfo{5eadc14 container=ActivityRecord{226980907 u0 com.android.launcher/.Launcher t5} flags=0x0}
04-10 17:39:28.930  3465  3746 D FlexibleTaskTransitionController: ]
04-10 17:39:28.930  3465  3746 D FlexibleTaskTransitionController: }
04-10 17:39:28.930  3465  3746 D SnapshotCache: removeRunningEntry id: 2517, callers=com.android.server.wm.SnapshotCache.onIdRemoved:107 com.android.server.wm.TaskSnapshotController.removeAndDeleteSnapshot:398 com.android.server.wm.SnapshotController.onTransitionFinish:254 
04-10 17:39:28.930  3465  3637 I UserAwareMgr: event is already released: SceneEvent{id=2004, maxWorkDurationMs=1000, caller='[launcher]', eventFlags=0, fbPriority=1, keyThreads=[KeyThread{name=UiThreadHelper, owner=self, schedPolicy=ux, priority=LIGHT, maxThreadCount=1}], vipBinderGroup=null}, callingPid: 3465, appPid: 0
04-10 17:39:28.930  4821  4923 D SplitScreen-->AppLockManager: setStartFromSafeControl mStartFromSafeControl=false
04-10 17:39:28.930  4821  4923 D ShellTaskOrganizerExt: adjust change for exiting mini task: -1
04-10 17:39:28.930  3465  3637 W UserAwareMgr: event can not be released, id: 5005, count: 2, releasePid: 3465
04-10 17:39:28.931  4821  4923 D OplusShellTransition: isRecentsAnimation is: true isRemoteAnimation false
04-10 17:39:28.931  4821  4923 D OplusShellTransition: isLandScapeExitScene and mIsLandScapeExitScene is: false, notify launcher to cancel listener
04-10 17:39:28.931  4821  4923 D ShellTaskOrganizer: onLandScapeSceneExit, isRecent is: false
04-10 17:39:28.931  3465  5562 E TransitionChain: Can't collect into a chain with no transition
04-10 17:39:28.931  3465  5562 D ActivityTaskManager: setAppVisibility(Token{87a30d2 ActivityRecord{91906055 u0 cn.com.omnimind.bot.debug/cn.com.omnimind.bot.activity.MainActivity t2517}}, visible=false):  visible=true mVisibleRequested=true
04-10 17:39:28.931  3465  5562 D ActivityTaskManager: setVisibility defer change visibility for:ActivityRecord{91906055 u0 cn.com.omnimind.bot.debug/cn.com.omnimind.bot.activity.MainActivity t2517} visible:false
04-10 17:39:28.931  3465  5562 D ActivityTaskManager: setVisibility(Token{87a30d2 ActivityRecord{91906055 u0 cn.com.omnimind.bot.debug/cn.com.omnimind.bot.activity.MainActivity t2517}}, visible=false) defer commitVisibility for inFinishingTransition
04-10 17:39:28.931  3465  5562 D Transition: finishTransition ar ActivityRecord{91906055 u0 cn.com.omnimind.bot.debug/cn.com.omnimind.bot.activity.MainActivity t2517}, isVisibleRequested=false, state=RESUMED, visibleAtTransitionEndTokens={}, this=TransitionRecord{8740183 id=3023 track=0 type=TO_FRONT flags=0x80 state=2 c=[
04-10 17:39:28.931  3465  5562 D Transition:    ChangeInfo{2f15f8e container=Task{21031cd #5 type=undefined I=com.android.launcher/.Launcher} flags=0x30}
04-10 17:39:28.931  3465  5562 D Transition:    ChangeInfo{1b723af container=Display{#0 state=ON size=1080x2376 ROTATION_0} flags=0x0}
04-10 17:39:28.931  3465  5562 D Transition:    ChangeInfo{1a60424 container=Task{47f7aaa #2517 type=standard A=10513:cn.com.omnimind.bot.debug} flags=0x4}
04-10 17:39:28.931  3465  5562 D Transition:    ChangeInfo{ec854b7 container=Task{5807af4 #1 type=home} flags=0x30}
04-10 17:39:28.931  3465  5562 D Transition:    ChangeInfo{33b3bc container=DefaultTaskDisplayArea@124002551 flags=0x0}
04-10 17:39:28.931  3465  5562 D Transition:    ChangeInfo{62eff45 container=ActivityRecord{226980907 u0 com.android.launcher/.Launcher t5} flags=0x0}
04-10 17:39:28.931  3465  5562 D Transition: ]
04-10 17:39:28.931  3465  5562 D Transition: }
04-10 17:39:28.931  3465  5562 W WindowManager: captureTaskSnapshot mSnapshotMode= 0 source=Task{47f7aaa #2517 type=standard A=10513:cn.com.omnimind.bot.debug}
04-10 17:39:28.932  3465  5562 D TaskSnapshotControllerExtImpl: createTaskSnapshot isCompatMode:false, isCompactWindow:false
04-10 17:39:28.932  3465  5562 W AbsAppSnapshotControllerExtImpl: updateExcludeLayers, addExcludeLayerList is null or empty, return excludeLayers
04-10 17:39:28.933  7128  7128 W VRI[MainActivity]: performTraversals: cancelAndRedraw, mLastPerformTraversalsSkipDrawReasonpredraw_io.flutter.embedding.android.FlutterActivityAndFragmentDelegate$2
04-10 17:39:28.935  5324  5324 D OplusBaseInputConsumerController: delayRemoveListener(), delayed=false, mListenercom.android.launcher.mode.a@bf1d7ef
04-10 17:39:28.935  5324  5324 E [OPLUS_AFS_CONFIG]: Failed to open AFS config file: /proc/oplus_afs_config/afs_config
04-10 17:39:28.936  5324  5324 E AFS_CONFIG: Failed to get scene config
04-10 17:39:28.936  5324  5324 E OplusAfsManager: afsConfigSceneConfigGet sceneType is null
04-10 17:39:28.936  5324  5324 D RemoteAnimationUtils: setRemoteAnimationViewInfo: info non-null false, withoutRelease = false
04-10 17:39:28.936  5324  5324 D RemoteAnimationUtils: releaseSurface: surfaceControl valid=null
04-10 17:39:28.936  3465  5562 D TaskSnapshotCache: putSnapshot mRunningCache top= ActivityRecord{91906055 u0 cn.com.omnimind.bot.debug/cn.com.omnimind.bot.activity.MainActivity t2517}, mTaskId=2517, snapshot=TaskSnapshot{ mId=1775813968931 mCaptureTime=606544367145601 mTopActivityComponent=cn.com.omnimind.bot.debug/cn.com.omnimind.bot.activity.MainActivity mSnapshot=android.hardware.HardwareBuffer@fe67bc6 (1080x2376) mColorSpace=Display P3 (id=7, model=RGB) mOrientation=1 mRotation=0 mTaskSize=Point(1080, 2376) mOplusCompatMode=false mTopActivityBounds=[0,120][1080,2328] mHasDimLayer=false mContentInsets=[0,120][0,48] mLetterboxInsets=[0,0][0,0] mIsLowResolution=false mIsRealSnapshot=true mWindowingMode=1 mAppearance=24 mIsTranslucent=true mHasImeSurface=false mInternalReferences=2 mUiMode=11, mAppIdMap size= 7
04-10 17:39:28.936  3465  5562 D ActivityTaskManager: commitVisibility: ActivityRecord{91906055 u0 cn.com.omnimind.bot.debug/cn.com.omnimind.bot.activity.MainActivity t2517}: visible=false visibleRequested=false, isInTransition=false 
04-10 17:39:28.936  3465  5562 D Transition: finishTransition ar ActivityRecord{203215518 u0 cn.com.omnimind.bot.debug/cn.com.omnimind.bot.activity.LauncherActivity t2517}, isVisibleRequested=false, state=PAUSED, visibleAtTransitionEndTokens={}, this=TransitionRecord{8740183 id=3023 track=0 type=TO_FRONT flags=0x80 state=2 c=[
04-10 17:39:28.936  3465  5562 D Transition:    ChangeInfo{2f15f8e container=Task{21031cd #5 type=undefined I=com.android.launcher/.Launcher} flags=0x30}
04-10 17:39:28.936  3465  5562 D Transition:    ChangeInfo{1b723af container=Display{#0 state=ON size=1080x2376 ROTATION_0} flags=0x0}
04-10 17:39:28.936  3465  5562 D Transition:    ChangeInfo{1a60424 container=Task{47f7aaa #2517 type=standard A=10513:cn.com.omnimind.bot.debug} flags=0x4}
04-10 17:39:28.936  3465  5562 D Transition:    ChangeInfo{ec854b7 container=Task{5807af4 #1 type=home} flags=0x30}
04-10 17:39:28.936  3465  5562 D Transition:    ChangeInfo{33b3bc container=DefaultTaskDisplayArea@124002551 flags=0x0}
04-10 17:39:28.936  3465  5562 D Transition:    ChangeInfo{62eff45 container=ActivityRecord{226980907 u0 com.android.launcher/.Launcher t5} flags=0x0}
04-10 17:39:28.936  3465  5562 D Transition: ]
04-10 17:39:28.936  3465  5562 D Transition: }
04-10 17:39:28.936  5324  5324 E [OPLUS_AFS_CONFIG]: Failed to open AFS config file: /proc/oplus_afs_config/afs_config
04-10 17:39:28.936  5324  5324 E AFS_CONFIG: Failed to get scene config
04-10 17:39:28.936  5324  5324 E OplusAfsManager: afsConfigSceneConfigGet sceneType is null
04-10 17:39:28.936  3465  5562 D Transition: finishTransition ar ActivityRecord{226980907 u0 com.android.launcher/.Launcher t5}, isVisibleRequested=true, state=RESUMED, visibleAtTransitionEndTokens={}, this=TransitionRecord{8740183 id=3023 track=0 type=TO_FRONT flags=0x80 state=2 c=[
04-10 17:39:28.936  3465  5562 D Transition:    ChangeInfo{2f15f8e container=Task{21031cd #5 type=undefined I=com.android.launcher/.Launcher} flags=0x30}
04-10 17:39:28.936  3465  5562 D Transition:    ChangeInfo{1b723af container=Display{#0 state=ON size=1080x2376 ROTATION_0} flags=0x0}
04-10 17:39:28.936  3465  5562 D Transition:    ChangeInfo{1a60424 container=Task{47f7aaa #2517 type=standard A=10513:cn.com.omnimind.bot.debug} flags=0x4}
04-10 17:39:28.936  3465  5562 D Transition:    ChangeInfo{ec854b7 container=Task{5807af4 #1 type=home} flags=0x30}
04-10 17:39:28.936  3465  5562 D Transition:    ChangeInfo{33b3bc container=DefaultTaskDisplayArea@124002551 flags=0x0}
04-10 17:39:28.936  3465  5562 D Transition:    ChangeInfo{62eff45 container=ActivityRecord{226980907 u0 com.android.launcher/.Launcher t5} flags=0x0}
04-10 17:39:28.936  3465  5562 D Transition: ]
04-10 17:39:28.936  3465  5562 D Transition: }
04-10 17:39:28.936  5324  5324 D OtherActivityInputConsumer: removeListener, mActiveCallbacks == null ? false
04-10 17:39:28.936  3465  5562 I OplusAppSwitchManagerService:  handleAppVisible , r = ActivityRecord{226980907 u0 com.android.launcher/.Launcher t5}
04-10 17:39:28.936  5324  5462 V SystemSensorManagerExtImpl: RegisterListener bmi26x Accelerometer Non-wakeup type:1 delay:200000us by android.view.OrientationEventListener$CompatSensorEventListenerImpl@6858e11 from com.android.launcher
04-10 17:39:28.936  3465  5623 D SensorService: createSensorEventConnection packageName = android.view.OrientationEventListener, opPackageName = com.android.launcher, mCurrentOperatingMode = 0, requestedMode = 0
04-10 17:39:28.937  3465  5562 D OplusTransitionController: finishTransition, transition: TransitionRecord{8740183 id=3023 track=0 type=TO_FRONT flags=0x80 state=4 c=[
04-10 17:39:28.937  3465  5562 D OplusTransitionController:    ChangeInfo{2f15f8e container=Task{21031cd #5 type=undefined I=com.android.launcher/.Launcher} flags=0x30}
04-10 17:39:28.937  3465  5562 D OplusTransitionController:    ChangeInfo{1b723af container=Display{#0 state=ON size=1080x2376 ROTATION_0} flags=0x0}
04-10 17:39:28.937  3465  5562 D OplusTransitionController:    ChangeInfo{1a60424 container=Task{47f7aaa #2517 type=standard A=10513:cn.com.omnimind.bot.debug} flags=0x4}
04-10 17:39:28.937  3465  5562 D OplusTransitionController:    ChangeInfo{ec854b7 container=Task{5807af4 #1 type=home} flags=0x30}
04-10 17:39:28.937  3465  5562 D OplusTransitionController:    ChangeInfo{33b3bc container=DefaultTaskDisplayArea@124002551 flags=0x0}
04-10 17:39:28.937  3465  5562 D OplusTransitionController:    ChangeInfo{62eff45 container=ActivityRecord{226980907 u0 com.android.launcher/.Launcher t5} flags=0x0}
04-10 17:39:28.937  3465  5562 D OplusTransitionController: ]
04-10 17:39:28.937  3465  5562 D OplusTransitionController: }
04-10 17:39:28.937  3465  5562 I OplusRecentsAnimationController: finishTransition transition.mType=3,task=Task{1d5eca8 #2462 type=standard A=10305:com.coloros.filemanager}
04-10 17:39:28.937  3465  5562 I TaskFragmentExtImpl: reset pause in recents anim for mTaskFragment: Task{1d5eca8 #2462 type=standard A=10305:com.coloros.filemanager}
04-10 17:39:28.937  3465  5623 D SensorService: SensorEventConnection type = 3, client = com.android.launcher, listener = android.view.OrientationEventListener
04-10 17:39:28.937  3465  5562 D FlexibleTaskTransitionController:  finishTransition pendingRecentToFlexibleTask:null,isRotationTransition:false ,pendingRecentToFlexible:null ,transition:TransitionRecord{8740183 id=3023 track=0 type=TO_FRONT flags=0x80 state=4 c=[
04-10 17:39:28.937  3465  5562 D FlexibleTaskTransitionController:    ChangeInfo{2f15f8e container=Task{21031cd #5 type=undefined I=com.android.launcher/.Launcher} flags=0x30}
04-10 17:39:28.937  3465  5562 D FlexibleTaskTransitionController:    ChangeInfo{1b723af container=Display{#0 state=ON size=1080x2376 ROTATION_0} flags=0x0}
04-10 17:39:28.937  3465  5562 D FlexibleTaskTransitionController:    ChangeInfo{1a60424 container=Task{47f7aaa #2517 type=standard A=10513:cn.com.omnimind.bot.debug} flags=0x4}
04-10 17:39:28.937  3465  5562 D FlexibleTaskTransitionController:    ChangeInfo{ec854b7 container=Task{5807af4 #1 type=home} flags=0x30}
04-10 17:39:28.937  3465  5562 D FlexibleTaskTransitionController:    ChangeInfo{33b3bc container=DefaultTaskDisplayArea@124002551 flags=0x0}
04-10 17:39:28.937  3465  5562 D FlexibleTaskTransitionController:    ChangeInfo{62eff45 container=ActivityRecord{226980907 u0 com.android.launcher/.Launcher t5} flags=0x0}
04-10 17:39:28.937  3465  5562 D FlexibleTaskTransitionController: ]
04-10 17:39:28.937  3465  5562 D FlexibleTaskTransitionController: }
04-10 17:39:28.937  3465  5562 D OplusShortcutContinuesTransitionPolicy: finishTransition transition=TransitionRecord{8740183 id=3023 track=0 type=TO_FRONT flags=0x80 state=4 c=[
04-10 17:39:28.937  3465  5562 D OplusShortcutContinuesTransitionPolicy:    ChangeInfo{2f15f8e container=Task{21031cd #5 type=undefined I=com.android.launcher/.Launcher} flags=0x30}
04-10 17:39:28.937  3465  5562 D OplusShortcutContinuesTransitionPolicy:    ChangeInfo{1b723af container=Display{#0 state=ON size=1080x2376 ROTATION_0} flags=0x0}
04-10 17:39:28.937  3465  5562 D OplusShortcutContinuesTransitionPolicy:    ChangeInfo{1a60424 container=Task{47f7aaa #2517 type=standard A=10513:cn.com.omnimind.bot.debug} flags=0x4}
04-10 17:39:28.937  3465  5562 D OplusShortcutContinuesTransitionPolicy:    ChangeInfo{ec854b7 container=Task{5807af4 #1 type=home} flags=0x30}
04-10 17:39:28.937  3465  5562 D OplusShortcutContinuesTransitionPolicy:    ChangeInfo{33b3bc container=DefaultTaskDisplayArea@124002551 flags=0x0}
04-10 17:39:28.937  3465  5562 D OplusShortcutContinuesTransitionPolicy:    ChangeInfo{62eff45 container=ActivityRecord{226980907 u0 com.android.launcher/.Launcher t5} flags=0x0}
04-10 17:39:28.937  3465  5562 D OplusShortcutContinuesTransitionPolicy: ]
04-10 17:39:28.937  3465  5562 D OplusShortcutContinuesTransitionPolicy: }
04-10 17:39:28.937  3465  5623 W SensorService: SensorEventConnection sensor handle=11, package = android.view.OrientationEventListener enable
04-10 17:39:28.937  3465  5623 E SensorService: Required app android.view.OrientationEventListener, uid 10221, pid 5324
04-10 17:39:28.937  3465  5562 D ActivityTaskManager: setVisibility after transition for:ActivityRecord{91906055 u0 cn.com.omnimind.bot.debug/cn.com.omnimind.bot.activity.MainActivity t2517}
04-10 17:39:28.937  3465  5623 D SensorService: Calling batch handle==11 flags=0rate=200000000 timeout== 0
04-10 17:39:28.937  3465  5623 D SensorService: SensorDevice::batch: ident=0xb400007b46ebec00, handle=0x0000000b, flags=0, period_ns=200000000 timeout=0
04-10 17:39:28.937  3465  5623 D SensorService: 	>>> actuating h/w BATCH 0x0000000b 200000000 0
04-10 17:39:28.937  3465  5562 D TransitionControllerExtImpl: NFW_send RECOMPUTE_FOCUS in finishTransition
04-10 17:39:28.937  3465  3746 I OplusJoystickManager: handleApplicationSwitch deprecated!
04-10 17:39:28.937  3465  3746 I GameManagerServiceExt-GameManagerServiceExt: on FG change: cn.com.omnimind.bot.debug|com.android.launcher
04-10 17:39:28.937  1789  1789 I sensors-hal: batch:166, android.sensor.accelerometer/11, period=200000000, max_latency=0
04-10 17:39:28.937  4821  4923 D ShellTaskOrganizer: onTransitionFinish, isRecent:true
04-10 17:39:28.937  1789  1789 I sensors-hal: send_sensor_config_request:505, resampler is used, set resampler config
04-10 17:39:28.937  1789  1789 I sensors-hal: send_sync_sensor_request:445, send sync request
04-10 17:39:28.937  1789  1789 I sensors-hal: send_sync_sensor_request:455, send_sync_sensor_request before send_request for accel with SUID low=16722293198261467086 high=4777650670785151670
04-10 17:39:28.937  4821  4923 V WindowManagerShell: Track 0 became idle
04-10 17:39:28.937  4821  4923 V WindowManagerShell: All active transition animations finished
04-10 17:39:28.937  4821  4923 V ShellRecents: [164424209] RecentsController.cleanup
04-10 17:39:28.938  3465  3705 D OplusAppSwitchListener: App Activity Change
04-10 17:39:28.938  4821  4923 V ShellRecents: RecentsController.setInputConsumerEnabled: skip, cb?=false enabled?=false
04-10 17:39:28.938  3465  3705 D OplusAppSwitchListener: Detect cn.com.omnimind.bot.debug switch to background
04-10 17:39:28.938  4821  4923 D OplusShellTransition: RemoteTransitionHandlerandroid.os.BinderProxy@65fb766, onTransitionFinished, finishTransaction.mNativeObject=-5476376614689251840, thread=27
04-10 17:39:28.938  3465  3705 D OplusFeatureReduceBrightness: onAppExit , info = cn.com.omnimind.bot.debug
04-10 17:39:28.938  4821  4923 W OplusShellTransition: remote: android.os.BinderProxy@65fb766 already finished
04-10 17:39:28.938  3465  3705 D OplusAppSwitchListener: Detect com.android.launcher switch to foreground
04-10 17:39:28.938  3465  3705 D OplusFeatureGlobalLimitBrightness: switch to display extreme mode 
04-10 17:39:28.938  1789  1789 I sensors-hal: send_sync_sensor_request:475, wait for notification of response
04-10 17:39:28.938  3465  3686 D OplusBiometricsDisplayHelper: isFold: false, isUnblockByFp: null
04-10 17:39:28.938  3465  5292 D OplusEapManager: mTargetExitName :cn.com.omnimind.bot.debug
04-10 17:39:28.938  3465  3719 D VRR [OPlusRefreshRateService]: handleFrontAppChange pkgName: null
04-10 17:39:28.939  3465  5292 D OplusAppSwitchRuleInfo: generateAppEnterInfo - launch_source_type =  , launch_source_traceid = 
04-10 17:39:28.939  3465  5292 D OplusAppSwitchRuleInfo: generateAppEnterInfo - launch_source_type =  , launch_source_traceid = 
04-10 17:39:28.939  4667  4681 V DCSEX-AppSwitchManager: OnAppSwitchObserver: onAppExit, resuming = com.android.launcher, target = cn.com.omnimind.bot.debug, is ResumingFirstStart =  false, is ResumingMultiApp =  false, extensionInfo =  Bundle[mParcelledData.dataSize=620]
04-10 17:39:28.939  3465  5292 D OplusAppSwitchRuleInfo: generateAppEnterInfo - launch_source_type =  , launch_source_traceid = 
04-10 17:39:28.939  3465  5292 D OplusAppSwitchRuleInfo: generateAppEnterInfo - launch_source_type =  , launch_source_traceid = 
04-10 17:39:28.939  4667 28149 D DCSEX-AppLaunchEventRecorder: onAppSwitch from = cn.com.omnimind.bot.debug to = com.android.launcher
04-10 17:39:28.939  3465  3746 D Transition: finishTransaction-onCommitted syncId=3023
04-10 17:39:28.939  3465  5292 D OplusAppSwitchRuleInfo: generateAppEnterInfo - launch_source_type =  , launch_source_traceid = 
04-10 17:39:28.939  3465  3746 D Transition: finishTransaction-onCommitted syncId=3021
04-10 17:39:28.939  3465  5292 D OplusAppSwitchRuleInfo: generateAppEnterInfo - launch_source_type =  , launch_source_traceid = 
04-10 17:39:28.939  3465  5292 D OplusAppSwitchRuleInfo: generateAppEnterInfo - launch_source_type =  , launch_source_traceid = 
04-10 17:39:28.939  5283  7115 I Athena  : AthenaDynamicReceiver: pre_app:cn.com.omnimind.bot.debug, next_app:com.android.launcher(10221|5324)
04-10 17:39:28.940  3465  5292 D OplusAppSwitchRuleInfo: generateAppEnterInfo - launch_source_type =  , launch_source_traceid = 
04-10 17:39:28.940  3465  5292 D OplusAppSwitchRuleInfo: generateAppEnterInfo - launch_source_type =  , launch_source_traceid = 
04-10 17:39:28.940  3465  5292 I OPM     : home scene change to true
04-10 17:39:28.940  3465  3719 D VRR [OPlusRefreshRateService]: handleFrontAppChange pkgName: com.android.launcher
04-10 17:39:28.940  4821  4821 I PluginSeedling--Origin: LiveAlertInteractorImpl-->notifyEntryDataChanged ENTRY_STATUS_BAR, result:, noe: false
04-10 17:39:28.940  4821  4821 I PluginSeedling--Origin: LiveAlertInteractorImpl-->notifyEntryDataChanged ENTRY_NOTIFICATION, result:, noe: false
04-10 17:39:28.940  4821  4821 I PluginSeedling--Notification: NotificationRepository-->onDataChanged, []
04-10 17:39:28.941  3465  3719 D VRR [OPlusSAManager]: updateAutoMinfps for 4630946450791512195 with nits: 328.66943, mHistOK true, mAmbientOK true, mCctOK true, mIrOK true, mBrightnessOK true, isPkgOK true, SA min fps: 0
04-10 17:39:28.941  3465  5292 D OplusWifiPower_TriggerCenter: mComponentCallback: fgapplist
04-10 17:39:28.941  3465  5292 D OplusLatencyOptimizerManager: enter pkg: com.android.launcher isPrevBlackAppTop: false mIsBlackAppTop: false
04-10 17:39:28.941  3465  5292 D OplusEapManager: mTargetEnterName :com.android.launcher
04-10 17:39:28.940 30803 24003 D SceneSDK.1.0.4-SNAPSHOT.30803.DeepThinkerAppSwitchAbility: onAppSwitchEvent: AppSwitchEvent(timeStamp=1775813968939, eventType=2, targetName=cn.com.omnimind.bot.debug, firstStart=false, multiApp=false, windowMode=0, resumingPackageName=com.android.launcher, resumingActivityName=com.android.launcher.Launcher, isResumingMultiApp=false, isResumingFirstStart=false)
04-10 17:39:28.941  3465  3719 D VRR [OPlusRefreshRateService]:  setDirectorStates [flag: 1, state: 0, directorStateOff: 0]
04-10 17:39:28.941 30803 24003 I metis_v2_AppSwitchDataCollector: AppExitEvent =  cn.com.omnimind.bot.debug, NextAppName = com.android.launcher
04-10 17:39:28.941  4667  4681 V DCSEX-AppSwitchManager: OnAppSwitchObserver: onAppEnter, launchedFrom =  null, target =  com.android.launcher, is firstStart =  false, is multiApp =  false, extensionInfo =  Bundle[mParcelledData.dataSize=996], launch_source_type =  , launch_source_traceid =  
04-10 17:39:28.942  1789  1817 I sensors-hal: qsh_conn_resp_cb:799, resp_value = 0 for accel 
04-10 17:39:28.943  2085  5784 D VRR [RefreshRateDirector]: updateState mState = 1
04-10 17:39:28.943 30803 15057 D SceneSDK.1.0.4-SNAPSHOT.30803.DeepThinkerAppSwitchAbility: onAppSwitchEvent: AppSwitchEvent(timeStamp=1775813968939, eventType=2, targetName=cn.com.omnimind.bot.debug, firstStart=false, multiApp=false, windowMode=0, resumingPackageName=com.android.launcher, resumingActivityName=com.android.launcher.Launcher, isResumingMultiApp=false, isResumingFirstStart=false)
04-10 17:39:28.943 30803 15057 I ContextAware_AppRecommendAdapter: receive app recommend from AppSwitchEvent(eventId=2, switchInfo=AppSwitchInfo(targetName=cn.com.omnimind.bot.debug, firstStart=false, multiApp=false, windowMode=0, resumingPackageName=com.android.launcher, resumingActivityName=com.android.launcher.Launcher, isResumingFirstStart=false, isResumingMultiApp=false))
04-10 17:39:28.943  6010  6024 W Battery : AppSwitchDetectorV2: OnAppSwitchObserver: onAppExit , info = OplusAppExitInfo = {  targetName = cn.com.omnimind.bot.debug hasResumingActivity = true resumingPackageName = com.android.launcher resumingActivityName = com.android.launcher.Launcher resumingWindowMode = 1 isResumingMultiApp = false isResumingFirstStart = false extension = Bundle[mParcelledData.dataSize=620]} lastReg=1775779275295
04-10 17:39:28.943  3465  5292 D OplusAppSwitchRuleInfo: generateAppEnterInfo - launch_source_type =  , launch_source_traceid = 
04-10 17:39:28.943  6010  6024 W Battery : AppSwitchManager: onAppSwitch: [m4.o$d@5d59dce]
04-10 17:39:28.943  3465  3623 I TaskOrganizerController: onTaskInfoChanged taskid 2517 config { mBounds=Rect(0, 0 - 1080, 2376) mAppBounds=Rect(0, 0 - 1080, 2376) mMaxBounds=Rect(0, 0 - 1080, 2376) mDisplayRotation=ROTATION_0 mWindowingMode=fullscreen mActivityType=standard mAlwaysOnTop=undefined mRotation=ROTATION_0}
04-10 17:39:28.943 30803 15057 D SceneSDK.1.0.4-SNAPSHOT.30803.DeepThinkerAppSwitchAbility: onAppSwitchEvent: AppSwitchEvent(timeStamp=1775813968940, eventType=1, targetName=com.android.launcher, firstStart=false, multiApp=false, windowMode=1, resumingPackageName=, resumingActivityName=, isResumingMultiApp=false, isResumingFirstStart=false)
04-10 17:39:28.943 30803 15057 I ContextAware_AppRecommendAdapter: receive app recommend from AppSwitchEvent(eventId=1, switchInfo=AppSwitchInfo(targetName=com.android.launcher, firstStart=false, multiApp=false, windowMode=1, resumingPackageName=, resumingActivityName=, isResumingFirstStart=false, isResumingMultiApp=false))
04-10 17:39:28.943  7128  7128 E [Omni][AssistsCoreChannel]: setMethodCallHandler syncWorkspaceScheduledTasks
04-10 17:39:28.943  3465  5292 D OplusAppSwitchRuleInfo: generateActivityEnterInfo - launch_source_type =  , launch_source_traceid = 
04-10 17:39:28.943  3465  5292 D OplusAppSwitchRuleInfo: generateActivityEnterInfo - launch_source_type =  , launch_source_traceid = 
04-10 17:39:28.943  3465  3623 D OplusFlexibleDragToSplitAnimController: visibleFlexibleTaskInfos delete:2517
04-10 17:39:28.943  3465  3623 E FlexibleWindowManagerService: notifyTaskObserverToAttachController not need to notify!
04-10 17:39:28.943  3465  5292 D OplusAppSwitchRuleInfo: generateActivityEnterInfo - launch_source_type =  , launch_source_traceid = 
04-10 17:39:28.943  6010  6024 W Battery : ThermalControlUtils: mForegroundPkg=com.android.launcher mLastWindowMode=1
04-10 17:39:28.943  1789  1789 I sensors-hal: send_sync_sensor_request:481, takes 5 ms to receive the response with 0
04-10 17:39:28.943  1789  1789 I sensors-hal: batch:188, android.sensor.accelerometer/11, period=200000000, max_latency=0 request completed
04-10 17:39:28.943  6010  6024 W Battery : StateManager: getAppType com.android.launcher, last=1775813962582
04-10 17:39:28.943  3465  5292 D OplusAppSwitchRuleInfo: generateActivityEnterInfo - launch_source_type =  , launch_source_traceid = 
04-10 17:39:28.943  6010  6024 W Battery : ThermalControllerCenter: mSafetyState=10000,  mSafetyTestConfigList=01111,10111,11011,11101,11110,00111,01011,01101,01110,10011,10101,10110,11001,11010,11100,11111
04-10 17:39:28.943  6010  6024 W Battery : ThermalControllHandler: tempLevel=[2],userMode=2,gameUserMode=7,appType=-1,envTempType=0,appStates=[],appSwitchSafetyMode=true,split=[],float=[],full=[com.android.launcher], tempGear=[2],configItemName=common_config
04-10 17:39:28.944  3465  5623 D SensorService: 	>>> actuating h/w flush 11
04-10 17:39:28.944  1789  1789 I sensors-hal: flush:208, android.sensor.accelerometer/11
04-10 17:39:28.944  1654  1677 W statsd  : StatsPullerManager: Unknown tagId 150146
04-10 17:39:28.944  1654  1677 E statsd  : Gauge Stats puller failed for tag: 150146 at 606544374524091
04-10 17:39:28.944  1789  1789 I sensors-hal: flush:671, dt=accel, sending SNS_STD_MSGID_SNS_STD_FLUSH_REQ, _pending_flush_requests=1, _wakeup_type=0
04-10 17:39:28.944  1789  1789 I sensors-hal: send_sync_sensor_request:445, send sync request
04-10 17:39:28.944  1789  1789 I sensors-hal: send_sync_sensor_request:455, send_sync_sensor_request before send_request for accel with SUID low=16722293198261467086 high=4777650670785151670
04-10 17:39:28.944  1654  1677 I statsd  : An anomaly (119840000001) (100198)0x10000->com.android.launcher[S] (100198)0x20000->10221[I]  has occurred! Informing subscribers.
04-10 17:39:28.944  1789  1789 I sensors-hal: send_sync_sensor_request:475, wait for notification of response
04-10 17:39:28.944  3465  3746 D OplusBatteryServiceFeature: setSmartCoolDown: coolDown = 0, normalCoolDown = 0, pkgName = com.android.launcher
04-10 17:39:28.944  5324  5324 D TaskStateHelper: TaskStateChangeTimeOutListener[ON_TRANSITION_FINISH]: true
04-10 17:39:28.944  5324  5324 D ResourcesManagerExtImpl: applyConfigurationToAppResourcesLocked app.getDisplayId() return callback.displayId:0
04-10 17:39:28.944  4821  4923 D ShellTaskOrganizerExt: visibleFlexibleTaskInfos delete:2517
04-10 17:39:28.944  4821  4923 D ShellTaskOrganizerExt: isOnCanvas size:0
04-10 17:39:28.944  4821  4923 D ShellTaskOrganizerExt: isOnThreeFlexibleCanvas size:0
04-10 17:39:28.945  1974  1974 D vendor.oplus.hardware.charger-V10-service: set cooldown:0,  normalCoolDown:0
04-10 17:39:28.945  3465  3623 I FlexibleWindowManagerService: onFlexibleWindowTaskInfoChanged, return for cur task not embedded
04-10 17:39:28.945  1789  1817 I sensors-hal: qsh_conn_resp_cb:799, resp_value = 0 for accel 
04-10 17:39:28.945  1789  1789 I sensors-hal: send_sync_sensor_request:481, takes 1 ms to receive the response with 0
04-10 17:39:28.945  1789  1789 I sensors-hal: flush:214, android.sensor.accelerometer/11 completed
04-10 17:39:28.945  3465  5623 D SensorService: Calling activate on 11
04-10 17:39:28.945  3465  5623 D SensorService: SensorDevice::activate: ident=0xb400007b46ebec00, handle=0x0000000b, enabled=1, count=2
04-10 17:39:28.945  3465  5623 D SensorService: enable index=0
04-10 17:39:28.945  3465  5623 D SensorService: info.numActiveClients() = 2, info.isActive = 1
04-10 17:39:28.945  3465  5623 D SensorService: activateHardware = 0
04-10 17:39:28.946  3465  3623 I WindowStateExtImpl: onSurfaceShowChange show = false mPackageName = cn.com.omnimind.bot.debug parentPkgName = cn.com.omnimind.bot.debug
04-10 17:39:28.946  6010  6299 W Battery : ThermalControllHandler: MSG_THERMAL_CONTROL_CATEGORY_CHANGED
04-10 17:39:28.946  6010  7372 W Battery : AppSceneCenter: PerfPolicy not enable!
04-10 17:39:28.946  3465  3623 D SurfaceComposerClient: Transaction::apply InputWindowCommands.focusRequests timestamp=240690116980526, windowName=480d489 com.android.launcher/com.android.launcher.Launcher
04-10 17:39:28.947  1789  1817 I sensors-hal: handle_sns_std_flush_event:700, dt=accel, META_DATA_FLUSH_COMPLETE, _pending_flush_requests=1, _wakeup_type=0
04-10 17:39:28.947  7128  7128 D ViewRootImplExtImpl: wrapConfigInfoIntoFlags rotation=0, smallestScreenWidthDp=360, residentWS=false, scenario=0, bounds=Rect(0, 0 - 1080, 2376), relayoutAsync=false, flags=0, newFlags=1245719808, title=cn.com.omnimind.bot.debug/cn.com.omnimind.bot.activity.MainActivity
04-10 17:39:28.947  3465  4309 D SensorService: First flush event for sensor==11 
04-10 17:39:28.947  3465  5623 V WindowManager: Relayout Window{4462933 u0 cn.com.omnimind.bot.debug/cn.com.omnimind.bot.activity.MainActivity}: viewVisibility=0, oldvis=0, req=1080x2376 , apr = 0, vsysui=LAYOUT_STABLE LAYOUT_HIDE_NAVIGATION LAYOUT_FULLSCREEN, x=0, y=0
04-10 17:39:28.948  3465  5623 D QuickBackInputPolicy: hasMultiChildrenInTask: false
04-10 17:39:28.948  3465  5623 D WindowManager: NFW_findFocusedWindowIfNeeded:Window{480d489 u0 com.android.launcher/com.android.launcher.Launcher} mCurrentFocus:Window{480d489 u0 com.android.launcher/com.android.launcher.Launcher}
04-10 17:39:28.949 30803 31135 E metis_v2_JenaHandlerManager: local thread match
04-10 17:39:28.949  7128  7128 D VRI[MainActivity]: relayoutWindow result, sizeChanged:false, surfaceControlChanged:false, transformHintChanged:false, mSurfaceSize:Point(1080, 2376), mLastSurfaceSize:Point(1080, 2376), mWidth:1080, mHeight:2376, requestedWidth:1080, requestedHeight:2376, transformHint:0, installOrientation:0, displayRotation:0, isSurfaceValid:true, attr.flag:-2122252032, tmpFrames:ClientWindowFrames{frame=[0,0][1080,2376] display=[0,0][1080,2376] parentFrame=[0,0][0,0]}, relayoutAsync:false, mSyncSeqId:0
04-10 17:39:28.949  7128  7128 W VRI[MainActivity]: updateBlastSurfaceIfNeeded, surfaceSize:Point(1080, 2376), lastSurfaceSize:Point(1080, 2376), format:-3, blastBufferQueue:android.graphics.BLASTBufferQueue@80f621
04-10 17:39:28.951 30803 31135 E metis_v2_JenaHandlerManager: local thread match
04-10 17:39:28.951  3465  3622 D QuickBackInputPolicy: hasMultiChildrenInTask: false
04-10 17:39:28.951  3465  3622 D WindowManager: NFW_findFocusedWindowIfNeeded:Window{480d489 u0 com.android.launcher/com.android.launcher.Launcher} mCurrentFocus:Window{480d489 u0 com.android.launcher/com.android.launcher.Launcher}
04-10 17:39:28.951  3465  3746 D OplusStartingWindowManager: updateRecordSurfaceViewState windowToken = android.os.BinderProxy@3d2b8a2, surfaceState = true, attachedToWindow = true, inList = false, win = Window{4462933 u0 cn.com.omnimind.bot.debug/cn.com.omnimind.bot.activity.MainActivity}
04-10 17:39:28.952  7128  7128 D SurfaceView: 129942031 handleSyncNoBuffer
04-10 17:39:28.952  7128  7128 W VRI[MainActivity]: performTraversals: cancelAndRedraw, mLastPerformTraversalsSkipDrawReasonpredraw_io.flutter.embedding.android.FlutterActivityAndFragmentDelegate$2
04-10 17:39:28.952  7128  7128 D WindowLayoutComponentImpl: app addWindowLayoutInfoListener activity:cn.com.omnimind.bot.activity.MainActivity@b13c4bc consumer :androidx.window.layout.adapter.extensions.MulticastConsumer@50f6934
04-10 17:39:28.952  7128  7128 D WindowLayoutComponentImpl: Register WindowLayoutInfoListener on Context=cn.com.omnimind.bot.activity.MainActivity@b13c4bc, of which baseContext=android.app.ContextImpl@bd5d35d
04-10 17:39:28.953 30803 24003 D SceneSDK.1.0.4-SNAPSHOT.30803.DeepThinkerAppSwitchAbility: onAppSwitchEvent: AppSwitchEvent(timeStamp=1775813968940, eventType=1, targetName=com.android.launcher, firstStart=false, multiApp=false, windowMode=1, resumingPackageName=, resumingActivityName=, isResumingMultiApp=false, isResumingFirstStart=false)
04-10 17:39:28.953 30803 24003 I metis_v2_AppSwitchDataCollector: AppEnterEvent =  com.android.launcher, windowMode = 1,firstStart = false
04-10 17:39:28.953 30803 24003 W metis_v2_AppSwitchDataCollector: fenceKey = com.oplus.metis:TOP_APPLICATION, getExits = [], getEnters = [] packageName = com.android.launcher
04-10 17:39:28.954  3465  4537 D BackgroundInstallControlService: Package event received: 0
04-10 17:39:28.955  5203  6298 I iopgp   : Iopgp: TRANSACTION_IOPGP_ON_ACTIVITY_LAUNCH_CANCELLED sequence_id = 267
04-10 17:39:28.955  7128  7128 I flutter : ScheduledTaskSchedulerService: Native scheduler synced 0 tasks
04-10 17:39:28.955  3465  3637 I UserAwareMgr: handleAppChangedToBg, pkgName: cn.com.omnimind.bot.debug, pid: 7128
04-10 17:39:28.956  5203  5203 I iopgp   : Iopgp::abort tracing.
04-10 17:39:28.957  2085  2705 D SurfaceFlinger: updateWinowInfo=1, setFocusedWindow timestamp=240690116980526, windowName=480d489 com.android.launcher/com.android.launcher.Launcher
04-10 17:39:28.957  3465  3746 I InputDispatcher: updateFocusedWindow,  on display 0, reason: NOT_VISIBLE, result:   FocusedWindows: <none>
04-10 17:39:28.957  3465  5623 I InputDispatcher: NFW_setFocusedWindow, 480d489 com.android.launcher/com.android.launcher.Launcher on display 0, same as the previous:0
04-10 17:39:28.957  3465  5623 I InputDispatcher: updateFocusedWindow, 480d489 com.android.launcher/com.android.launcher.Launcher on display 0, reason: setFocusedWindow, result:   FocusedWindows:
04-10 17:39:28.957  3465  5623 I InputDispatcher:     displayId=0, name='480d489 com.android.launcher/com.android.launcher.Launcher'
04-10 17:39:28.957  3465  3622 V WindowManager: Unknown focus tokens, dropping reportFocusChanged
04-10 17:39:28.958  5324  5324 D VRI[Launcher]: onFocusEvent true
04-10 17:39:28.958 30803 24003 W metis_v2_AppSwitchDataCollector: pid = 5324, cachePid=5324
04-10 17:39:28.959  7128  7128 W VRI[MainActivity]: performTraversals: cancelAndRedraw, mLastPerformTraversalsSkipDrawReasonpredraw_io.flutter.embedding.android.FlutterActivityAndFragmentDelegate$2
04-10 17:39:28.960  7128  7128 D VRI[LauncherActivity]: setWindowStopped stopped:true
04-10 17:39:28.960  5324  5324 W System.err: java.lang.NoSuchFieldException: No field mSnapshotBundle in class Landroid/window/TaskSnapshot; (declaration of 'android.window.TaskSnapshot' appears in /system/framework/framework.jar!classes5.dex)
04-10 17:39:28.960  5324  5324 W System.err: 	at java.lang.Class.getDeclaredField(Native Method)
04-10 17:39:28.960  5324  5324 W System.err: 	at com.oplus.basecommon.util.ReflectUtil.getFieldValue(SourceFile:4)
04-10 17:39:28.960  5324  5324 W System.err: 	at com.oplus.basecommon.util.ReflectUtil.getFieldValue(SourceFile:1)
04-10 17:39:28.960  5324  5324 W System.err: 	at com.oplus.basecommon.util.ReflectUtil.getRefBundle(Unknown Source:0)
04-10 17:39:28.960  5324  5324 W System.err: 	at com.android.systemui.shared.recents.model.ThumbnailData.<init>(SourceFile:31)
04-10 17:39:28.960  5324  5324 W System.err: 	at com.android.systemui.shared.system.TaskStackChangeListeners$Impl.lambda$handleMessage$1(Unknown Source:22)
04-10 17:39:28.960  5324  5324 W System.err: 	at com.android.systemui.shared.system.TaskStackChangeListeners$Impl.b(Unknown Source:0)
04-10 17:39:28.960  5324  5324 W System.err: 	at com.android.systemui.shared.system.m.run(Unknown Source:6)
04-10 17:39:28.960  5324  5324 W System.err: 	at com.android.quickstep.OplusTaskThumbnailCacheImpl.callTaskSnapshotChanged(Unknown Source:62)
04-10 17:39:28.960  5324  5324 W System.err: 	at com.android.systemui.shared.system.TaskStackChangeListeners$Impl.handleMessage(Unknown Source:632)
04-10 17:39:28.960  5324  5324 W System.err: 	at android.os.Handler.dispatchMessage(Handler.java:111)
04-10 17:39:28.960  5324  5324 W System.err: 	at android.os.Looper.loopOnce(Looper.java:298)
04-10 17:39:28.960  5324  5324 W System.err: 	at android.os.Looper.loop(Looper.java:408)
04-10 17:39:28.960  5324  5324 W System.err: 	at com.android.launcher.monitor.exception.MainThreadExceptionMonitor.startWatching$lambda$2(Unknown Source:14)
04-10 17:39:28.960  5324  5324 W System.err: 	at com.android.launcher.monitor.exception.MainThreadExceptionMonitor.a(Unknown Source:0)
04-10 17:39:28.960  5324  5324 W System.err: 	at com.android.common.config.d.run(Unknown Source:87)
04-10 17:39:28.960  5324  5324 W System.err: 	at android.os.Handler.handleCallback(Handler.java:1027)
04-10 17:39:28.960  5324  5324 W System.err: 	at android.os.Handler.dispatchMessage(Handler.java:108)
04-10 17:39:28.960  5324  5324 W System.err: 	at android.os.Looper.loopOnce(Looper.java:298)
04-10 17:39:28.960  5324  5324 W System.err: 	at android.os.Looper.loop(Looper.java:408)
04-10 17:39:28.960  5324  5324 W System.err: 	at android.app.ActivityThread.main(ActivityThread.java:9964)
04-10 17:39:28.960  5324  5324 W System.err: 	at java.lang.reflect.Method.invoke(Native Method)
04-10 17:39:28.960  5324  5324 W System.err: 	at com.android.internal.os.RuntimeInit$MethodAndArgsCaller.run(RuntimeInit.java:613)
04-10 17:39:28.960  5324  5324 W System.err: 	at com.android.internal.os.ZygoteInit.main(ZygoteInit.java:1074)
04-10 17:39:28.960  5010  6605 V OsAgent : broadcastSystemEvent - 7
04-10 17:39:28.961 30803 24003 I metis_v2_AppSwitchDataCollector:  set isNotifiedTVCast
04-10 17:39:28.961  3465  4356 I ImeTracker: com.android.launcher:51659b13: onRequestHide at ORIGIN_SERVER reason HIDE_SAME_WINDOW_FOCUSED_WITHOUT_EDITOR fromUser false
04-10 17:39:28.961 30803 24003 E metis_v2_FactManager: There is no subModel: com.oplus.linker
04-10 17:39:28.961 30803 24003 I metis_v2_AppSwitchDataCollector: Skip call fire
04-10 17:39:28.962  5324  5324 D InsetsController: hide(ime(), fromIme=false)
04-10 17:39:28.962  5324  5324 I ImeTracker: com.android.launcher:51659b13: onCancelled at PHASE_CLIENT_ALREADY_HIDDEN
04-10 17:39:28.964  7128  7128 V [Omni]LauncherActivity: LauncherActivity onStop, finishing
04-10 17:39:28.965  7128  7128 D ActivityClient: activity finished by caller: android.app.Activity.finish:7644 android.app.Activity.finish:7661 cn.com.omnimind.bot.activity.LauncherActivity.onStop:118 android.app.Instrumentation.callActivityOnStop:1757 android.app.Activity.performStop:9678 android.app.ActivityThread.callActivityOnStop:6521 android.app.ActivityThread.performStopActivityInner:6501 android.app.ActivityThread.handleStopActivity:6569 android.app.servertransaction.StopActivityItem.execute:43 android.app.servertransaction.ActivityTransactionItem.execute:63 
04-10 17:39:28.968 28088 27991 I FontLog : (REDACTED) Received query %s, URI %s
04-10 17:39:28.968 28088 27991 I FontLog : (REDACTED) Query [%s] resolved to %s
04-10 17:39:28.970 28088 27991 I FontLog : (REDACTED) Fetch %s end status %s
04-10 17:39:28.970  7128  7128 D VRI[MainActivity]: setWindowStopped stopped:true
04-10 17:39:28.971  7128  7128 I SurfaceView: 129942031 surfaceDestroyed
04-10 17:39:28.973 28088 27904 I FontLog : (REDACTED) Pulling font file for id = %d, cache size = %d
04-10 17:39:28.975  7128  7230 D BufferQueueProducer: [7bec20f SurfaceView[cn.com.omnimind.bot.debug/cn.com.omnimind.bot.activity.MainActivity]#2(BLAST Consumer)2](id:1bd800000002,api:1,p:7128,c:7128) disconnect: api 1
04-10 17:39:28.975  7128  7128 D BufferQueueProducer: [7bec20f SurfaceView[cn.com.omnimind.bot.debug/cn.com.omnimind.bot.activity.MainActivity]#2(BLAST Consumer)2](id:1bd800000002,api:0,p:-1,c:7128) disconnect: api -1
04-10 17:39:28.975  7128  7128 D BLASTBufferQueue: [7bec20f SurfaceView[cn.com.omnimind.bot.debug/cn.com.omnimind.bot.activity.MainActivity]#2](f:0,a:0) destructor()
04-10 17:39:28.975  7128  7128 D BufferQueueConsumer: [7bec20f SurfaceView[cn.com.omnimind.bot.debug/cn.com.omnimind.bot.activity.MainActivity]#2(BLAST Consumer)2](id:1bd800000002,api:0,p:-1,c:7128) disconnect
04-10 17:39:28.976  3465  3746 D OplusStartingWindowManager: updateRecordSurfaceViewState windowToken = android.os.BinderProxy@3d2b8a2, surfaceState = false, attachedToWindow = true, inList = false, win = Window{4462933 u0 cn.com.omnimind.bot.debug/cn.com.omnimind.bot.activity.MainActivity}
04-10 17:39:28.976  3465  3635 D AppProfilerExtImpl: Skipped pss collection for CPU busy
04-10 17:39:28.983 28088 27904 I FontLog : (REDACTED) Pulling font file for id = %d, cache size = %d
04-10 17:39:28.992  7128  7128 D HWUI    : RenderProxy::destroy: this=0xb400007d94aa0d00, mContext=0xb400007c0b85db00
04-10 17:39:28.993  7128  7184 D HWUI    : SkiaOpenGLPipeline::setSurface: this=0xb400007d3ac66200, surface=NULL
04-10 17:39:28.993  7128  7184 D BufferQueueProducer: [VRI[MainActivity]#1(BLAST Consumer)1](id:1bd800000001,api:1,p:7128,c:7128) disconnect: api 1
04-10 17:39:28.993  7128  7184 D BLASTBufferQueue: [VRI[MainActivity]#1](f:0,a:0) destructor()
04-10 17:39:28.993  7128  7184 D BufferQueueConsumer: [VRI[MainActivity]#1(BLAST Consumer)1](id:1bd800000001,api:0,p:-1,c:7128) disconnect
04-10 17:39:28.997 16958 17054 I MMKV    : <MMKV_IO.cpp:456::writeActualSize> [mmkv.default] increase sequence to 57917, crc 1095271728, actualSize 743
04-10 17:39:29.000  7128  7128 D ViewRootImplExtImpl: wrapConfigInfoIntoFlags rotation=0, smallestScreenWidthDp=360, residentWS=false, scenario=0, bounds=Rect(0, 0 - 1080, 2376), relayoutAsync=false, flags=0, newFlags=1245719808, title=cn.com.omnimind.bot.debug/cn.com.omnimind.bot.activity.MainActivity
04-10 17:39:29.000  3465  3746 V WindowManager: Relayout Window{4462933 u0 cn.com.omnimind.bot.debug/cn.com.omnimind.bot.activity.MainActivity}: viewVisibility=4, oldvis=0, req=1080x2376 , apr = 0, vsysui=LAYOUT_STABLE LAYOUT_HIDE_NAVIGATION LAYOUT_FULLSCREEN, x=0, y=0
04-10 17:39:29.001  3465  3746 D QuickBackInputPolicy: hasMultiChildrenInTask: false
04-10 17:39:29.001  3465  3746 D WindowManager: NFW_findFocusedWindowIfNeeded:Window{480d489 u0 com.android.launcher/com.android.launcher.Launcher} mCurrentFocus:Window{480d489 u0 com.android.launcher/com.android.launcher.Launcher}
04-10 17:39:29.004  7128  7128 D VRI[MainActivity]: relayoutWindow result, sizeChanged:false, surfaceControlChanged:true, transformHintChanged:false, mSurfaceSize:Point(1080, 2376), mLastSurfaceSize:Point(1080, 2376), mWidth:1080, mHeight:2376, requestedWidth:1080, requestedHeight:2376, transformHint:0, installOrientation:0, displayRotation:0, isSurfaceValid:false, attr.flag:-2122252032, tmpFrames:ClientWindowFrames{frame=[0,0][1080,2376] display=[0,0][1080,2376] parentFrame=[0,0][0,0]}, relayoutAsync:false, mSyncSeqId:0
04-10 17:39:29.010  7128  7128 D ViewRootImplExtImpl: wrapConfigInfoIntoFlags rotation=0, smallestScreenWidthDp=360, residentWS=false, scenario=0, bounds=Rect(0, 0 - 1080, 2376), relayoutAsync=false, flags=0, newFlags=1245719808, title=cn.com.omnimind.bot.debug/cn.com.omnimind.bot.activity.LauncherActivity
04-10 17:39:29.010  3465  3746 V WindowManager: Relayout Window{8986fef u0 cn.com.omnimind.bot.debug/cn.com.omnimind.bot.activity.LauncherActivity}: viewVisibility=8, oldvis=8, req=1080x2376 , apr = 0, vsysui=, x=0, y=0
04-10 17:39:29.012  7128  7128 D VRI[LauncherActivity]: relayoutWindow result, sizeChanged:false, surfaceControlChanged:true, transformHintChanged:false, mSurfaceSize:Point(1080, 2376), mLastSurfaceSize:Point(1080, 2376), mWidth:1080, mHeight:2376, requestedWidth:1080, requestedHeight:2376, transformHint:0, installOrientation:0, displayRotation:0, isSurfaceValid:false, attr.flag:-2122252032, tmpFrames:ClientWindowFrames{frame=[0,0][1080,2376] display=[0,0][1080,2376] parentFrame=[0,0][0,0]}, relayoutAsync:false, mSyncSeqId:0
04-10 17:39:29.042  5324  5324 D OplusBaseInputConsumerController: mRemoveListenerRunnable, mListener=com.android.launcher.mode.a@bf1d7ef
04-10 17:39:29.050  1789 11320 I sensors-hal: handle_oplus_wise_rgb_event:160, wise_rgb:(50098)(cct,lux,ir)[5285.99, 577.28, 47.613224](rgbc)[23200.29, 15177.83, 8156.75, 42488.81](pwm,hbm,brl,algo)[1.0 0.0 2215.0 2.0],flag 0
04-10 17:39:29.066  5324  5324 D OplusRecentsView: onPageEndTransition
04-10 17:39:29.074  5324  5324 I [UAH_CLIENT]: UahRelease, handle:97838
04-10 17:39:29.093  7128  7128 I flutter : 🎨 [FlutterStartup] MyApp initState start
04-10 17:39:29.099  2576  3910 D QmiClient: qmiServiceEventCallback recv msg id 47
04-10 17:39:29.099  2576  3910 D QmiClient: enter -mServiceType 10 onQmiServiceEventCallback msgId 47
04-10 17:39:29.099  2576  3910 D QmiClient: onQmiServiceEventCallback - enter. msgId=47
04-10 17:39:29.099  2576  2937 D OttProxy: handleMessage msg is 3001
04-10 17:39:29.099  5302 22278 D SubsysRadioIndication[0]: radioLinkLatencyInfoInd
04-10 17:39:29.099  5302 22278 D SubsysRadioIndication[0]: notify enter
04-10 17:39:29.099  5302  5302 D NetworkService[0]: handleMessage what:1008
04-10 17:39:29.099  5302  5302 D NetworkService[0]: EVENT_REG_LINK_LATENCY_INFO_CHANGE ulLatency:-1
04-10 17:39:29.107  7128  7128 I flutter : initialLocation: null
04-10 17:39:29.108  1974  6610 D charge_time: type=cdp/dcp,reserve_soc=3,soc=84,ui_soc=87,current=-23,avg=264,not_chg_cnt=5,stable_cnt=7,fcc=4714,fcc_ratio=89,delta=0,debug=0,region=12,ttf=3990(01:06:30),ui_ttf=3616(01:00:16)
04-10 17:39:29.135  1834  1834 I [UAH_CLIENT]: UahPlatformResAcquire
04-10 17:39:29.135  1834  1834 I [UAH_CLIENT]: UahEventAcquire, cmdid:-3, pkg:2567 2579, identity:qcom-perfd
04-10 17:39:29.136  1834  1863 E ANDR-PERF-RESOURCEQS: ANDR-PERF-RESOURCEQS: AddAndApply() 125: Resource with major=16, minor=0 not supported
04-10 17:39:29.168  7128  7128 I flutter : ⏱️  [FlutterStartup] eventListenerProvider init cost: 17ms
04-10 17:39:29.169  7128  7128 I flutter : ⏱️  [FlutterStartup] MyApp initState cost: 76ms
04-10 17:39:29.170  7128  7128 I flutter : 🎨 [FlutterStartup] MyApp build start
04-10 17:39:29.185  1834  1834 I [UAH_CLIENT]: UahRelease, handle:97850
04-10 17:39:29.247  5302  7838 D AppSenseConfig: getIgnoreAppList: [com.android.launcher, com.android.contacts, com.oplus.wirelesssettings, com.coloros.alarmclock, com.coloros.calculator, com.coloros.calendar, com.coloros.phonemanager, com.android.settings, com.android.phone, com.oplus.nas, com.oplus.nhs, com.oplus.appdetail, com.android.permissioncontroller, com.oplus.pscanvas, com.oplus.autotest.test.ctp, com.android.systemui, com.android.systemui.overlay.fingerprint.anim.fy, com.android.systemui.overlay.fingerprint.anim.qy, com.android.systemui.overlay.fingerprint.anim.sw, com.android.systemui.overlay.fingerprint.anim.xw, com.android.systemui.overlay.fingerprint.anim.ccyh, com.android.systemui.overlay.fingerprint.anim.halo, com.android.systemui.overlay.fingerprint.anim.jslz, com.android.systemui.overlay.fingerprint.anim.none, com.android.systemui.overlay.fingerprint.anim.xklc]
